[INFO] Scanning for projects...
[INFO] Loaded 22577 auto-discovered prefixes for remote repository central (prefixes-central.txt)
[INFO] 
[INFO] ------------------------< com.jpmc:midas-core >-------------------------
[INFO] Building midas-core 1.0.0
[INFO]   from pom.xml
[INFO] --------------------------------[ jar ]---------------------------------
[INFO] Loaded 74 auto-discovered prefixes for remote repository apache.snapshots (prefixes-apache.snapshots-c1d4c55f9308e5ac18a4069bed41dca64d85c515.txt)
[INFO] 
[INFO] --- resources:3.3.1:resources (default-resources) @ midas-core ---
[INFO] skip non existing resourceDirectory /workspaces/forage-midas/src/main/resources
[INFO] skip non existing resourceDirectory /workspaces/forage-midas/src/main/resources
[INFO] 
[INFO] --- compiler:3.11.0:compile (default-compile) @ midas-core ---
[INFO] Nothing to compile - all classes are up to date
[INFO] 
[INFO] --- resources:3.3.1:testResources (default-testResources) @ midas-core ---
[INFO] Copying 5 resources from src/test/resources to target/test-classes
[INFO] 
[INFO] --- compiler:3.11.0:testCompile (default-testCompile) @ midas-core ---
[INFO] Nothing to compile - all classes are up to date
[INFO] 
[INFO] --- surefire:3.1.2:test (default-test) @ midas-core ---
[INFO] Using auto detected provider org.apache.maven.surefire.junitplatform.JUnitPlatformProvider
[INFO] 
[INFO] -------------------------------------------------------
[INFO]  T E S T S
[INFO] -------------------------------------------------------
[INFO] Running com.jpmc.midascore.TaskFiveTests
[INFO] [stdout] 08:35:13.487 [main] INFO org.springframework.test.context.support.AnnotationConfigContextLoaderUtils -- Could not detect default configuration classes for test class [com.jpmc.midascore.TaskFiveTests]: TaskFiveTests does not declare any static, non-private, non-final, nested classes annotated with @Configuration.
[INFO] [stdout] 08:35:13.622 [main] INFO org.springframework.boot.test.context.SpringBootTestContextBootstrapper -- Found @SpringBootConfiguration com.jpmc.midascore.MidasCoreApplication for test class com.jpmc.midascore.TaskFiveTests
[INFO] [stdout] 
[INFO] [stdout]   .   ____          _            __ _ _
[INFO] [stdout]  /\\ / ___'_ __ _ _(_)_ __  __ _ \ \ \ \
[INFO] [stdout] ( ( )\___ | '_ | '_| | '_ \/ _` | \ \ \ \
[INFO] [stdout]  \\/  ___)| |_)| | | | | || (_| |  ) ) ) )
[INFO] [stdout]   '  |____| .__|_| |_|_| |_\__, | / / / /
[INFO] [stdout]  =========|_|==============|___/=/_/_/_/
[INFO] [stdout]  :: Spring Boot ::                (v3.2.5)
[INFO] [stdout] 
[INFO] [stdout] 2026-04-20T08:35:14.850Z  INFO 18665 --- [           main] k.utils.Log4jControllerRegistration$     : Registered kafka:type=kafka.Log4jController MBean
[INFO] [stdout] 2026-04-20T08:35:14.883Z  INFO 18665 --- [           main] org.apache.zookeeper.common.X509Util     : Setting -D jdk.tls.rejectClientInitiatedRenegotiation=true to disable client-initiated TLS renegotiation
[INFO] [stdout] 2026-04-20T08:35:15.163Z  INFO 18665 --- [-kit-executor-1] kafka.server.ControllerServer            : Formatting /tmp/kafka-258122364909861766/controller_0 with metadata.version 3.3-IV0.
[INFO] [stdout] 2026-04-20T08:35:15.165Z  INFO 18665 --- [-kit-executor-2] kafka.server.ControllerServer            : [ControllerServer id=0] Starting controller
[INFO] [stdout] 2026-04-20T08:35:15.167Z  INFO 18665 --- [-kit-executor-3] kafka.server.BrokerServer                : [BrokerServer id=0] Transition from SHUTDOWN to STARTING
[INFO] [stdout] 2026-04-20T08:35:15.168Z  INFO 18665 --- [-kit-executor-3] kafka.server.SharedServer                : [SharedServer id=0] Starting SharedServer
[INFO] [stdout] 2026-04-20T08:35:15.221Z  INFO 18665 --- [-kit-executor-2] o.a.k.s.network.EndpointReadyFutures     : authorizerStart completed for endpoint CONTROLLER. Endpoint is now READY.
[INFO] [stdout] 2026-04-20T08:35:15.358Z  INFO 18665 --- [-kit-executor-3] kafka.log.UnifiedLog$                    : [LogLoader partition=__cluster_metadata-0, dir=/tmp/kafka-258122364909861766/controller_0] Loading producer state till offset 0 with message format version 2
[INFO] [stdout] 2026-04-20T08:35:15.362Z  INFO 18665 --- [-kit-executor-3] kafka.log.UnifiedLog$                    : [LogLoader partition=__cluster_metadata-0, dir=/tmp/kafka-258122364909861766/controller_0] Reloading from producer snapshot and rebuilding producer state from offset 0
[INFO] [stdout] 2026-04-20T08:35:15.362Z  INFO 18665 --- [-kit-executor-3] kafka.log.UnifiedLog$                    : [LogLoader partition=__cluster_metadata-0, dir=/tmp/kafka-258122364909861766/controller_0] Producer state recovery took 0ms for snapshot load and 0ms for segment recovery from offset 0
[INFO] [stdout] 2026-04-20T08:35:15.412Z  INFO 18665 --- [-kit-executor-3] kafka.raft.KafkaMetadataLog$             : Initialized snapshots with IDs SortedSet() from /tmp/kafka-258122364909861766/controller_0/__cluster_metadata-0
[INFO] [stdout] 2026-04-20T08:35:15.447Z  INFO 18665 --- [piration-reaper] ExpirationService$ExpiredOperationReaper : [raft-expiration-reaper]: Starting
[INFO] [stdout] 2026-04-20T08:35:15.506Z  INFO 18665 --- [-kit-executor-3] org.apache.kafka.raft.QuorumState        : [RaftManager id=0] Completed transition to Unattached(epoch=0, voters=[0], electionTimeoutMs=1740) from null
[INFO] [stdout] 2026-04-20T08:35:15.516Z  INFO 18665 --- [-kit-executor-3] org.apache.kafka.raft.QuorumState        : [RaftManager id=0] Completed transition to CandidateState(localId=0, epoch=1, retries=1, voteStates={0=GRANTED}, highWatermark=Optional.empty, electionTimeoutMs=1894) from Unattached(epoch=0, voters=[0], electionTimeoutMs=1740)
[INFO] [stdout] 2026-04-20T08:35:15.521Z  INFO 18665 --- [-kit-executor-3] org.apache.kafka.raft.QuorumState        : [RaftManager id=0] Completed transition to Leader(localId=0, epoch=1, epochStartOffset=0, highWatermark=Optional.empty, voterStates={0=ReplicaState(nodeId=0, endOffset=Optional.empty, lastFetchTimestamp=-1, lastCaughtUpTimestamp=-1, hasAcknowledgedLeader=true)}) from CandidateState(localId=0, epoch=1, retries=1, voteStates={0=GRANTED}, highWatermark=Optional.empty, electionTimeoutMs=1894)
[INFO] [stdout] 2026-04-20T08:35:15.772Z  INFO 18665 --- [-kit-executor-2] kafka.network.ConnectionQuotas           : Updated connection-accept-rate max connection creation rate to 2147483647
[INFO] [stdout] 2026-04-20T08:35:15.788Z  INFO 18665 --- [-kit-executor-2] kafka.network.DataPlaneAcceptor          : Awaiting socket connections on localhost:45365.
[INFO] [stdout] 2026-04-20T08:35:15.789Z  INFO 18665 --- [-kit-executor-2] kafka.network.DataPlaneAcceptor          : Opened wildcard endpoint localhost:45365
[INFO] [stdout] 2026-04-20T08:35:15.810Z  INFO 18665 --- [-kit-executor-2] kafka.network.SocketServer               : [SocketServer listenerType=CONTROLLER, nodeId=0] Created data-plane acceptor and processors for endpoint : ListenerName(CONTROLLER)
[INFO] [stdout] 2026-04-20T08:35:15.820Z  INFO 18665 --- [-request-thread] kafka.raft.RaftSendThread                : [kafka-0-raft-outbound-request-thread]: Starting
[INFO] [stdout] 2026-04-20T08:35:15.823Z  INFO 18665 --- [-raft-io-thread] k.raft.KafkaRaftManager$RaftIoThread     : [kafka-0-raft-io-thread]: Starting
[INFO] [stdout] 2026-04-20T08:35:15.862Z  INFO 18665 --- [-raft-io-thread] org.apache.kafka.raft.LeaderState        : [RaftManager id=0] High watermark set to LogOffsetMetadata(offset=1, metadata=Optional[(segmentBaseOffset=0,relativePositionInSegment=91)]) for the first time for epoch 1 based on indexOfHw 0 and voters [ReplicaState(nodeId=0, endOffset=Optional[LogOffsetMetadata(offset=1, metadata=Optional[(segmentBaseOffset=0,relativePositionInSegment=91)])], lastFetchTimestamp=-1, lastCaughtUpTimestamp=-1, hasAcknowledgedLeader=true)]
[INFO] [stdout] 2026-04-20T08:35:15.872Z  INFO 18665 --- [r-event-handler] o.a.kafka.image.loader.MetadataLoader    : [MetadataLoader id=0] initializeNewPublishers: The loader is still catching up because we have loaded up to offset -1, but the high water mark is 1
[INFO] [stdout] 2026-04-20T08:35:15.874Z  INFO 18665 --- [-kit-executor-3] kafka.server.BrokerServer                : [BrokerServer id=0] Starting broker
[INFO] [stdout] 2026-04-20T08:35:15.875Z  INFO 18665 --- [-kit-executor-2] kafka.server.ControllerServer            : [ControllerServer id=0] Waiting for controller quorum voters future
[INFO] [stdout] 2026-04-20T08:35:15.877Z  INFO 18665 --- [-kit-executor-2] kafka.server.ControllerServer            : [ControllerServer id=0] Finished waiting for controller quorum voters future
[INFO] [stdout] 2026-04-20T08:35:15.882Z  INFO 18665 --- [-raft-io-thread] org.apache.kafka.raft.KafkaRaftClient    : [RaftManager id=0] Registered the listener org.apache.kafka.image.loader.MetadataLoader@1544959087
[INFO] [stdout] 2026-04-20T08:35:15.904Z  INFO 18665 --- [r-event-handler] o.a.kafka.image.loader.MetadataLoader    : [MetadataLoader id=0] maybePublishMetadata(LOG_DELTA): The loader is still catching up because we have not loaded a controller record as of offset 0 and high water mark is 1
[INFO] [stdout] 2026-04-20T08:35:15.915Z  INFO 18665 --- [nelReaper-Fetch] lientQuotaManager$ThrottledChannelReaper : [broker-0-ThrottledChannelReaper-Fetch]: Starting
[INFO] [stdout] 2026-04-20T08:35:15.917Z  INFO 18665 --- [lReaper-Produce] lientQuotaManager$ThrottledChannelReaper : [broker-0-ThrottledChannelReaper-Produce]: Starting
[INFO] [stdout] 2026-04-20T08:35:15.920Z  INFO 18665 --- [lReaper-Request] lientQuotaManager$ThrottledChannelReaper : [broker-0-ThrottledChannelReaper-Request]: Starting
[INFO] [stdout] 2026-04-20T08:35:15.924Z  INFO 18665 --- [trollerMutation] lientQuotaManager$ThrottledChannelReaper : [broker-0-ThrottledChannelReaper-ControllerMutation]: Starting
[INFO] [stdout] 2026-04-20T08:35:15.940Z  INFO 18665 --- [-kit-executor-2] o.a.kafka.controller.QuorumController    : [QuorumController id=0] Creating new QuorumController with clusterId opu8g3owRKyOfnHiV3PaCw.
[INFO] [stdout] 2026-04-20T08:35:15.940Z  INFO 18665 --- [-raft-io-thread] org.apache.kafka.raft.KafkaRaftClient    : [RaftManager id=0] Registered the listener org.apache.kafka.controller.QuorumController$QuorumMetaLogListener@1780197301
[INFO] [stdout] 2026-04-20T08:35:15.944Z  INFO 18665 --- [0-event-handler] o.a.kafka.controller.QuorumController    : [QuorumController id=0] Becoming the active controller at epoch 1, next write offset 1.
[INFO] [stdout] 2026-04-20T08:35:15.946Z  INFO 18665 --- [nelReaper-Fetch] lientQuotaManager$ThrottledChannelReaper : [controller-0-ThrottledChannelReaper-Fetch]: Starting
[INFO] [stdout] 2026-04-20T08:35:15.946Z  INFO 18665 --- [lReaper-Produce] lientQuotaManager$ThrottledChannelReaper : [controller-0-ThrottledChannelReaper-Produce]: Starting
[INFO] [stdout] 2026-04-20T08:35:15.947Z  INFO 18665 --- [lReaper-Request] lientQuotaManager$ThrottledChannelReaper : [controller-0-ThrottledChannelReaper-Request]: Starting
[INFO] [stdout] 2026-04-20T08:35:15.948Z  INFO 18665 --- [trollerMutation] lientQuotaManager$ThrottledChannelReaper : [controller-0-ThrottledChannelReaper-ControllerMutation]: Starting
[INFO] [stdout] 2026-04-20T08:35:15.957Z  WARN 18665 --- [0-event-handler] o.a.kafka.controller.QuorumController    : [QuorumController id=0] Performing controller activation. The metadata log appears to be empty. Appending 1 bootstrap record(s) in metadata transaction at metadata.version 3.6-IV2 from bootstrap source 'testkit'. Setting the ZK migration state to NONE since this is a de-novo KRaft cluster.
[INFO] [stdout] 2026-04-20T08:35:15.959Z  INFO 18665 --- [-kit-executor-3] kafka.log.LogManager                     : Log directory /tmp/kafka-258122364909861766/broker_0_data0 not found, creating it.
[INFO] [stdout] 2026-04-20T08:35:15.963Z  INFO 18665 --- [0-event-handler] o.a.k.controller.OffsetControlManager    : [QuorumController id=0] Replayed BeginTransactionRecord(name='Bootstrap records') at offset 1.
[INFO] [stdout] 2026-04-20T08:35:15.964Z  INFO 18665 --- [0-event-handler] o.a.k.controller.FeatureControlManager   : [QuorumController id=0] Replayed a FeatureLevelRecord setting metadata version to 3.6-IV2
[INFO] [stdout] 2026-04-20T08:35:15.964Z  INFO 18665 --- [0-event-handler] o.a.k.controller.OffsetControlManager    : [QuorumController id=0] Replayed EndTransactionRecord() at offset 4.
[INFO] [stdout] 2026-04-20T08:35:15.970Z  INFO 18665 --- [-kit-executor-3] kafka.server.BrokerServer                : [BrokerServer id=0] Waiting for controller quorum voters future
[INFO] [stdout] 2026-04-20T08:35:15.970Z  INFO 18665 --- [-kit-executor-3] kafka.server.BrokerServer                : [BrokerServer id=0] Finished waiting for controller quorum voters future
[INFO] [stdout] 2026-04-20T08:35:15.974Z  INFO 18665 --- [r-event-handler] o.a.kafka.image.loader.MetadataLoader    : [MetadataLoader id=0] initializeNewPublishers: The loader finished catching up to the current high water mark of 1
[INFO] [stdout] 2026-04-20T08:35:15.986Z  INFO 18665 --- [r-event-handler] o.a.kafka.image.loader.MetadataLoader    : [MetadataLoader id=0] InitializeNewPublishers: initializing SnapshotGenerator with a snapshot at offset 0
[INFO] [stdout] 2026-04-20T08:35:15.987Z  INFO 18665 --- [per-0-AlterAcls] perationPurgatory$ExpiredOperationReaper : [ExpirationReaper-0-AlterAcls]: Starting
[INFO] [stdout] 2026-04-20T08:35:15.988Z  INFO 18665 --- [channel-manager] k.s.BrokerToControllerRequestThread      : [broker-0-to-controller-forwarding-channel-manager]: Starting
[INFO] [stdout] 2026-04-20T08:35:15.988Z  INFO 18665 --- [channel-manager] k.s.BrokerToControllerRequestThread      : [broker-0-to-controller-forwarding-channel-manager]: Recorded new controller, from now on will use node localhost:45365 (id: 0 rack: null)
[INFO] [stdout] 2026-04-20T08:35:16.006Z  INFO 18665 --- [-kit-executor-2] kafka.server.ControllerServer            : [ControllerServer id=0] Waiting for the controller metadata publishers to be installed
[INFO] [stdout] 2026-04-20T08:35:16.006Z  INFO 18665 --- [-kit-executor-2] kafka.server.ControllerServer            : [ControllerServer id=0] Finished waiting for the controller metadata publishers to be installed
[INFO] [stdout] 2026-04-20T08:35:16.007Z  INFO 18665 --- [r-event-handler] o.a.kafka.image.loader.MetadataLoader    : [MetadataLoader id=0] InitializeNewPublishers: initializing FeaturesPublisher with a snapshot at offset 4
[INFO] [stdout] 2026-04-20T08:35:16.007Z  INFO 18665 --- [r-event-handler] o.a.kafka.image.loader.MetadataLoader    : [MetadataLoader id=0] InitializeNewPublishers: initializing DynamicConfigPublisher controller id=0 with a snapshot at offset 4
[INFO] [stdout] 2026-04-20T08:35:16.008Z  INFO 18665 --- [r-event-handler] o.a.kafka.image.loader.MetadataLoader    : [MetadataLoader id=0] InitializeNewPublishers: initializing DynamicClientQuotaPublisher controller id=0 with a snapshot at offset 4
[INFO] [stdout] 2026-04-20T08:35:16.008Z  INFO 18665 --- [r-event-handler] o.a.kafka.image.loader.MetadataLoader    : [MetadataLoader id=0] InitializeNewPublishers: initializing ScramPublisher controller id=0 with a snapshot at offset 4
[INFO] [stdout] 2026-04-20T08:35:16.009Z  INFO 18665 --- [-kit-executor-2] kafka.network.SocketServer               : [SocketServer listenerType=CONTROLLER, nodeId=0] Enabling request processing.
[INFO] [stdout] 2026-04-20T08:35:16.011Z  INFO 18665 --- [r-event-handler] o.a.kafka.image.loader.MetadataLoader    : [MetadataLoader id=0] InitializeNewPublishers: initializing DelegationTokenPublisher controller id=0 with a snapshot at offset 4
[INFO] [stdout] 2026-04-20T08:35:16.014Z  INFO 18665 --- [-kit-executor-2] kafka.server.ControllerServer            : [ControllerServer id=0] Waiting for all of the authorizer futures to be completed
[INFO] [stdout] 2026-04-20T08:35:16.014Z  INFO 18665 --- [-kit-executor-2] kafka.server.ControllerServer            : [ControllerServer id=0] Finished waiting for all of the authorizer futures to be completed
[INFO] [stdout] 2026-04-20T08:35:16.014Z  INFO 18665 --- [-kit-executor-2] kafka.server.ControllerServer            : [ControllerServer id=0] Waiting for all of the SocketServer Acceptors to be started
[INFO] [stdout] 2026-04-20T08:35:16.014Z  INFO 18665 --- [-kit-executor-2] kafka.server.ControllerServer            : [ControllerServer id=0] Finished waiting for all of the SocketServer Acceptors to be started
[INFO] [stdout] 2026-04-20T08:35:16.015Z  INFO 18665 --- [r-event-handler] o.a.kafka.image.loader.MetadataLoader    : [MetadataLoader id=0] InitializeNewPublishers: initializing ControllerMetadataMetricsPublisher with a snapshot at offset 4
[INFO] [stdout] 2026-04-20T08:35:16.041Z  INFO 18665 --- [r-event-handler] o.a.kafka.image.loader.MetadataLoader    : [MetadataLoader id=0] InitializeNewPublishers: initializing AclPublisher controller id=0 with a snapshot at offset 4
[INFO] [stdout] 2026-04-20T08:35:16.078Z  INFO 18665 --- [-kit-executor-3] kafka.network.ConnectionQuotas           : Updated connection-accept-rate max connection creation rate to 2147483647
[INFO] [stdout] 2026-04-20T08:35:16.078Z  INFO 18665 --- [-kit-executor-3] kafka.network.DataPlaneAcceptor          : Awaiting socket connections on localhost:37193.
[INFO] [stdout] 2026-04-20T08:35:16.080Z  INFO 18665 --- [-kit-executor-3] kafka.network.DataPlaneAcceptor          : Opened wildcard endpoint localhost:37193
[INFO] [stdout] 2026-04-20T08:35:16.085Z  INFO 18665 --- [-kit-executor-3] kafka.network.SocketServer               : [SocketServer listenerType=BROKER, nodeId=0] Created data-plane acceptor and processors for endpoint : ListenerName(EXTERNAL)
[INFO] [stdout] 2026-04-20T08:35:16.094Z  INFO 18665 --- [channel-manager] k.s.BrokerToControllerRequestThread      : [broker-0-to-controller-alter-partition-channel-manager]: Starting
[INFO] [stdout] 2026-04-20T08:35:16.094Z  INFO 18665 --- [channel-manager] k.s.BrokerToControllerRequestThread      : [broker-0-to-controller-alter-partition-channel-manager]: Recorded new controller, from now on will use node localhost:45365 (id: 0 rack: null)
[INFO] [stdout] 2026-04-20T08:35:16.113Z  INFO 18665 --- [eaper-0-Produce] perationPurgatory$ExpiredOperationReaper : [ExpirationReaper-0-Produce]: Starting
[INFO] [stdout] 2026-04-20T08:35:16.115Z  INFO 18665 --- [nReaper-0-Fetch] perationPurgatory$ExpiredOperationReaper : [ExpirationReaper-0-Fetch]: Starting
[INFO] [stdout] 2026-04-20T08:35:16.116Z  INFO 18665 --- [0-DeleteRecords] perationPurgatory$ExpiredOperationReaper : [ExpirationReaper-0-DeleteRecords]: Starting
[INFO] [stdout] 2026-04-20T08:35:16.116Z  INFO 18665 --- [r-0-ElectLeader] perationPurgatory$ExpiredOperationReaper : [ExpirationReaper-0-ElectLeader]: Starting
[INFO] [stdout] 2026-04-20T08:35:16.119Z  INFO 18665 --- [r-0-RemoteFetch] perationPurgatory$ExpiredOperationReaper : [ExpirationReaper-0-RemoteFetch]: Starting
[INFO] [stdout] 2026-04-20T08:35:16.137Z  INFO 18665 --- [per-0-Rebalance] perationPurgatory$ExpiredOperationReaper : [ExpirationReaper-0-Rebalance]: Starting
[INFO] [stdout] 2026-04-20T08:35:16.138Z  INFO 18665 --- [per-0-Heartbeat] perationPurgatory$ExpiredOperationReaper : [ExpirationReaper-0-Heartbeat]: Starting
[INFO] [stdout] 2026-04-20T08:35:16.185Z  INFO 18665 --- [channel-manager] k.s.BrokerToControllerRequestThread      : [broker-0-to-controller-heartbeat-channel-manager]: Starting
[INFO] [stdout] 2026-04-20T08:35:16.185Z  INFO 18665 --- [channel-manager] k.s.BrokerToControllerRequestThread      : [broker-0-to-controller-heartbeat-channel-manager]: Recorded new controller, from now on will use node localhost:45365 (id: 0 rack: null)
[INFO] [stdout] 2026-04-20T08:35:16.188Z  INFO 18665 --- [r-event-handler] kafka.server.BrokerLifecycleManager      : [BrokerLifecycleManager id=0] Incarnation VITAJp3lQM-YbMFNXlQvfw of broker 0 in cluster opu8g3owRKyOfnHiV3PaCw is now STARTING.
[INFO] [stdout] 2026-04-20T08:35:16.246Z  INFO 18665 --- [per-0-AlterAcls] perationPurgatory$ExpiredOperationReaper : [ExpirationReaper-0-AlterAcls]: Starting
[INFO] [stdout] 2026-04-20T08:35:16.298Z  INFO 18665 --- [r-event-handler] o.a.kafka.image.loader.MetadataLoader    : [MetadataLoader id=0] InitializeNewPublishers: initializing BrokerMetadataPublisher with a snapshot at offset 4
[INFO] [stdout] 2026-04-20T08:35:16.299Z  INFO 18665 --- [r-event-handler] k.s.metadata.BrokerMetadataPublisher     : [BrokerMetadataPublisher id=0] Publishing initial metadata at offset OffsetAndEpoch(offset=4, epoch=1) with metadata.version 3.6-IV2.
[INFO] [stdout] 2026-04-20T08:35:16.299Z  INFO 18665 --- [-kit-executor-3] kafka.server.BrokerServer                : [BrokerServer id=0] Waiting for the broker metadata publishers to be installed
[INFO] [stdout] 2026-04-20T08:35:16.300Z  INFO 18665 --- [-kit-executor-3] kafka.server.BrokerServer                : [BrokerServer id=0] Finished waiting for the broker metadata publishers to be installed
[INFO] [stdout] 2026-04-20T08:35:16.300Z  INFO 18665 --- [-kit-executor-3] kafka.server.BrokerServer                : [BrokerServer id=0] Waiting for the controller to acknowledge that we are caught up
[INFO] [stdout] 2026-04-20T08:35:16.300Z  INFO 18665 --- [r-event-handler] kafka.log.LogManager                     : Loading logs from log dirs ArraySeq(/tmp/kafka-258122364909861766/broker_0_data0)
[INFO] [stdout] 2026-04-20T08:35:16.308Z  INFO 18665 --- [r-event-handler] kafka.log.LogManager                     : No logs found to be loaded in /tmp/kafka-258122364909861766/broker_0_data0
[INFO] [stdout] 2026-04-20T08:35:16.329Z  INFO 18665 --- [r-event-handler] kafka.log.LogManager                     : Loaded 0 logs in 24ms
[INFO] [stdout] 2026-04-20T08:35:16.330Z  INFO 18665 --- [r-event-handler] kafka.log.LogManager                     : Starting log cleanup with a period of 300000 ms.
[INFO] [stdout] 2026-04-20T08:35:16.334Z  INFO 18665 --- [r-event-handler] kafka.log.LogManager                     : Starting log flusher with a default period of 9223372036854775807 ms.
[INFO] [stdout] 2026-04-20T08:35:16.352Z  INFO 18665 --- [0-event-handler] o.a.k.controller.ClusterControlManager   : [QuorumController id=0] Replayed initial RegisterBrokerRecord for broker 0: RegisterBrokerRecord(brokerId=0, isMigratingZkBroker=false, incarnationId=VITAJp3lQM-YbMFNXlQvfw, brokerEpoch=5, endPoints=[BrokerEndpoint(name='EXTERNAL', host='localhost', port=37193, securityProtocol=0)], features=[BrokerFeature(name='metadata.version', minSupportedVersion=1, maxSupportedVersion=14)], rack=null, fenced=true, inControlledShutdown=false)
[INFO] [stdout] 2026-04-20T08:35:16.363Z  INFO 18665 --- [r-event-handler] kafka.log.LogCleaner                     : Starting the log cleaner
[INFO] [stdout] 2026-04-20T08:35:16.373Z  INFO 18665 --- [leaner-thread-0] kafka.log.LogCleaner$CleanerThread       : [kafka-log-cleaner-thread-0]: Starting
[INFO] [stdout] 2026-04-20T08:35:16.380Z  INFO 18665 --- [rFailureHandler] k.s.ReplicaManager$LogDirFailureHandler  : [LogDirFailureHandler]: Starting
[INFO] [stdout] 2026-04-20T08:35:16.381Z  INFO 18665 --- [r-event-handler] k.coordinator.group.GroupCoordinator     : [GroupCoordinator 0]: Starting up.
[INFO] [stdout] 2026-04-20T08:35:16.383Z  INFO 18665 --- [nSenderThread-0] kafka.server.AddPartitionsToTxnManager   : [AddPartitionsToTxnSenderThread-0]: Starting
[INFO] [stdout] 2026-04-20T08:35:16.387Z  INFO 18665 --- [channel-manager] kafka.server.BrokerLifecycleManager      : [BrokerLifecycleManager id=0] Successfully registered broker 0 with broker epoch 5
[INFO] [stdout] 2026-04-20T08:35:16.389Z  INFO 18665 --- [r-event-handler] k.coordinator.group.GroupCoordinator     : [GroupCoordinator 0]: Startup complete.
[INFO] [stdout] 2026-04-20T08:35:16.389Z  INFO 18665 --- [r-event-handler] k.c.transaction.TransactionCoordinator   : [TransactionCoordinator id=0] Starting up.
[INFO] [stdout] 2026-04-20T08:35:16.400Z  INFO 18665 --- [r-event-handler] k.c.transaction.TransactionCoordinator   : [TransactionCoordinator id=0] Startup complete.
[INFO] [stdout] 2026-04-20T08:35:16.401Z  INFO 18665 --- [rSenderThread-0] k.c.t.TransactionMarkerChannelManager    : [TxnMarkerSenderThread-0]: Starting
[INFO] [stdout] 2026-04-20T08:35:16.401Z  INFO 18665 --- [r-event-handler] k.s.metadata.BrokerMetadataPublisher     : [BrokerMetadataPublisher id=0] Updating metadata.version to 14 at offset OffsetAndEpoch(offset=4, epoch=1).
[INFO] [stdout] 2026-04-20T08:35:16.420Z  INFO 18665 --- [channel-manager] kafka.server.BrokerLifecycleManager      : [BrokerLifecycleManager id=0] The broker has caught up. Transitioning from STARTING to RECOVERY.
[INFO] [stdout] 2026-04-20T08:35:16.420Z  INFO 18665 --- [-kit-executor-3] kafka.server.BrokerServer                : [BrokerServer id=0] Finished waiting for the controller to acknowledge that we are caught up
[INFO] [stdout] 2026-04-20T08:35:16.420Z  INFO 18665 --- [-kit-executor-3] kafka.server.BrokerServer                : [BrokerServer id=0] Waiting for the initial broker metadata update to be published
[INFO] [stdout] 2026-04-20T08:35:16.420Z  INFO 18665 --- [-kit-executor-3] kafka.server.BrokerServer                : [BrokerServer id=0] Finished waiting for the initial broker metadata update to be published
[INFO] [stdout] 2026-04-20T08:35:16.421Z  INFO 18665 --- [-kit-executor-3] kafka.server.KafkaConfig                 : KafkaConfig values: 
[INFO] [stdout] 	advertised.listeners = null
[INFO] [stdout] 	alter.config.policy.class.name = null
[INFO] [stdout] 	alter.log.dirs.replication.quota.window.num = 11
[INFO] [stdout] 	alter.log.dirs.replication.quota.window.size.seconds = 1
[INFO] [stdout] 	authorizer.class.name = 
[INFO] [stdout] 	auto.create.topics.enable = true
[INFO] [stdout] 	auto.include.jmx.reporter = true
[INFO] [stdout] 	auto.leader.rebalance.enable = true
[INFO] [stdout] 	background.threads = 10
[INFO] [stdout] 	broker.heartbeat.interval.ms = 2000
[INFO] [stdout] 	broker.id = 0
[INFO] [stdout] 	broker.id.generation.enable = true
[INFO] [stdout] 	broker.rack = null
[INFO] [stdout] 	broker.session.timeout.ms = 9000
[INFO] [stdout] 	client.quota.callback.class = null
[INFO] [stdout] 	compression.type = producer
[INFO] [stdout] 	connection.failed.authentication.delay.ms = 100
[INFO] [stdout] 	connections.max.idle.ms = 600000
[INFO] [stdout] 	connections.max.reauth.ms = 0
[INFO] [stdout] 	control.plane.listener.name = null
[INFO] [stdout] 	controlled.shutdown.enable = true
[INFO] [stdout] 	controlled.shutdown.max.retries = 3
[INFO] [stdout] 	controlled.shutdown.retry.backoff.ms = 5000
[INFO] [stdout] 	controller.listener.names = CONTROLLER
[INFO] [stdout] 	controller.quorum.append.linger.ms = 25
[INFO] [stdout] 	controller.quorum.election.backoff.max.ms = 1000
[INFO] [stdout] 	controller.quorum.election.timeout.ms = 1000
[INFO] [stdout] 	controller.quorum.fetch.timeout.ms = 2000
[INFO] [stdout] 	controller.quorum.request.timeout.ms = 2000
[INFO] [stdout] 	controller.quorum.retry.backoff.ms = 20
[INFO] [stdout] 	controller.quorum.voters = [0@0.0.0.0:0]
[INFO] [stdout] 	controller.quota.window.num = 11
[INFO] [stdout] 	controller.quota.window.size.seconds = 1
[INFO] [stdout] 	controller.socket.timeout.ms = 30000
[INFO] [stdout] 	create.topic.policy.class.name = null
[INFO] [stdout] 	default.replication.factor = 1
[INFO] [stdout] 	delegation.token.expiry.check.interval.ms = 3600000
[INFO] [stdout] 	delegation.token.expiry.time.ms = 86400000
[INFO] [stdout] 	delegation.token.master.key = null
[INFO] [stdout] 	delegation.token.max.lifetime.ms = 604800000
[INFO] [stdout] 	delegation.token.secret.key = null
[INFO] [stdout] 	delete.records.purgatory.purge.interval.requests = 1
[INFO] [stdout] 	delete.topic.enable = true
[INFO] [stdout] 	early.start.listeners = null
[INFO] [stdout] 	fetch.max.bytes = 57671680
[INFO] [stdout] 	fetch.purgatory.purge.interval.requests = 1000
[INFO] [stdout] 	group.consumer.assignors = [org.apache.kafka.coordinator.group.assignor.RangeAssignor]
[INFO] [stdout] 	group.consumer.heartbeat.interval.ms = 5000
[INFO] [stdout] 	group.consumer.max.heartbeat.interval.ms = 15000
[INFO] [stdout] 	group.consumer.max.session.timeout.ms = 60000
[INFO] [stdout] 	group.consumer.max.size = 2147483647
[INFO] [stdout] 	group.consumer.min.heartbeat.interval.ms = 5000
[INFO] [stdout] 	group.consumer.min.session.timeout.ms = 45000
[INFO] [stdout] 	group.consumer.session.timeout.ms = 45000
[INFO] [stdout] 	group.coordinator.new.enable = false
[INFO] [stdout] 	group.coordinator.threads = 1
[INFO] [stdout] 	group.initial.rebalance.delay.ms = 0
[INFO] [stdout] 	group.max.session.timeout.ms = 1800000
[INFO] [stdout] 	group.max.size = 2147483647
[INFO] [stdout] 	group.min.session.timeout.ms = 6000
[INFO] [stdout] 	initial.broker.registration.timeout.ms = 60000
[INFO] [stdout] 	inter.broker.listener.name = EXTERNAL
[INFO] [stdout] 	inter.broker.protocol.version = 3.6-IV2
[INFO] [stdout] 	kafka.metrics.polling.interval.secs = 10
[INFO] [stdout] 	kafka.metrics.reporters = []
[INFO] [stdout] 	leader.imbalance.check.interval.seconds = 300
[INFO] [stdout] 	leader.imbalance.per.broker.percentage = 10
[INFO] [stdout] 	listener.security.protocol.map = EXTERNAL:PLAINTEXT,CONTROLLER:PLAINTEXT
[INFO] [stdout] 	listeners = EXTERNAL://localhost:0,CONTROLLER://localhost:0
[INFO] [stdout] 	log.cleaner.backoff.ms = 15000
[INFO] [stdout] 	log.cleaner.dedupe.buffer.size = 2097152
[INFO] [stdout] 	log.cleaner.delete.retention.ms = 86400000
[INFO] [stdout] 	log.cleaner.enable = true
[INFO] [stdout] 	log.cleaner.io.buffer.load.factor = 0.9
[INFO] [stdout] 	log.cleaner.io.buffer.size = 524288
[INFO] [stdout] 	log.cleaner.io.max.bytes.per.second = 1.7976931348623157E308
[INFO] [stdout] 	log.cleaner.max.compaction.lag.ms = 9223372036854775807
[INFO] [stdout] 	log.cleaner.min.cleanable.ratio = 0.5
[INFO] [stdout] 	log.cleaner.min.compaction.lag.ms = 0
[INFO] [stdout] 	log.cleaner.threads = 1
[INFO] [stdout] 	log.cleanup.policy = [delete]
[INFO] [stdout] 	log.dir = /tmp/kafka-logs
[INFO] [stdout] 	log.dirs = /tmp/kafka-258122364909861766/broker_0_data0
[INFO] [stdout] 	log.flush.interval.messages = 9223372036854775807
[INFO] [stdout] 	log.flush.interval.ms = null
[INFO] [stdout] 	log.flush.offset.checkpoint.interval.ms = 60000
[INFO] [stdout] 	log.flush.scheduler.interval.ms = 9223372036854775807
[INFO] [stdout] 	log.flush.start.offset.checkpoint.interval.ms = 60000
[INFO] [stdout] 	log.index.interval.bytes = 4096
[INFO] [stdout] 	log.index.size.max.bytes = 10485760
[INFO] [stdout] 	log.local.retention.bytes = -2
[INFO] [stdout] 	log.local.retention.ms = -2
[INFO] [stdout] 	log.message.downconversion.enable = true
[INFO] [stdout] 	log.message.format.version = 3.0-IV1
[INFO] [stdout] 	log.message.timestamp.after.max.ms = 9223372036854775807
[INFO] [stdout] 	log.message.timestamp.before.max.ms = 9223372036854775807
[INFO] [stdout] 	log.message.timestamp.difference.max.ms = 9223372036854775807
[INFO] [stdout] 	log.message.timestamp.type = CreateTime
[INFO] [stdout] 	log.preallocate = false
[INFO] [stdout] 	log.retention.bytes = -1
[INFO] [stdout] 	log.retention.check.interval.ms = 300000
[INFO] [stdout] 	log.retention.hours = 168
[INFO] [stdout] 	log.retention.minutes = null
[INFO] [stdout] 	log.retention.ms = null
[INFO] [stdout] 	log.roll.hours = 168
[INFO] [stdout] 	log.roll.jitter.hours = 0
[INFO] [stdout] 	log.roll.jitter.ms = null
[INFO] [stdout] 	log.roll.ms = null
[INFO] [stdout] 	log.segment.bytes = 1073741824
[INFO] [stdout] 	log.segment.delete.delay.ms = 60000
[INFO] [stdout] 	max.connection.creation.rate = 2147483647
[INFO] [stdout] 	max.connections = 2147483647
[INFO] [stdout] 	max.connections.per.ip = 2147483647
[INFO] [stdout] 	max.connections.per.ip.overrides = 
[INFO] [stdout] 	max.incremental.fetch.session.cache.slots = 1000
[INFO] [stdout] 	message.max.bytes = 1048588
[INFO] [stdout] 	metadata.log.dir = /tmp/kafka-258122364909861766/controller_0
[INFO] [stdout] 	metadata.log.max.record.bytes.between.snapshots = 20971520
[INFO] [stdout] 	metadata.log.max.snapshot.interval.ms = 3600000
[INFO] [stdout] 	metadata.log.segment.bytes = 1073741824
[INFO] [stdout] 	metadata.log.segment.min.bytes = 8388608
[INFO] [stdout] 	metadata.log.segment.ms = 604800000
[INFO] [stdout] 	metadata.max.idle.interval.ms = 500
[INFO] [stdout] 	metadata.max.retention.bytes = 104857600
[INFO] [stdout] 	metadata.max.retention.ms = 604800000
[INFO] [stdout] 	metric.reporters = []
[INFO] [stdout] 	metrics.num.samples = 2
[INFO] [stdout] 	metrics.recording.level = INFO
[INFO] [stdout] 	metrics.sample.window.ms = 30000
[INFO] [stdout] 	min.insync.replicas = 1
[INFO] [stdout] 	node.id = 0
[INFO] [stdout] 	num.io.threads = 8
[INFO] [stdout] 	num.network.threads = 3
[INFO] [stdout] 	num.partitions = 1
[INFO] [stdout] 	num.recovery.threads.per.data.dir = 1
[INFO] [stdout] 	num.replica.alter.log.dirs.threads = null
[INFO] [stdout] 	num.replica.fetchers = 1
[INFO] [stdout] 	offset.metadata.max.bytes = 4096
[INFO] [stdout] 	offsets.commit.required.acks = -1
[INFO] [stdout] 	offsets.commit.timeout.ms = 5000
[INFO] [stdout] 	offsets.load.buffer.size = 5242880
[INFO] [stdout] 	offsets.retention.check.interval.ms = 600000
[INFO] [stdout] 	offsets.retention.minutes = 10080
[INFO] [stdout] 	offsets.topic.compression.codec = 0
[INFO] [stdout] 	offsets.topic.num.partitions = 50
[INFO] [stdout] 	offsets.topic.replication.factor = 1
[INFO] [stdout] 	offsets.topic.segment.bytes = 104857600
[INFO] [stdout] 	password.encoder.cipher.algorithm = AES/CBC/PKCS5Padding
[INFO] [stdout] 	password.encoder.iterations = 4096
[INFO] [stdout] 	password.encoder.key.length = 128
[INFO] [stdout] 	password.encoder.keyfactory.algorithm = null
[INFO] [stdout] 	password.encoder.old.secret = null
[INFO] [stdout] 	password.encoder.secret = null
[INFO] [stdout] 	principal.builder.class = class org.apache.kafka.common.security.authenticator.DefaultKafkaPrincipalBuilder
[INFO] [stdout] 	process.roles = [broker, controller]
[INFO] [stdout] 	producer.id.expiration.check.interval.ms = 600000
[INFO] [stdout] 	producer.id.expiration.ms = 86400000
[INFO] [stdout] 	producer.purgatory.purge.interval.requests = 1000
[INFO] [stdout] 	queued.max.request.bytes = -1
[INFO] [stdout] 	queued.max.requests = 500
[INFO] [stdout] 	quota.window.num = 11
[INFO] [stdout] 	quota.window.size.seconds = 1
[INFO] [stdout] 	remote.log.index.file.cache.total.size.bytes = 1073741824
[INFO] [stdout] 	remote.log.manager.task.interval.ms = 30000
[INFO] [stdout] 	remote.log.manager.task.retry.backoff.max.ms = 30000
[INFO] [stdout] 	remote.log.manager.task.retry.backoff.ms = 500
[INFO] [stdout] 	remote.log.manager.task.retry.jitter = 0.2
[INFO] [stdout] 	remote.log.manager.thread.pool.size = 10
[INFO] [stdout] 	remote.log.metadata.custom.metadata.max.bytes = 128
[INFO] [stdout] 	remote.log.metadata.manager.class.name = org.apache.kafka.server.log.remote.metadata.storage.TopicBasedRemoteLogMetadataManager
[INFO] [stdout] 	remote.log.metadata.manager.class.path = null
[INFO] [stdout] 	remote.log.metadata.manager.impl.prefix = rlmm.config.
[INFO] [stdout] 	remote.log.metadata.manager.listener.name = null
[INFO] [stdout] 	remote.log.reader.max.pending.tasks = 100
[INFO] [stdout] 	remote.log.reader.threads = 10
[INFO] [stdout] 	remote.log.storage.manager.class.name = null
[INFO] [stdout] 	remote.log.storage.manager.class.path = null
[INFO] [stdout] 	remote.log.storage.manager.impl.prefix = rsm.config.
[INFO] [stdout] 	remote.log.storage.system.enable = false
[INFO] [stdout] 	replica.fetch.backoff.ms = 1000
[INFO] [stdout] 	replica.fetch.max.bytes = 1048576
[INFO] [stdout] 	replica.fetch.min.bytes = 1
[INFO] [stdout] 	replica.fetch.response.max.bytes = 10485760
[INFO] [stdout] 	replica.fetch.wait.max.ms = 500
[INFO] [stdout] 	replica.high.watermark.checkpoint.interval.ms = 5000
[INFO] [stdout] 	replica.lag.time.max.ms = 30000
[INFO] [stdout] 	replica.selector.class = null
[INFO] [stdout] 	replica.socket.receive.buffer.bytes = 65536
[INFO] [stdout] 	replica.socket.timeout.ms = 30000
[INFO] [stdout] 	replication.quota.window.num = 11
[INFO] [stdout] 	replication.quota.window.size.seconds = 1
[INFO] [stdout] 	request.timeout.ms = 30000
[INFO] [stdout] 	reserved.broker.max.id = 1000
[INFO] [stdout] 	sasl.client.callback.handler.class = null
[INFO] [stdout] 	sasl.enabled.mechanisms = [GSSAPI]
[INFO] [stdout] 	sasl.jaas.config = null
[INFO] [stdout] 	sasl.kerberos.kinit.cmd = /usr/bin/kinit
[INFO] [stdout] 	sasl.kerberos.min.time.before.relogin = 60000
[INFO] [stdout] 	sasl.kerberos.principal.to.local.rules = [DEFAULT]
[INFO] [stdout] 	sasl.kerberos.service.name = null
[INFO] [stdout] 	sasl.kerberos.ticket.renew.jitter = 0.05
[INFO] [stdout] 	sasl.kerberos.ticket.renew.window.factor = 0.8
[INFO] [stdout] 	sasl.login.callback.handler.class = null
[INFO] [stdout] 	sasl.login.class = null
[INFO] [stdout] 	sasl.login.connect.timeout.ms = null
[INFO] [stdout] 	sasl.login.read.timeout.ms = null
[INFO] [stdout] 	sasl.login.refresh.buffer.seconds = 300
[INFO] [stdout] 	sasl.login.refresh.min.period.seconds = 60
[INFO] [stdout] 	sasl.login.refresh.window.factor = 0.8
[INFO] [stdout] 	sasl.login.refresh.window.jitter = 0.05
[INFO] [stdout] 	sasl.login.retry.backoff.max.ms = 10000
[INFO] [stdout] 	sasl.login.retry.backoff.ms = 100
[INFO] [stdout] 	sasl.mechanism.controller.protocol = GSSAPI
[INFO] [stdout] 	sasl.mechanism.inter.broker.protocol = GSSAPI
[INFO] [stdout] 	sasl.oauthbearer.clock.skew.seconds = 30
[INFO] [stdout] 	sasl.oauthbearer.expected.audience = null
[INFO] [stdout] 	sasl.oauthbearer.expected.issuer = null
[INFO] [stdout] 	sasl.oauthbearer.jwks.endpoint.refresh.ms = 3600000
[INFO] [stdout] 	sasl.oauthbearer.jwks.endpoint.retry.backoff.max.ms = 10000
[INFO] [stdout] 	sasl.oauthbearer.jwks.endpoint.retry.backoff.ms = 100
[INFO] [stdout] 	sasl.oauthbearer.jwks.endpoint.url = null
[INFO] [stdout] 	sasl.oauthbearer.scope.claim.name = scope
[INFO] [stdout] 	sasl.oauthbearer.sub.claim.name = sub
[INFO] [stdout] 	sasl.oauthbearer.token.endpoint.url = null
[INFO] [stdout] 	sasl.server.callback.handler.class = null
[INFO] [stdout] 	sasl.server.max.receive.size = 524288
[INFO] [stdout] 	security.inter.broker.protocol = PLAINTEXT
[INFO] [stdout] 	security.providers = null
[INFO] [stdout] 	server.max.startup.time.ms = 600000
[INFO] [stdout] 	socket.connection.setup.timeout.max.ms = 30000
[INFO] [stdout] 	socket.connection.setup.timeout.ms = 10000
[INFO] [stdout] 	socket.listen.backlog.size = 50
[INFO] [stdout] 	socket.receive.buffer.bytes = 102400
[INFO] [stdout] 	socket.request.max.bytes = 104857600
[INFO] [stdout] 	socket.send.buffer.bytes = 102400
[INFO] [stdout] 	ssl.cipher.suites = []
[INFO] [stdout] 	ssl.client.auth = none
[INFO] [stdout] 	ssl.enabled.protocols = [TLSv1.2, TLSv1.3]
[INFO] [stdout] 	ssl.endpoint.identification.algorithm = https
[INFO] [stdout] 	ssl.engine.factory.class = null
[INFO] [stdout] 	ssl.key.password = null
[INFO] [stdout] 	ssl.keymanager.algorithm = SunX509
[INFO] [stdout] 	ssl.keystore.certificate.chain = null
[INFO] [stdout] 	ssl.keystore.key = null
[INFO] [stdout] 	ssl.keystore.location = null
[INFO] [stdout] 	ssl.keystore.password = null
[INFO] [stdout] 	ssl.keystore.type = JKS
[INFO] [stdout] 	ssl.principal.mapping.rules = DEFAULT
[INFO] [stdout] 	ssl.protocol = TLSv1.3
[INFO] [stdout] 	ssl.provider = null
[INFO] [stdout] 	ssl.secure.random.implementation = null
[INFO] [stdout] 	ssl.trustmanager.algorithm = PKIX
[INFO] [stdout] 	ssl.truststore.certificates = null
[INFO] [stdout] 	ssl.truststore.location = null
[INFO] [stdout] 	ssl.truststore.password = null
[INFO] [stdout] 	ssl.truststore.type = JKS
[INFO] [stdout] 	transaction.abort.timed.out.transaction.cleanup.interval.ms = 10000
[INFO] [stdout] 	transaction.max.timeout.ms = 900000
[INFO] [stdout] 	transaction.partition.verification.enable = true
[INFO] [stdout] 	transaction.remove.expired.transaction.cleanup.interval.ms = 3600000
[INFO] [stdout] 	transaction.state.log.load.buffer.size = 5242880
[INFO] [stdout] 	transaction.state.log.min.isr = 2
[INFO] [stdout] 	transaction.state.log.num.partitions = 50
[INFO] [stdout] 	transaction.state.log.replication.factor = 3
[INFO] [stdout] 	transaction.state.log.segment.bytes = 104857600
[INFO] [stdout] 	transactional.id.expiration.ms = 604800000
[INFO] [stdout] 	unclean.leader.election.enable = false
[INFO] [stdout] 	unstable.api.versions.enable = false
[INFO] [stdout] 	zookeeper.clientCnxnSocket = null
[INFO] [stdout] 	zookeeper.connect = null
[INFO] [stdout] 	zookeeper.connection.timeout.ms = null
[INFO] [stdout] 	zookeeper.max.in.flight.requests = 10
[INFO] [stdout] 	zookeeper.metadata.migration.enable = false
[INFO] [stdout] 	zookeeper.metadata.migration.min.batch.size = 200
[INFO] [stdout] 	zookeeper.session.timeout.ms = 18000
[INFO] [stdout] 	zookeeper.set.acl = false
[INFO] [stdout] 	zookeeper.ssl.cipher.suites = null
[INFO] [stdout] 	zookeeper.ssl.client.enable = false
[INFO] [stdout] 	zookeeper.ssl.crl.enable = false
[INFO] [stdout] 	zookeeper.ssl.enabled.protocols = null
[INFO] [stdout] 	zookeeper.ssl.endpoint.identification.algorithm = HTTPS
[INFO] [stdout] 	zookeeper.ssl.keystore.location = null
[INFO] [stdout] 	zookeeper.ssl.keystore.password = null
[INFO] [stdout] 	zookeeper.ssl.keystore.type = null
[INFO] [stdout] 	zookeeper.ssl.ocsp.enable = false
[INFO] [stdout] 	zookeeper.ssl.protocol = TLSv1.2
[INFO] [stdout] 	zookeeper.ssl.truststore.location = null
[INFO] [stdout] 	zookeeper.ssl.truststore.password = null
[INFO] [stdout] 	zookeeper.ssl.truststore.type = null
[INFO] [stdout] 
[INFO] [stdout] 2026-04-20T08:35:16.428Z  INFO 18665 --- [0-event-handler] o.a.k.controller.BrokerHeartbeatManager  : [QuorumController id=0] The request from broker 0 to unfence has been granted because it has caught up with the offset of its register broker record 5.
[INFO] [stdout] 2026-04-20T08:35:16.427Z  INFO 18665 --- [-kit-executor-3] kafka.server.BrokerServer                : [BrokerServer id=0] Waiting for the broker to be unfenced
[INFO] [stdout] 2026-04-20T08:35:16.434Z  INFO 18665 --- [0-event-handler] o.a.k.controller.ClusterControlManager   : [QuorumController id=0] Replayed BrokerRegistrationChangeRecord modifying the registration for broker 0: BrokerRegistrationChangeRecord(brokerId=0, brokerEpoch=5, fenced=-1, inControlledShutdown=0)
[INFO] [stdout] 2026-04-20T08:35:16.462Z  INFO 18665 --- [channel-manager] kafka.server.BrokerLifecycleManager      : [BrokerLifecycleManager id=0] The broker has been unfenced. Transitioning from RECOVERY to RUNNING.
[INFO] [stdout] 2026-04-20T08:35:16.462Z  INFO 18665 --- [-kit-executor-3] kafka.server.BrokerServer                : [BrokerServer id=0] Finished waiting for the broker to be unfenced
[INFO] [stdout] 2026-04-20T08:35:16.463Z  INFO 18665 --- [-kit-executor-3] o.a.k.s.network.EndpointReadyFutures     : authorizerStart completed for endpoint EXTERNAL. Endpoint is now READY.
[INFO] [stdout] 2026-04-20T08:35:16.463Z  INFO 18665 --- [-kit-executor-3] kafka.network.SocketServer               : [SocketServer listenerType=BROKER, nodeId=0] Enabling request processing.
[INFO] [stdout] 2026-04-20T08:35:16.464Z  INFO 18665 --- [-kit-executor-3] kafka.server.BrokerServer                : [BrokerServer id=0] Waiting for all of the authorizer futures to be completed
[INFO] [stdout] 2026-04-20T08:35:16.464Z  INFO 18665 --- [-kit-executor-3] kafka.server.BrokerServer                : [BrokerServer id=0] Finished waiting for all of the authorizer futures to be completed
[INFO] [stdout] 2026-04-20T08:35:16.464Z  INFO 18665 --- [-kit-executor-3] kafka.server.BrokerServer                : [BrokerServer id=0] Waiting for all of the SocketServer Acceptors to be started
[INFO] [stdout] 2026-04-20T08:35:16.464Z  INFO 18665 --- [-kit-executor-3] kafka.server.BrokerServer                : [BrokerServer id=0] Finished waiting for all of the SocketServer Acceptors to be started
[INFO] [stdout] 2026-04-20T08:35:16.464Z  INFO 18665 --- [-kit-executor-3] kafka.server.BrokerServer                : [BrokerServer id=0] Transition from STARTING to STARTED
[INFO] [stdout] 2026-04-20T08:35:16.473Z  INFO 18665 --- [           main] o.a.k.clients.admin.AdminClientConfig    : AdminClientConfig values: 
[INFO] [stdout] 	auto.include.jmx.reporter = true
[INFO] [stdout] 	bootstrap.servers = [localhost:37193]
[INFO] [stdout] 	client.dns.lookup = use_all_dns_ips
[INFO] [stdout] 	client.id = 
[INFO] [stdout] 	connections.max.idle.ms = 300000
[INFO] [stdout] 	default.api.timeout.ms = 60000
[INFO] [stdout] 	metadata.max.age.ms = 300000
[INFO] [stdout] 	metric.reporters = []
[INFO] [stdout] 	metrics.num.samples = 2
[INFO] [stdout] 	metrics.recording.level = INFO
[INFO] [stdout] 	metrics.sample.window.ms = 30000
[INFO] [stdout] 	receive.buffer.bytes = 65536
[INFO] [stdout] 	reconnect.backoff.max.ms = 1000
[INFO] [stdout] 	reconnect.backoff.ms = 50
[INFO] [stdout] 	request.timeout.ms = 30000
[INFO] [stdout] 	retries = 2147483647
[INFO] [stdout] 	retry.backoff.ms = 100
[INFO] [stdout] 	sasl.client.callback.handler.class = null
[INFO] [stdout] 	sasl.jaas.config = null
[INFO] [stdout] 	sasl.kerberos.kinit.cmd = /usr/bin/kinit
[INFO] [stdout] 	sasl.kerberos.min.time.before.relogin = 60000
[INFO] [stdout] 	sasl.kerberos.service.name = null
[INFO] [stdout] 	sasl.kerberos.ticket.renew.jitter = 0.05
[INFO] [stdout] 	sasl.kerberos.ticket.renew.window.factor = 0.8
[INFO] [stdout] 	sasl.login.callback.handler.class = null
[INFO] [stdout] 	sasl.login.class = null
[INFO] [stdout] 	sasl.login.connect.timeout.ms = null
[INFO] [stdout] 	sasl.login.read.timeout.ms = null
[INFO] [stdout] 	sasl.login.refresh.buffer.seconds = 300
[INFO] [stdout] 	sasl.login.refresh.min.period.seconds = 60
[INFO] [stdout] 	sasl.login.refresh.window.factor = 0.8
[INFO] [stdout] 	sasl.login.refresh.window.jitter = 0.05
[INFO] [stdout] 	sasl.login.retry.backoff.max.ms = 10000
[INFO] [stdout] 	sasl.login.retry.backoff.ms = 100
[INFO] [stdout] 	sasl.mechanism = GSSAPI
[INFO] [stdout] 	sasl.oauthbearer.clock.skew.seconds = 30
[INFO] [stdout] 	sasl.oauthbearer.expected.audience = null
[INFO] [stdout] 	sasl.oauthbearer.expected.issuer = null
[INFO] [stdout] 	sasl.oauthbearer.jwks.endpoint.refresh.ms = 3600000
[INFO] [stdout] 	sasl.oauthbearer.jwks.endpoint.retry.backoff.max.ms = 10000
[INFO] [stdout] 	sasl.oauthbearer.jwks.endpoint.retry.backoff.ms = 100
[INFO] [stdout] 	sasl.oauthbearer.jwks.endpoint.url = null
[INFO] [stdout] 	sasl.oauthbearer.scope.claim.name = scope
[INFO] [stdout] 	sasl.oauthbearer.sub.claim.name = sub
[INFO] [stdout] 	sasl.oauthbearer.token.endpoint.url = null
[INFO] [stdout] 	security.protocol = PLAINTEXT
[INFO] [stdout] 	security.providers = null
[INFO] [stdout] 	send.buffer.bytes = 131072
[INFO] [stdout] 	socket.connection.setup.timeout.max.ms = 30000
[INFO] [stdout] 	socket.connection.setup.timeout.ms = 10000
[INFO] [stdout] 	ssl.cipher.suites = null
[INFO] [stdout] 	ssl.enabled.protocols = [TLSv1.2, TLSv1.3]
[INFO] [stdout] 	ssl.endpoint.identification.algorithm = https
[INFO] [stdout] 	ssl.engine.factory.class = null
[INFO] [stdout] 	ssl.key.password = null
[INFO] [stdout] 	ssl.keymanager.algorithm = SunX509
[INFO] [stdout] 	ssl.keystore.certificate.chain = null
[INFO] [stdout] 	ssl.keystore.key = null
[INFO] [stdout] 	ssl.keystore.location = null
[INFO] [stdout] 	ssl.keystore.password = null
[INFO] [stdout] 	ssl.keystore.type = JKS
[INFO] [stdout] 	ssl.protocol = TLSv1.3
[INFO] [stdout] 	ssl.provider = null
[INFO] [stdout] 	ssl.secure.random.implementation = null
[INFO] [stdout] 	ssl.trustmanager.algorithm = PKIX
[INFO] [stdout] 	ssl.truststore.certificates = null
[INFO] [stdout] 	ssl.truststore.location = null
[INFO] [stdout] 	ssl.truststore.password = null
[INFO] [stdout] 	ssl.truststore.type = JKS
[INFO] [stdout] 
[INFO] [stdout] 2026-04-20T08:35:16.494Z  INFO 18665 --- [           main] o.a.kafka.common.utils.AppInfoParser     : Kafka version: 3.6.2
[INFO] [stdout] 2026-04-20T08:35:16.495Z  INFO 18665 --- [           main] o.a.kafka.common.utils.AppInfoParser     : Kafka commitId: c4deed513057c94e
[INFO] [stdout] 2026-04-20T08:35:16.495Z  INFO 18665 --- [           main] o.a.kafka.common.utils.AppInfoParser     : Kafka startTimeMs: 1776674116494
[INFO] [stdout] 2026-04-20T08:35:16.503Z  INFO 18665 --- [| adminclient-1] o.a.kafka.common.utils.AppInfoParser     : App info kafka.admin.client for adminclient-1 unregistered
[INFO] [stdout] 2026-04-20T08:35:16.504Z  INFO 18665 --- [| adminclient-1] o.a.k.c.a.i.AdminMetadataManager         : [AdminClient clientId=adminclient-1] Metadata update failed
[INFO] [stdout] 
[INFO] [stdout] org.apache.kafka.common.errors.TimeoutException: Timed out waiting to send the call. Call: fetchMetadata
[INFO] [stdout] 
[INFO] [stdout] 2026-04-20T08:35:16.508Z  INFO 18665 --- [| adminclient-1] o.a.k.clients.admin.KafkaAdminClient     : [AdminClient clientId=adminclient-1] Timed out 1 remaining operation(s) during close.
[INFO] [stdout] 2026-04-20T08:35:16.512Z  INFO 18665 --- [| adminclient-1] o.apache.kafka.common.metrics.Metrics    : Metrics scheduler closed
[INFO] [stdout] 2026-04-20T08:35:16.512Z  INFO 18665 --- [| adminclient-1] o.apache.kafka.common.metrics.Metrics    : Closing reporter org.apache.kafka.common.metrics.JmxReporter
[INFO] [stdout] 2026-04-20T08:35:16.512Z  INFO 18665 --- [| adminclient-1] o.apache.kafka.common.metrics.Metrics    : Metrics reporters closed
[INFO] [stdout] 2026-04-20T08:35:16.526Z  INFO 18665 --- [           main] com.jpmc.midascore.TaskFiveTests         : Starting TaskFiveTests using Java 17 with PID 18665 (started by codespace in /workspaces/forage-midas)
[INFO] [stdout] 2026-04-20T08:35:16.527Z  INFO 18665 --- [           main] com.jpmc.midascore.TaskFiveTests         : No active profile set, falling back to 1 default profile: "default"
[INFO] [stdout] 2026-04-20T08:35:17.327Z  INFO 18665 --- [           main] .s.d.r.c.RepositoryConfigurationDelegate : Bootstrapping Spring Data JPA repositories in DEFAULT mode.
[INFO] [stdout] 2026-04-20T08:35:17.379Z  INFO 18665 --- [           main] .s.d.r.c.RepositoryConfigurationDelegate : Finished Spring Data repository scanning in 46 ms. Found 2 JPA repository interfaces.
[INFO] [stdout] 2026-04-20T08:35:18.002Z  INFO 18665 --- [           main] o.s.b.w.embedded.tomcat.TomcatWebServer  : Tomcat initialized with port 33400 (http)
[INFO] [stdout] 2026-04-20T08:35:18.014Z  INFO 18665 --- [           main] o.apache.catalina.core.StandardService   : Starting service [Tomcat]
[INFO] [stdout] 2026-04-20T08:35:18.014Z  INFO 18665 --- [           main] o.apache.catalina.core.StandardEngine    : Starting Servlet engine: [Apache Tomcat/10.1.20]
[INFO] [stdout] 2026-04-20T08:35:18.088Z  INFO 18665 --- [           main] o.a.c.c.C.[Tomcat].[localhost].[/]       : Initializing Spring embedded WebApplicationContext
[INFO] [stdout] 2026-04-20T08:35:18.089Z  INFO 18665 --- [           main] w.s.c.ServletWebServerApplicationContext : Root WebApplicationContext: initialization completed in 1542 ms
[INFO] [stdout] 2026-04-20T08:35:18.243Z  INFO 18665 --- [           main] com.zaxxer.hikari.HikariDataSource       : HikariPool-1 - Starting...
[INFO] [stdout] 2026-04-20T08:35:18.504Z  INFO 18665 --- [           main] com.zaxxer.hikari.pool.HikariPool        : HikariPool-1 - Added connection conn0: url=jdbc:h2:mem:8dfc8e94-dfe7-4c20-b2fd-4de0d7c64450 user=SA
[INFO] [stdout] 2026-04-20T08:35:18.505Z  INFO 18665 --- [           main] com.zaxxer.hikari.HikariDataSource       : HikariPool-1 - Start completed.
[INFO] [stdout] 2026-04-20T08:35:18.553Z  INFO 18665 --- [           main] o.hibernate.jpa.internal.util.LogHelper  : HHH000204: Processing PersistenceUnitInfo [name: default]
[INFO] [stdout] 2026-04-20T08:35:18.597Z  INFO 18665 --- [           main] org.hibernate.Version                    : HHH000412: Hibernate ORM core version 6.4.4.Final
[INFO] [stdout] 2026-04-20T08:35:18.626Z  INFO 18665 --- [           main] o.h.c.internal.RegionFactoryInitiator    : HHH000026: Second-level cache disabled
[INFO] [stdout] 2026-04-20T08:35:18.842Z  INFO 18665 --- [           main] o.s.o.j.p.SpringPersistenceUnitInfo      : No LoadTimeWeaver setup: ignoring JPA class transformer
[INFO] [stdout] 2026-04-20T08:35:20.098Z  INFO 18665 --- [           main] o.h.e.t.j.p.i.JtaPlatformInitiator       : HHH000489: No JTA platform available (set 'hibernate.transaction.jta.platform' to enable JTA platform integration)
[INFO] [stdout] 2026-04-20T08:35:20.335Z  INFO 18665 --- [           main] j.LocalContainerEntityManagerFactoryBean : Initialized JPA EntityManagerFactory for persistence unit 'default'
[INFO] [stdout] 2026-04-20T08:35:21.155Z  WARN 18665 --- [           main] JpaBaseConfiguration$JpaWebConfiguration : spring.jpa.open-in-view is enabled by default. Therefore, database queries may be performed during view rendering. Explicitly configure spring.jpa.open-in-view to disable this warning
[INFO] [stdout] 2026-04-20T08:35:21.558Z  INFO 18665 --- [           main] o.s.b.w.embedded.tomcat.TomcatWebServer  : Tomcat started on port 33400 (http) with context path ''
[INFO] [stdout] 2026-04-20T08:35:21.584Z  INFO 18665 --- [           main] o.a.k.clients.consumer.ConsumerConfig    : ConsumerConfig values: 
[INFO] [stdout] 	allow.auto.create.topics = true
[INFO] [stdout] 	auto.commit.interval.ms = 5000
[INFO] [stdout] 	auto.include.jmx.reporter = true
[INFO] [stdout] 	auto.offset.reset = latest
[INFO] [stdout] 	bootstrap.servers = [localhost:37193]
[INFO] [stdout] 	check.crcs = true
[INFO] [stdout] 	client.dns.lookup = use_all_dns_ips
[INFO] [stdout] 	client.id = consumer-midas-core-1
[INFO] [stdout] 	client.rack = 
[INFO] [stdout] 	connections.max.idle.ms = 540000
[INFO] [stdout] 	default.api.timeout.ms = 60000
[INFO] [stdout] 	enable.auto.commit = false
[INFO] [stdout] 	exclude.internal.topics = true
[INFO] [stdout] 	fetch.max.bytes = 52428800
[INFO] [stdout] 	fetch.max.wait.ms = 500
[INFO] [stdout] 	fetch.min.bytes = 1
[INFO] [stdout] 	group.id = midas-core
[INFO] [stdout] 	group.instance.id = null
[INFO] [stdout] 	heartbeat.interval.ms = 3000
[INFO] [stdout] 	interceptor.classes = []
[INFO] [stdout] 	internal.leave.group.on.close = true
[INFO] [stdout] 	internal.throw.on.fetch.stable.offset.unsupported = false
[INFO] [stdout] 	isolation.level = read_uncommitted
[INFO] [stdout] 	key.deserializer = class org.apache.kafka.common.serialization.StringDeserializer
[INFO] [stdout] 	max.partition.fetch.bytes = 1048576
[INFO] [stdout] 	max.poll.interval.ms = 300000
[INFO] [stdout] 	max.poll.records = 500
[INFO] [stdout] 	metadata.max.age.ms = 300000
[INFO] [stdout] 	metric.reporters = []
[INFO] [stdout] 	metrics.num.samples = 2
[INFO] [stdout] 	metrics.recording.level = INFO
[INFO] [stdout] 	metrics.sample.window.ms = 30000
[INFO] [stdout] 	partition.assignment.strategy = [class org.apache.kafka.clients.consumer.RangeAssignor, class org.apache.kafka.clients.consumer.CooperativeStickyAssignor]
[INFO] [stdout] 	receive.buffer.bytes = 65536
[INFO] [stdout] 	reconnect.backoff.max.ms = 1000
[INFO] [stdout] 	reconnect.backoff.ms = 50
[INFO] [stdout] 	request.timeout.ms = 30000
[INFO] [stdout] 	retry.backoff.ms = 100
[INFO] [stdout] 	sasl.client.callback.handler.class = null
[INFO] [stdout] 	sasl.jaas.config = null
[INFO] [stdout] 	sasl.kerberos.kinit.cmd = /usr/bin/kinit
[INFO] [stdout] 	sasl.kerberos.min.time.before.relogin = 60000
[INFO] [stdout] 	sasl.kerberos.service.name = null
[INFO] [stdout] 	sasl.kerberos.ticket.renew.jitter = 0.05
[INFO] [stdout] 	sasl.kerberos.ticket.renew.window.factor = 0.8
[INFO] [stdout] 	sasl.login.callback.handler.class = null
[INFO] [stdout] 	sasl.login.class = null
[INFO] [stdout] 	sasl.login.connect.timeout.ms = null
[INFO] [stdout] 	sasl.login.read.timeout.ms = null
[INFO] [stdout] 	sasl.login.refresh.buffer.seconds = 300
[INFO] [stdout] 	sasl.login.refresh.min.period.seconds = 60
[INFO] [stdout] 	sasl.login.refresh.window.factor = 0.8
[INFO] [stdout] 	sasl.login.refresh.window.jitter = 0.05
[INFO] [stdout] 	sasl.login.retry.backoff.max.ms = 10000
[INFO] [stdout] 	sasl.login.retry.backoff.ms = 100
[INFO] [stdout] 	sasl.mechanism = GSSAPI
[INFO] [stdout] 	sasl.oauthbearer.clock.skew.seconds = 30
[INFO] [stdout] 	sasl.oauthbearer.expected.audience = null
[INFO] [stdout] 	sasl.oauthbearer.expected.issuer = null
[INFO] [stdout] 	sasl.oauthbearer.jwks.endpoint.refresh.ms = 3600000
[INFO] [stdout] 	sasl.oauthbearer.jwks.endpoint.retry.backoff.max.ms = 10000
[INFO] [stdout] 	sasl.oauthbearer.jwks.endpoint.retry.backoff.ms = 100
[INFO] [stdout] 	sasl.oauthbearer.jwks.endpoint.url = null
[INFO] [stdout] 	sasl.oauthbearer.scope.claim.name = scope
[INFO] [stdout] 	sasl.oauthbearer.sub.claim.name = sub
[INFO] [stdout] 	sasl.oauthbearer.token.endpoint.url = null
[INFO] [stdout] 	security.protocol = PLAINTEXT
[INFO] [stdout] 	security.providers = null
[INFO] [stdout] 	send.buffer.bytes = 131072
[INFO] [stdout] 	session.timeout.ms = 45000
[INFO] [stdout] 	socket.connection.setup.timeout.max.ms = 30000
[INFO] [stdout] 	socket.connection.setup.timeout.ms = 10000
[INFO] [stdout] 	ssl.cipher.suites = null
[INFO] [stdout] 	ssl.enabled.protocols = [TLSv1.2, TLSv1.3]
[INFO] [stdout] 	ssl.endpoint.identification.algorithm = https
[INFO] [stdout] 	ssl.engine.factory.class = null
[INFO] [stdout] 	ssl.key.password = null
[INFO] [stdout] 	ssl.keymanager.algorithm = SunX509
[INFO] [stdout] 	ssl.keystore.certificate.chain = null
[INFO] [stdout] 	ssl.keystore.key = null
[INFO] [stdout] 	ssl.keystore.location = null
[INFO] [stdout] 	ssl.keystore.password = null
[INFO] [stdout] 	ssl.keystore.type = JKS
[INFO] [stdout] 	ssl.protocol = TLSv1.3
[INFO] [stdout] 	ssl.provider = null
[INFO] [stdout] 	ssl.secure.random.implementation = null
[INFO] [stdout] 	ssl.trustmanager.algorithm = PKIX
[INFO] [stdout] 	ssl.truststore.certificates = null
[INFO] [stdout] 	ssl.truststore.location = null
[INFO] [stdout] 	ssl.truststore.password = null
[INFO] [stdout] 	ssl.truststore.type = JKS
[INFO] [stdout] 	value.deserializer = class org.springframework.kafka.support.serializer.JsonDeserializer
[INFO] [stdout] 
[INFO] [stdout] 2026-04-20T08:35:21.625Z  INFO 18665 --- [           main] o.a.kafka.common.utils.AppInfoParser     : Kafka version: 3.6.2
[INFO] [stdout] 2026-04-20T08:35:21.625Z  INFO 18665 --- [           main] o.a.kafka.common.utils.AppInfoParser     : Kafka commitId: c4deed513057c94e
[INFO] [stdout] 2026-04-20T08:35:21.625Z  INFO 18665 --- [           main] o.a.kafka.common.utils.AppInfoParser     : Kafka startTimeMs: 1776674121625
[INFO] [stdout] 2026-04-20T08:35:21.627Z  INFO 18665 --- [           main] fkaConsumerFactory$ExtendedKafkaConsumer : [Consumer clientId=consumer-midas-core-1, groupId=midas-core] Subscribed to topic(s): trader-updates
[INFO] [stdout] 2026-04-20T08:35:21.665Z  INFO 18665 --- [           main] com.jpmc.midascore.TaskFiveTests         : Started TaskFiveTests in 7.886 seconds (process running for 9.048)
[INFO] [stdout] 2026-04-20T08:35:21.686Z  INFO 18665 --- [quest-handler-0] k.s.DefaultAutoTopicCreationManager      : Sent auto-creation request for Set(trader-updates) to the active controller.
[INFO] [stdout] 2026-04-20T08:35:21.710Z  INFO 18665 --- [quest-handler-1] k.s.DefaultAutoTopicCreationManager      : Sent auto-creation request for Set(__consumer_offsets) to the active controller.
[INFO] [stdout] 2026-04-20T08:35:21.722Z  WARN 18665 --- [ntainer#0-0-C-1] org.apache.kafka.clients.NetworkClient   : [Consumer clientId=consumer-midas-core-1, groupId=midas-core] Error while fetching metadata with correlation id 2 : {trader-updates=UNKNOWN_TOPIC_OR_PARTITION}
[INFO] [stdout] 2026-04-20T08:35:21.732Z  INFO 18665 --- [ntainer#0-0-C-1] org.apache.kafka.clients.Metadata        : [Consumer clientId=consumer-midas-core-1, groupId=midas-core] Cluster ID: opu8g3owRKyOfnHiV3PaCw
[INFO] [stdout] 2026-04-20T08:35:21.738Z  INFO 18665 --- [0-event-handler] o.a.k.c.ReplicationControlManager        : [QuorumController id=0] CreateTopics result(s): CreatableTopic(name='trader-updates', numPartitions=1, replicationFactor=1, assignments=[], configs=[]): SUCCESS
[INFO] [stdout] 2026-04-20T08:35:21.738Z  INFO 18665 --- [0-event-handler] o.a.k.c.ReplicationControlManager        : [QuorumController id=0] Replayed TopicRecord for topic trader-updates with topic ID BGYIrdbzSKSN0y5J6Z6g5Q.
[INFO] [stdout] 2026-04-20T08:35:21.739Z  INFO 18665 --- [0-event-handler] o.a.k.c.ReplicationControlManager        : [QuorumController id=0] Replayed PartitionRecord for new partition trader-updates-0 with topic ID BGYIrdbzSKSN0y5J6Z6g5Q and PartitionRegistration(replicas=[0], isr=[0], removingReplicas=[], addingReplicas=[], leader=0, leaderRecoveryState=RECOVERED, leaderEpoch=0, partitionEpoch=0).
[INFO] [stdout] 2026-04-20T08:35:21.774Z  INFO 18665 --- [r-event-handler] state.change.logger                      : [Broker id=0] Transitioning 1 partition(s) to local leaders.
[INFO] [stdout] 2026-04-20T08:35:21.775Z  INFO 18665 --- [r-event-handler] kafka.server.ReplicaFetcherManager       : [ReplicaFetcherManager on broker 0] Removed fetcher for partitions Set(trader-updates-0)
[INFO] [stdout] 2026-04-20T08:35:21.782Z  INFO 18665 --- [r-event-handler] state.change.logger                      : [Broker id=0] Creating new partition trader-updates-0 with topic id BGYIrdbzSKSN0y5J6Z6g5Q.
[INFO] [stdout] 2026-04-20T08:35:21.789Z  INFO 18665 --- [0-event-handler] o.a.k.c.ReplicationControlManager        : [QuorumController id=0] CreateTopics result(s): CreatableTopic(name='__consumer_offsets', numPartitions=50, replicationFactor=1, assignments=[], configs=[CreateableTopicConfig(name='compression.type', value='producer'), CreateableTopicConfig(name='cleanup.policy', value='compact'), CreateableTopicConfig(name='segment.bytes', value='104857600')]): SUCCESS
[INFO] [stdout] 2026-04-20T08:35:21.789Z  INFO 18665 --- [0-event-handler] o.a.k.c.ReplicationControlManager        : [QuorumController id=0] Replayed TopicRecord for topic __consumer_offsets with topic ID WFhAaeFcTTmq2n07NQHz8w.
[INFO] [stdout] 2026-04-20T08:35:21.789Z  INFO 18665 --- [0-event-handler] o.a.k.c.ConfigurationControlManager      : [QuorumController id=0] Replayed ConfigRecord for ConfigResource(type=TOPIC, name='__consumer_offsets') which set configuration compression.type to producer
[INFO] [stdout] 2026-04-20T08:35:21.789Z  INFO 18665 --- [0-event-handler] o.a.k.c.ConfigurationControlManager      : [QuorumController id=0] Replayed ConfigRecord for ConfigResource(type=TOPIC, name='__consumer_offsets') which set configuration cleanup.policy to compact
[INFO] [stdout] 2026-04-20T08:35:21.789Z  INFO 18665 --- [0-event-handler] o.a.k.c.ConfigurationControlManager      : [QuorumController id=0] Replayed ConfigRecord for ConfigResource(type=TOPIC, name='__consumer_offsets') which set configuration segment.bytes to 104857600
[INFO] [stdout] 2026-04-20T08:35:21.790Z  INFO 18665 --- [0-event-handler] o.a.k.c.ReplicationControlManager        : [QuorumController id=0] Replayed PartitionRecord for new partition __consumer_offsets-0 with topic ID WFhAaeFcTTmq2n07NQHz8w and PartitionRegistration(replicas=[0], isr=[0], removingReplicas=[], addingReplicas=[], leader=0, leaderRecoveryState=RECOVERED, leaderEpoch=0, partitionEpoch=0).
[INFO] [stdout] 2026-04-20T08:35:21.793Z  INFO 18665 --- [0-event-handler] o.a.k.c.ReplicationControlManager        : [QuorumController id=0] Replayed PartitionRecord for new partition __consumer_offsets-1 with topic ID WFhAaeFcTTmq2n07NQHz8w and PartitionRegistration(replicas=[0], isr=[0], removingReplicas=[], addingReplicas=[], leader=0, leaderRecoveryState=RECOVERED, leaderEpoch=0, partitionEpoch=0).
[INFO] [stdout] 2026-04-20T08:35:21.793Z  INFO 18665 --- [0-event-handler] o.a.k.c.ReplicationControlManager        : [QuorumController id=0] Replayed PartitionRecord for new partition __consumer_offsets-2 with topic ID WFhAaeFcTTmq2n07NQHz8w and PartitionRegistration(replicas=[0], isr=[0], removingReplicas=[], addingReplicas=[], leader=0, leaderRecoveryState=RECOVERED, leaderEpoch=0, partitionEpoch=0).
[INFO] [stdout] 2026-04-20T08:35:21.793Z  INFO 18665 --- [0-event-handler] o.a.k.c.ReplicationControlManager        : [QuorumController id=0] Replayed PartitionRecord for new partition __consumer_offsets-3 with topic ID WFhAaeFcTTmq2n07NQHz8w and PartitionRegistration(replicas=[0], isr=[0], removingReplicas=[], addingReplicas=[], leader=0, leaderRecoveryState=RECOVERED, leaderEpoch=0, partitionEpoch=0).
[INFO] [stdout] 2026-04-20T08:35:21.793Z  INFO 18665 --- [0-event-handler] o.a.k.c.ReplicationControlManager        : [QuorumController id=0] Replayed PartitionRecord for new partition __consumer_offsets-4 with topic ID WFhAaeFcTTmq2n07NQHz8w and PartitionRegistration(replicas=[0], isr=[0], removingReplicas=[], addingReplicas=[], leader=0, leaderRecoveryState=RECOVERED, leaderEpoch=0, partitionEpoch=0).
[INFO] [stdout] 2026-04-20T08:35:21.793Z  INFO 18665 --- [0-event-handler] o.a.k.c.ReplicationControlManager        : [QuorumController id=0] Replayed PartitionRecord for new partition __consumer_offsets-5 with topic ID WFhAaeFcTTmq2n07NQHz8w and PartitionRegistration(replicas=[0], isr=[0], removingReplicas=[], addingReplicas=[], leader=0, leaderRecoveryState=RECOVERED, leaderEpoch=0, partitionEpoch=0).
[INFO] [stdout] 2026-04-20T08:35:21.793Z  INFO 18665 --- [0-event-handler] o.a.k.c.ReplicationControlManager        : [QuorumController id=0] Replayed PartitionRecord for new partition __consumer_offsets-6 with topic ID WFhAaeFcTTmq2n07NQHz8w and PartitionRegistration(replicas=[0], isr=[0], removingReplicas=[], addingReplicas=[], leader=0, leaderRecoveryState=RECOVERED, leaderEpoch=0, partitionEpoch=0).
[INFO] [stdout] 2026-04-20T08:35:21.793Z  INFO 18665 --- [0-event-handler] o.a.k.c.ReplicationControlManager        : [QuorumController id=0] Replayed PartitionRecord for new partition __consumer_offsets-7 with topic ID WFhAaeFcTTmq2n07NQHz8w and PartitionRegistration(replicas=[0], isr=[0], removingReplicas=[], addingReplicas=[], leader=0, leaderRecoveryState=RECOVERED, leaderEpoch=0, partitionEpoch=0).
[INFO] [stdout] 2026-04-20T08:35:21.794Z  INFO 18665 --- [0-event-handler] o.a.k.c.ReplicationControlManager        : [QuorumController id=0] Replayed PartitionRecord for new partition __consumer_offsets-8 with topic ID WFhAaeFcTTmq2n07NQHz8w and PartitionRegistration(replicas=[0], isr=[0], removingReplicas=[], addingReplicas=[], leader=0, leaderRecoveryState=RECOVERED, leaderEpoch=0, partitionEpoch=0).
[INFO] [stdout] 2026-04-20T08:35:21.794Z  INFO 18665 --- [0-event-handler] o.a.k.c.ReplicationControlManager        : [QuorumController id=0] Replayed PartitionRecord for new partition __consumer_offsets-9 with topic ID WFhAaeFcTTmq2n07NQHz8w and PartitionRegistration(replicas=[0], isr=[0], removingReplicas=[], addingReplicas=[], leader=0, leaderRecoveryState=RECOVERED, leaderEpoch=0, partitionEpoch=0).
[INFO] [stdout] 2026-04-20T08:35:21.794Z  INFO 18665 --- [0-event-handler] o.a.k.c.ReplicationControlManager        : [QuorumController id=0] Replayed PartitionRecord for new partition __consumer_offsets-10 with topic ID WFhAaeFcTTmq2n07NQHz8w and PartitionRegistration(replicas=[0], isr=[0], removingReplicas=[], addingReplicas=[], leader=0, leaderRecoveryState=RECOVERED, leaderEpoch=0, partitionEpoch=0).
[INFO] [stdout] 2026-04-20T08:35:21.794Z  INFO 18665 --- [0-event-handler] o.a.k.c.ReplicationControlManager        : [QuorumController id=0] Replayed PartitionRecord for new partition __consumer_offsets-11 with topic ID WFhAaeFcTTmq2n07NQHz8w and PartitionRegistration(replicas=[0], isr=[0], removingReplicas=[], addingReplicas=[], leader=0, leaderRecoveryState=RECOVERED, leaderEpoch=0, partitionEpoch=0).
[INFO] [stdout] 2026-04-20T08:35:21.794Z  INFO 18665 --- [0-event-handler] o.a.k.c.ReplicationControlManager        : [QuorumController id=0] Replayed PartitionRecord for new partition __consumer_offsets-12 with topic ID WFhAaeFcTTmq2n07NQHz8w and PartitionRegistration(replicas=[0], isr=[0], removingReplicas=[], addingReplicas=[], leader=0, leaderRecoveryState=RECOVERED, leaderEpoch=0, partitionEpoch=0).
[INFO] [stdout] 2026-04-20T08:35:21.794Z  INFO 18665 --- [0-event-handler] o.a.k.c.ReplicationControlManager        : [QuorumController id=0] Replayed PartitionRecord for new partition __consumer_offsets-13 with topic ID WFhAaeFcTTmq2n07NQHz8w and PartitionRegistration(replicas=[0], isr=[0], removingReplicas=[], addingReplicas=[], leader=0, leaderRecoveryState=RECOVERED, leaderEpoch=0, partitionEpoch=0).
[INFO] [stdout] 2026-04-20T08:35:21.794Z  INFO 18665 --- [0-event-handler] o.a.k.c.ReplicationControlManager        : [QuorumController id=0] Replayed PartitionRecord for new partition __consumer_offsets-14 with topic ID WFhAaeFcTTmq2n07NQHz8w and PartitionRegistration(replicas=[0], isr=[0], removingReplicas=[], addingReplicas=[], leader=0, leaderRecoveryState=RECOVERED, leaderEpoch=0, partitionEpoch=0).
[INFO] [stdout] 2026-04-20T08:35:21.794Z  INFO 18665 --- [0-event-handler] o.a.k.c.ReplicationControlManager        : [QuorumController id=0] Replayed PartitionRecord for new partition __consumer_offsets-15 with topic ID WFhAaeFcTTmq2n07NQHz8w and PartitionRegistration(replicas=[0], isr=[0], removingReplicas=[], addingReplicas=[], leader=0, leaderRecoveryState=RECOVERED, leaderEpoch=0, partitionEpoch=0).
[INFO] [stdout] 2026-04-20T08:35:21.794Z  INFO 18665 --- [0-event-handler] o.a.k.c.ReplicationControlManager        : [QuorumController id=0] Replayed PartitionRecord for new partition __consumer_offsets-16 with topic ID WFhAaeFcTTmq2n07NQHz8w and PartitionRegistration(replicas=[0], isr=[0], removingReplicas=[], addingReplicas=[], leader=0, leaderRecoveryState=RECOVERED, leaderEpoch=0, partitionEpoch=0).
[INFO] [stdout] 2026-04-20T08:35:21.794Z  INFO 18665 --- [0-event-handler] o.a.k.c.ReplicationControlManager        : [QuorumController id=0] Replayed PartitionRecord for new partition __consumer_offsets-17 with topic ID WFhAaeFcTTmq2n07NQHz8w and PartitionRegistration(replicas=[0], isr=[0], removingReplicas=[], addingReplicas=[], leader=0, leaderRecoveryState=RECOVERED, leaderEpoch=0, partitionEpoch=0).
[INFO] [stdout] 2026-04-20T08:35:21.794Z  INFO 18665 --- [0-event-handler] o.a.k.c.ReplicationControlManager        : [QuorumController id=0] Replayed PartitionRecord for new partition __consumer_offsets-18 with topic ID WFhAaeFcTTmq2n07NQHz8w and PartitionRegistration(replicas=[0], isr=[0], removingReplicas=[], addingReplicas=[], leader=0, leaderRecoveryState=RECOVERED, leaderEpoch=0, partitionEpoch=0).
[INFO] [stdout] 2026-04-20T08:35:21.795Z  INFO 18665 --- [0-event-handler] o.a.k.c.ReplicationControlManager        : [QuorumController id=0] Replayed PartitionRecord for new partition __consumer_offsets-19 with topic ID WFhAaeFcTTmq2n07NQHz8w and PartitionRegistration(replicas=[0], isr=[0], removingReplicas=[], addingReplicas=[], leader=0, leaderRecoveryState=RECOVERED, leaderEpoch=0, partitionEpoch=0).
[INFO] [stdout] 2026-04-20T08:35:21.800Z  INFO 18665 --- [0-event-handler] o.a.k.c.ReplicationControlManager        : [QuorumController id=0] Replayed PartitionRecord for new partition __consumer_offsets-20 with topic ID WFhAaeFcTTmq2n07NQHz8w and PartitionRegistration(replicas=[0], isr=[0], removingReplicas=[], addingReplicas=[], leader=0, leaderRecoveryState=RECOVERED, leaderEpoch=0, partitionEpoch=0).
[INFO] [stdout] 2026-04-20T08:35:21.800Z  INFO 18665 --- [0-event-handler] o.a.k.c.ReplicationControlManager        : [QuorumController id=0] Replayed PartitionRecord for new partition __consumer_offsets-21 with topic ID WFhAaeFcTTmq2n07NQHz8w and PartitionRegistration(replicas=[0], isr=[0], removingReplicas=[], addingReplicas=[], leader=0, leaderRecoveryState=RECOVERED, leaderEpoch=0, partitionEpoch=0).
[INFO] [stdout] 2026-04-20T08:35:21.801Z  INFO 18665 --- [0-event-handler] o.a.k.c.ReplicationControlManager        : [QuorumController id=0] Replayed PartitionRecord for new partition __consumer_offsets-22 with topic ID WFhAaeFcTTmq2n07NQHz8w and PartitionRegistration(replicas=[0], isr=[0], removingReplicas=[], addingReplicas=[], leader=0, leaderRecoveryState=RECOVERED, leaderEpoch=0, partitionEpoch=0).
[INFO] [stdout] 2026-04-20T08:35:21.801Z  INFO 18665 --- [0-event-handler] o.a.k.c.ReplicationControlManager        : [QuorumController id=0] Replayed PartitionRecord for new partition __consumer_offsets-23 with topic ID WFhAaeFcTTmq2n07NQHz8w and PartitionRegistration(replicas=[0], isr=[0], removingReplicas=[], addingReplicas=[], leader=0, leaderRecoveryState=RECOVERED, leaderEpoch=0, partitionEpoch=0).
[INFO] [stdout] 2026-04-20T08:35:21.801Z  INFO 18665 --- [0-event-handler] o.a.k.c.ReplicationControlManager        : [QuorumController id=0] Replayed PartitionRecord for new partition __consumer_offsets-24 with topic ID WFhAaeFcTTmq2n07NQHz8w and PartitionRegistration(replicas=[0], isr=[0], removingReplicas=[], addingReplicas=[], leader=0, leaderRecoveryState=RECOVERED, leaderEpoch=0, partitionEpoch=0).
[INFO] [stdout] 2026-04-20T08:35:21.801Z  INFO 18665 --- [0-event-handler] o.a.k.c.ReplicationControlManager        : [QuorumController id=0] Replayed PartitionRecord for new partition __consumer_offsets-25 with topic ID WFhAaeFcTTmq2n07NQHz8w and PartitionRegistration(replicas=[0], isr=[0], removingReplicas=[], addingReplicas=[], leader=0, leaderRecoveryState=RECOVERED, leaderEpoch=0, partitionEpoch=0).
[INFO] [stdout] 2026-04-20T08:35:21.801Z  INFO 18665 --- [0-event-handler] o.a.k.c.ReplicationControlManager        : [QuorumController id=0] Replayed PartitionRecord for new partition __consumer_offsets-26 with topic ID WFhAaeFcTTmq2n07NQHz8w and PartitionRegistration(replicas=[0], isr=[0], removingReplicas=[], addingReplicas=[], leader=0, leaderRecoveryState=RECOVERED, leaderEpoch=0, partitionEpoch=0).
[INFO] [stdout] 2026-04-20T08:35:21.801Z  INFO 18665 --- [0-event-handler] o.a.k.c.ReplicationControlManager        : [QuorumController id=0] Replayed PartitionRecord for new partition __consumer_offsets-27 with topic ID WFhAaeFcTTmq2n07NQHz8w and PartitionRegistration(replicas=[0], isr=[0], removingReplicas=[], addingReplicas=[], leader=0, leaderRecoveryState=RECOVERED, leaderEpoch=0, partitionEpoch=0).
[INFO] [stdout] 2026-04-20T08:35:21.801Z  INFO 18665 --- [0-event-handler] o.a.k.c.ReplicationControlManager        : [QuorumController id=0] Replayed PartitionRecord for new partition __consumer_offsets-28 with topic ID WFhAaeFcTTmq2n07NQHz8w and PartitionRegistration(replicas=[0], isr=[0], removingReplicas=[], addingReplicas=[], leader=0, leaderRecoveryState=RECOVERED, leaderEpoch=0, partitionEpoch=0).
[INFO] [stdout] 2026-04-20T08:35:21.801Z  INFO 18665 --- [0-event-handler] o.a.k.c.ReplicationControlManager        : [QuorumController id=0] Replayed PartitionRecord for new partition __consumer_offsets-29 with topic ID WFhAaeFcTTmq2n07NQHz8w and PartitionRegistration(replicas=[0], isr=[0], removingReplicas=[], addingReplicas=[], leader=0, leaderRecoveryState=RECOVERED, leaderEpoch=0, partitionEpoch=0).
[INFO] [stdout] 2026-04-20T08:35:21.801Z  INFO 18665 --- [0-event-handler] o.a.k.c.ReplicationControlManager        : [QuorumController id=0] Replayed PartitionRecord for new partition __consumer_offsets-30 with topic ID WFhAaeFcTTmq2n07NQHz8w and PartitionRegistration(replicas=[0], isr=[0], removingReplicas=[], addingReplicas=[], leader=0, leaderRecoveryState=RECOVERED, leaderEpoch=0, partitionEpoch=0).
[INFO] [stdout] 2026-04-20T08:35:21.801Z  INFO 18665 --- [0-event-handler] o.a.k.c.ReplicationControlManager        : [QuorumController id=0] Replayed PartitionRecord for new partition __consumer_offsets-31 with topic ID WFhAaeFcTTmq2n07NQHz8w and PartitionRegistration(replicas=[0], isr=[0], removingReplicas=[], addingReplicas=[], leader=0, leaderRecoveryState=RECOVERED, leaderEpoch=0, partitionEpoch=0).
[INFO] [stdout] 2026-04-20T08:35:21.801Z  INFO 18665 --- [0-event-handler] o.a.k.c.ReplicationControlManager        : [QuorumController id=0] Replayed PartitionRecord for new partition __consumer_offsets-32 with topic ID WFhAaeFcTTmq2n07NQHz8w and PartitionRegistration(replicas=[0], isr=[0], removingReplicas=[], addingReplicas=[], leader=0, leaderRecoveryState=RECOVERED, leaderEpoch=0, partitionEpoch=0).
[INFO] [stdout] 2026-04-20T08:35:21.802Z  INFO 18665 --- [0-event-handler] o.a.k.c.ReplicationControlManager        : [QuorumController id=0] Replayed PartitionRecord for new partition __consumer_offsets-33 with topic ID WFhAaeFcTTmq2n07NQHz8w and PartitionRegistration(replicas=[0], isr=[0], removingReplicas=[], addingReplicas=[], leader=0, leaderRecoveryState=RECOVERED, leaderEpoch=0, partitionEpoch=0).
[INFO] [stdout] 2026-04-20T08:35:21.802Z  INFO 18665 --- [0-event-handler] o.a.k.c.ReplicationControlManager        : [QuorumController id=0] Replayed PartitionRecord for new partition __consumer_offsets-34 with topic ID WFhAaeFcTTmq2n07NQHz8w and PartitionRegistration(replicas=[0], isr=[0], removingReplicas=[], addingReplicas=[], leader=0, leaderRecoveryState=RECOVERED, leaderEpoch=0, partitionEpoch=0).
[INFO] [stdout] 2026-04-20T08:35:21.802Z  INFO 18665 --- [0-event-handler] o.a.k.c.ReplicationControlManager        : [QuorumController id=0] Replayed PartitionRecord for new partition __consumer_offsets-35 with topic ID WFhAaeFcTTmq2n07NQHz8w and PartitionRegistration(replicas=[0], isr=[0], removingReplicas=[], addingReplicas=[], leader=0, leaderRecoveryState=RECOVERED, leaderEpoch=0, partitionEpoch=0).
[INFO] [stdout] 2026-04-20T08:35:21.802Z  INFO 18665 --- [0-event-handler] o.a.k.c.ReplicationControlManager        : [QuorumController id=0] Replayed PartitionRecord for new partition __consumer_offsets-36 with topic ID WFhAaeFcTTmq2n07NQHz8w and PartitionRegistration(replicas=[0], isr=[0], removingReplicas=[], addingReplicas=[], leader=0, leaderRecoveryState=RECOVERED, leaderEpoch=0, partitionEpoch=0).
[INFO] [stdout] 2026-04-20T08:35:21.802Z  INFO 18665 --- [0-event-handler] o.a.k.c.ReplicationControlManager        : [QuorumController id=0] Replayed PartitionRecord for new partition __consumer_offsets-37 with topic ID WFhAaeFcTTmq2n07NQHz8w and PartitionRegistration(replicas=[0], isr=[0], removingReplicas=[], addingReplicas=[], leader=0, leaderRecoveryState=RECOVERED, leaderEpoch=0, partitionEpoch=0).
[INFO] [stdout] 2026-04-20T08:35:21.802Z  INFO 18665 --- [0-event-handler] o.a.k.c.ReplicationControlManager        : [QuorumController id=0] Replayed PartitionRecord for new partition __consumer_offsets-38 with topic ID WFhAaeFcTTmq2n07NQHz8w and PartitionRegistration(replicas=[0], isr=[0], removingReplicas=[], addingReplicas=[], leader=0, leaderRecoveryState=RECOVERED, leaderEpoch=0, partitionEpoch=0).
[INFO] [stdout] 2026-04-20T08:35:21.802Z  INFO 18665 --- [0-event-handler] o.a.k.c.ReplicationControlManager        : [QuorumController id=0] Replayed PartitionRecord for new partition __consumer_offsets-39 with topic ID WFhAaeFcTTmq2n07NQHz8w and PartitionRegistration(replicas=[0], isr=[0], removingReplicas=[], addingReplicas=[], leader=0, leaderRecoveryState=RECOVERED, leaderEpoch=0, partitionEpoch=0).
[INFO] [stdout] 2026-04-20T08:35:21.802Z  INFO 18665 --- [0-event-handler] o.a.k.c.ReplicationControlManager        : [QuorumController id=0] Replayed PartitionRecord for new partition __consumer_offsets-40 with topic ID WFhAaeFcTTmq2n07NQHz8w and PartitionRegistration(replicas=[0], isr=[0], removingReplicas=[], addingReplicas=[], leader=0, leaderRecoveryState=RECOVERED, leaderEpoch=0, partitionEpoch=0).
[INFO] [stdout] 2026-04-20T08:35:21.802Z  INFO 18665 --- [0-event-handler] o.a.k.c.ReplicationControlManager        : [QuorumController id=0] Replayed PartitionRecord for new partition __consumer_offsets-41 with topic ID WFhAaeFcTTmq2n07NQHz8w and PartitionRegistration(replicas=[0], isr=[0], removingReplicas=[], addingReplicas=[], leader=0, leaderRecoveryState=RECOVERED, leaderEpoch=0, partitionEpoch=0).
[INFO] [stdout] 2026-04-20T08:35:21.802Z  INFO 18665 --- [0-event-handler] o.a.k.c.ReplicationControlManager        : [QuorumController id=0] Replayed PartitionRecord for new partition __consumer_offsets-42 with topic ID WFhAaeFcTTmq2n07NQHz8w and PartitionRegistration(replicas=[0], isr=[0], removingReplicas=[], addingReplicas=[], leader=0, leaderRecoveryState=RECOVERED, leaderEpoch=0, partitionEpoch=0).
[INFO] [stdout] 2026-04-20T08:35:21.802Z  INFO 18665 --- [0-event-handler] o.a.k.c.ReplicationControlManager        : [QuorumController id=0] Replayed PartitionRecord for new partition __consumer_offsets-43 with topic ID WFhAaeFcTTmq2n07NQHz8w and PartitionRegistration(replicas=[0], isr=[0], removingReplicas=[], addingReplicas=[], leader=0, leaderRecoveryState=RECOVERED, leaderEpoch=0, partitionEpoch=0).
[INFO] [stdout] 2026-04-20T08:35:21.803Z  INFO 18665 --- [0-event-handler] o.a.k.c.ReplicationControlManager        : [QuorumController id=0] Replayed PartitionRecord for new partition __consumer_offsets-44 with topic ID WFhAaeFcTTmq2n07NQHz8w and PartitionRegistration(replicas=[0], isr=[0], removingReplicas=[], addingReplicas=[], leader=0, leaderRecoveryState=RECOVERED, leaderEpoch=0, partitionEpoch=0).
[INFO] [stdout] 2026-04-20T08:35:21.806Z  INFO 18665 --- [0-event-handler] o.a.k.c.ReplicationControlManager        : [QuorumController id=0] Replayed PartitionRecord for new partition __consumer_offsets-45 with topic ID WFhAaeFcTTmq2n07NQHz8w and PartitionRegistration(replicas=[0], isr=[0], removingReplicas=[], addingReplicas=[], leader=0, leaderRecoveryState=RECOVERED, leaderEpoch=0, partitionEpoch=0).
[INFO] [stdout] 2026-04-20T08:35:21.806Z  INFO 18665 --- [0-event-handler] o.a.k.c.ReplicationControlManager        : [QuorumController id=0] Replayed PartitionRecord for new partition __consumer_offsets-46 with topic ID WFhAaeFcTTmq2n07NQHz8w and PartitionRegistration(replicas=[0], isr=[0], removingReplicas=[], addingReplicas=[], leader=0, leaderRecoveryState=RECOVERED, leaderEpoch=0, partitionEpoch=0).
[INFO] [stdout] 2026-04-20T08:35:21.808Z  INFO 18665 --- [0-event-handler] o.a.k.c.ReplicationControlManager        : [QuorumController id=0] Replayed PartitionRecord for new partition __consumer_offsets-47 with topic ID WFhAaeFcTTmq2n07NQHz8w and PartitionRegistration(replicas=[0], isr=[0], removingReplicas=[], addingReplicas=[], leader=0, leaderRecoveryState=RECOVERED, leaderEpoch=0, partitionEpoch=0).
[INFO] [stdout] 2026-04-20T08:35:21.808Z  INFO 18665 --- [0-event-handler] o.a.k.c.ReplicationControlManager        : [QuorumController id=0] Replayed PartitionRecord for new partition __consumer_offsets-48 with topic ID WFhAaeFcTTmq2n07NQHz8w and PartitionRegistration(replicas=[0], isr=[0], removingReplicas=[], addingReplicas=[], leader=0, leaderRecoveryState=RECOVERED, leaderEpoch=0, partitionEpoch=0).
[INFO] [stdout] 2026-04-20T08:35:21.808Z  INFO 18665 --- [0-event-handler] o.a.k.c.ReplicationControlManager        : [QuorumController id=0] Replayed PartitionRecord for new partition __consumer_offsets-49 with topic ID WFhAaeFcTTmq2n07NQHz8w and PartitionRegistration(replicas=[0], isr=[0], removingReplicas=[], addingReplicas=[], leader=0, leaderRecoveryState=RECOVERED, leaderEpoch=0, partitionEpoch=0).
[INFO] [stdout] 2026-04-20T08:35:21.819Z  INFO 18665 --- [r-event-handler] kafka.log.UnifiedLog$                    : [LogLoader partition=trader-updates-0, dir=/tmp/kafka-258122364909861766/broker_0_data0] Loading producer state till offset 0 with message format version 2
[INFO] [stdout] 2026-04-20T08:35:21.824Z  INFO 18665 --- [r-event-handler] kafka.log.LogManager                     : Created log for partition trader-updates-0 in /tmp/kafka-258122364909861766/broker_0_data0/trader-updates-0 with properties {}
[INFO] [stdout] 2026-04-20T08:35:21.829Z  INFO 18665 --- [r-event-handler] kafka.cluster.Partition                  : [Partition trader-updates-0 broker=0] No checkpointed highwatermark is found for partition trader-updates-0
[INFO] [stdout] 2026-04-20T08:35:21.834Z  INFO 18665 --- [r-event-handler] kafka.cluster.Partition                  : [Partition trader-updates-0 broker=0] Log loaded for partition trader-updates-0 with initial high watermark 0
[INFO] [stdout] 2026-04-20T08:35:21.845Z  INFO 18665 --- [r-event-handler] state.change.logger                      : [Broker id=0] Leader trader-updates-0 with topic id Some(BGYIrdbzSKSN0y5J6Z6g5Q) starts at leader epoch 0 from offset 0 with partition epoch 0, high watermark 0, ISR [0], adding replicas [] and removing replicas [] . Previous leader None and previous leader epoch was -1.
[INFO] [stdout] 2026-04-20T08:35:21.858Z  INFO 18665 --- [r-event-handler] state.change.logger                      : [Broker id=0] Transitioning 50 partition(s) to local leaders.
[INFO] [stdout] 2026-04-20T08:35:21.860Z  INFO 18665 --- [r-event-handler] kafka.server.ReplicaFetcherManager       : [ReplicaFetcherManager on broker 0] Removed fetcher for partitions Set(__consumer_offsets-13, __consumer_offsets-46, __consumer_offsets-9, __consumer_offsets-42, __consumer_offsets-21, __consumer_offsets-17, __consumer_offsets-30, __consumer_offsets-26, __consumer_offsets-5, __consumer_offsets-38, __consumer_offsets-1, __consumer_offsets-34, __consumer_offsets-16, __consumer_offsets-45, __consumer_offsets-12, __consumer_offsets-41, __consumer_offsets-24, __consumer_offsets-20, __consumer_offsets-49, __consumer_offsets-0, __consumer_offsets-29, __consumer_offsets-25, __consumer_offsets-8, __consumer_offsets-37, __consumer_offsets-4, __consumer_offsets-33, __consumer_offsets-15, __consumer_offsets-48, __consumer_offsets-11, __consumer_offsets-44, __consumer_offsets-23, __consumer_offsets-19, __consumer_offsets-32, __consumer_offsets-28, __consumer_offsets-7, __consumer_offsets-40, __consumer_offsets-3, __consumer_offsets-36, __consumer_offsets-47, __consumer_offsets-14, __consumer_offsets-43, __consumer_offsets-10, __consumer_offsets-22, __consumer_offsets-18, __consumer_offsets-31, __consumer_offsets-27, __consumer_offsets-39, __consumer_offsets-6, __consumer_offsets-35, __consumer_offsets-2)
[INFO] [stdout] 2026-04-20T08:35:21.860Z  INFO 18665 --- [r-event-handler] state.change.logger                      : [Broker id=0] Creating new partition __consumer_offsets-13 with topic id WFhAaeFcTTmq2n07NQHz8w.
[INFO] [stdout] 2026-04-20T08:35:21.866Z  INFO 18665 --- [r-event-handler] kafka.log.UnifiedLog$                    : [LogLoader partition=__consumer_offsets-13, dir=/tmp/kafka-258122364909861766/broker_0_data0] Loading producer state till offset 0 with message format version 2
[INFO] [stdout] 2026-04-20T08:35:21.870Z  INFO 18665 --- [r-event-handler] kafka.log.LogManager                     : Created log for partition __consumer_offsets-13 in /tmp/kafka-258122364909861766/broker_0_data0/__consumer_offsets-13 with properties {cleanup.policy=compact, compression.type="producer", segment.bytes=104857600}
[INFO] [stdout] 2026-04-20T08:35:21.871Z  INFO 18665 --- [r-event-handler] kafka.cluster.Partition                  : [Partition __consumer_offsets-13 broker=0] No checkpointed highwatermark is found for partition __consumer_offsets-13
[INFO] [stdout] 2026-04-20T08:35:21.871Z  INFO 18665 --- [r-event-handler] kafka.cluster.Partition                  : [Partition __consumer_offsets-13 broker=0] Log loaded for partition __consumer_offsets-13 with initial high watermark 0
[INFO] [stdout] 2026-04-20T08:35:21.871Z  INFO 18665 --- [r-event-handler] state.change.logger                      : [Broker id=0] Leader __consumer_offsets-13 with topic id Some(WFhAaeFcTTmq2n07NQHz8w) starts at leader epoch 0 from offset 0 with partition epoch 0, high watermark 0, ISR [0], adding replicas [] and removing replicas [] . Previous leader None and previous leader epoch was -1.
[INFO] [stdout] 2026-04-20T08:35:21.873Z  INFO 18665 --- [r-event-handler] state.change.logger                      : [Broker id=0] Creating new partition __consumer_offsets-46 with topic id WFhAaeFcTTmq2n07NQHz8w.
[INFO] [stdout] 2026-04-20T08:35:21.879Z  INFO 18665 --- [r-event-handler] kafka.log.UnifiedLog$                    : [LogLoader partition=__consumer_offsets-46, dir=/tmp/kafka-258122364909861766/broker_0_data0] Loading producer state till offset 0 with message format version 2
[INFO] [stdout] 2026-04-20T08:35:21.880Z  INFO 18665 --- [r-event-handler] kafka.log.LogManager                     : Created log for partition __consumer_offsets-46 in /tmp/kafka-258122364909861766/broker_0_data0/__consumer_offsets-46 with properties {cleanup.policy=compact, compression.type="producer", segment.bytes=104857600}
[INFO] [stdout] 2026-04-20T08:35:21.882Z  INFO 18665 --- [r-event-handler] kafka.cluster.Partition                  : [Partition __consumer_offsets-46 broker=0] No checkpointed highwatermark is found for partition __consumer_offsets-46
[INFO] [stdout] 2026-04-20T08:35:21.882Z  INFO 18665 --- [r-event-handler] kafka.cluster.Partition                  : [Partition __consumer_offsets-46 broker=0] Log loaded for partition __consumer_offsets-46 with initial high watermark 0
[INFO] [stdout] 2026-04-20T08:35:21.882Z  INFO 18665 --- [r-event-handler] state.change.logger                      : [Broker id=0] Leader __consumer_offsets-46 with topic id Some(WFhAaeFcTTmq2n07NQHz8w) starts at leader epoch 0 from offset 0 with partition epoch 0, high watermark 0, ISR [0], adding replicas [] and removing replicas [] . Previous leader None and previous leader epoch was -1.
[INFO] [stdout] 2026-04-20T08:35:21.883Z  INFO 18665 --- [r-event-handler] state.change.logger                      : [Broker id=0] Creating new partition __consumer_offsets-9 with topic id WFhAaeFcTTmq2n07NQHz8w.
[INFO] [stdout] 2026-04-20T08:35:21.886Z  INFO 18665 --- [r-event-handler] kafka.log.UnifiedLog$                    : [LogLoader partition=__consumer_offsets-9, dir=/tmp/kafka-258122364909861766/broker_0_data0] Loading producer state till offset 0 with message format version 2
[INFO] [stdout] 2026-04-20T08:35:21.893Z  INFO 18665 --- [r-event-handler] kafka.log.LogManager                     : Created log for partition __consumer_offsets-9 in /tmp/kafka-258122364909861766/broker_0_data0/__consumer_offsets-9 with properties {cleanup.policy=compact, compression.type="producer", segment.bytes=104857600}
[INFO] [stdout] 2026-04-20T08:35:21.948Z  INFO 18665 --- [r-event-handler] kafka.cluster.Partition                  : [Partition __consumer_offsets-9 broker=0] No checkpointed highwatermark is found for partition __consumer_offsets-9
[INFO] [stdout] 2026-04-20T08:35:21.948Z  INFO 18665 --- [r-event-handler] kafka.cluster.Partition                  : [Partition __consumer_offsets-9 broker=0] Log loaded for partition __consumer_offsets-9 with initial high watermark 0
[INFO] [stdout] 2026-04-20T08:35:21.948Z  INFO 18665 --- [r-event-handler] state.change.logger                      : [Broker id=0] Leader __consumer_offsets-9 with topic id Some(WFhAaeFcTTmq2n07NQHz8w) starts at leader epoch 0 from offset 0 with partition epoch 0, high watermark 0, ISR [0], adding replicas [] and removing replicas [] . Previous leader None and previous leader epoch was -1.
[INFO] [stdout] 2026-04-20T08:35:21.952Z  INFO 18665 --- [r-event-handler] state.change.logger                      : [Broker id=0] Creating new partition __consumer_offsets-42 with topic id WFhAaeFcTTmq2n07NQHz8w.
[INFO] [stdout] 2026-04-20T08:35:21.959Z  INFO 18665 --- [r-event-handler] kafka.log.UnifiedLog$                    : [LogLoader partition=__consumer_offsets-42, dir=/tmp/kafka-258122364909861766/broker_0_data0] Loading producer state till offset 0 with message format version 2
[INFO] [stdout] 2026-04-20T08:35:21.960Z  INFO 18665 --- [r-event-handler] kafka.log.LogManager                     : Created log for partition __consumer_offsets-42 in /tmp/kafka-258122364909861766/broker_0_data0/__consumer_offsets-42 with properties {cleanup.policy=compact, compression.type="producer", segment.bytes=104857600}
[INFO] [stdout] 2026-04-20T08:35:21.960Z  INFO 18665 --- [r-event-handler] kafka.cluster.Partition                  : [Partition __consumer_offsets-42 broker=0] No checkpointed highwatermark is found for partition __consumer_offsets-42
[INFO] [stdout] 2026-04-20T08:35:21.962Z  INFO 18665 --- [r-event-handler] kafka.cluster.Partition                  : [Partition __consumer_offsets-42 broker=0] Log loaded for partition __consumer_offsets-42 with initial high watermark 0
[INFO] [stdout] 2026-04-20T08:35:21.962Z  INFO 18665 --- [r-event-handler] state.change.logger                      : [Broker id=0] Leader __consumer_offsets-42 with topic id Some(WFhAaeFcTTmq2n07NQHz8w) starts at leader epoch 0 from offset 0 with partition epoch 0, high watermark 0, ISR [0], adding replicas [] and removing replicas [] . Previous leader None and previous leader epoch was -1.
[INFO] [stdout] 2026-04-20T08:35:21.964Z  INFO 18665 --- [r-event-handler] state.change.logger                      : [Broker id=0] Creating new partition __consumer_offsets-21 with topic id WFhAaeFcTTmq2n07NQHz8w.
[INFO] [stdout] 2026-04-20T08:35:21.965Z  INFO 18665 --- [ntainer#0-0-C-1] o.a.k.c.c.internals.ConsumerCoordinator  : [Consumer clientId=consumer-midas-core-1, groupId=midas-core] Discovered group coordinator localhost:37193 (id: 2147483647 rack: null)
[INFO] [stdout] 2026-04-20T08:35:21.971Z  INFO 18665 --- [r-event-handler] kafka.log.UnifiedLog$                    : [LogLoader partition=__consumer_offsets-21, dir=/tmp/kafka-258122364909861766/broker_0_data0] Loading producer state till offset 0 with message format version 2
[INFO] [stdout] 2026-04-20T08:35:21.972Z  INFO 18665 --- [r-event-handler] kafka.log.LogManager                     : Created log for partition __consumer_offsets-21 in /tmp/kafka-258122364909861766/broker_0_data0/__consumer_offsets-21 with properties {cleanup.policy=compact, compression.type="producer", segment.bytes=104857600}
[INFO] [stdout] 2026-04-20T08:35:21.972Z  INFO 18665 --- [r-event-handler] kafka.cluster.Partition                  : [Partition __consumer_offsets-21 broker=0] No checkpointed highwatermark is found for partition __consumer_offsets-21
[INFO] [stdout] 2026-04-20T08:35:21.972Z  INFO 18665 --- [r-event-handler] kafka.cluster.Partition                  : [Partition __consumer_offsets-21 broker=0] Log loaded for partition __consumer_offsets-21 with initial high watermark 0
[INFO] [stdout] 2026-04-20T08:35:21.975Z  INFO 18665 --- [r-event-handler] state.change.logger                      : [Broker id=0] Leader __consumer_offsets-21 with topic id Some(WFhAaeFcTTmq2n07NQHz8w) starts at leader epoch 0 from offset 0 with partition epoch 0, high watermark 0, ISR [0], adding replicas [] and removing replicas [] . Previous leader None and previous leader epoch was -1.
[INFO] [stdout] 2026-04-20T08:35:21.976Z  INFO 18665 --- [r-event-handler] state.change.logger                      : [Broker id=0] Creating new partition __consumer_offsets-17 with topic id WFhAaeFcTTmq2n07NQHz8w.
[INFO] [stdout] 2026-04-20T08:35:21.979Z  INFO 18665 --- [ntainer#0-0-C-1] o.a.k.c.c.internals.ConsumerCoordinator  : [Consumer clientId=consumer-midas-core-1, groupId=midas-core] (Re-)joining group
[INFO] [stdout] 2026-04-20T08:35:21.984Z  INFO 18665 --- [r-event-handler] kafka.log.UnifiedLog$                    : [LogLoader partition=__consumer_offsets-17, dir=/tmp/kafka-258122364909861766/broker_0_data0] Loading producer state till offset 0 with message format version 2
[INFO] [stdout] 2026-04-20T08:35:21.985Z  INFO 18665 --- [r-event-handler] kafka.log.LogManager                     : Created log for partition __consumer_offsets-17 in /tmp/kafka-258122364909861766/broker_0_data0/__consumer_offsets-17 with properties {cleanup.policy=compact, compression.type="producer", segment.bytes=104857600}
[INFO] [stdout] 2026-04-20T08:35:21.985Z  INFO 18665 --- [r-event-handler] kafka.cluster.Partition                  : [Partition __consumer_offsets-17 broker=0] No checkpointed highwatermark is found for partition __consumer_offsets-17
[INFO] [stdout] 2026-04-20T08:35:21.985Z  INFO 18665 --- [r-event-handler] kafka.cluster.Partition                  : [Partition __consumer_offsets-17 broker=0] Log loaded for partition __consumer_offsets-17 with initial high watermark 0
[INFO] [stdout] 2026-04-20T08:35:21.986Z  INFO 18665 --- [r-event-handler] state.change.logger                      : [Broker id=0] Leader __consumer_offsets-17 with topic id Some(WFhAaeFcTTmq2n07NQHz8w) starts at leader epoch 0 from offset 0 with partition epoch 0, high watermark 0, ISR [0], adding replicas [] and removing replicas [] . Previous leader None and previous leader epoch was -1.
[INFO] [stdout] 2026-04-20T08:35:21.990Z  INFO 18665 --- [r-event-handler] state.change.logger                      : [Broker id=0] Creating new partition __consumer_offsets-30 with topic id WFhAaeFcTTmq2n07NQHz8w.
[INFO] [stdout] 2026-04-20T08:35:21.998Z  INFO 18665 --- [r-event-handler] kafka.log.UnifiedLog$                    : [LogLoader partition=__consumer_offsets-30, dir=/tmp/kafka-258122364909861766/broker_0_data0] Loading producer state till offset 0 with message format version 2
[INFO] [stdout] 2026-04-20T08:35:22.000Z  INFO 18665 --- [r-event-handler] kafka.log.LogManager                     : Created log for partition __consumer_offsets-30 in /tmp/kafka-258122364909861766/broker_0_data0/__consumer_offsets-30 with properties {cleanup.policy=compact, compression.type="producer", segment.bytes=104857600}
[INFO] [stdout] 2026-04-20T08:35:22.001Z  INFO 18665 --- [r-event-handler] kafka.cluster.Partition                  : [Partition __consumer_offsets-30 broker=0] No checkpointed highwatermark is found for partition __consumer_offsets-30
[INFO] [stdout] 2026-04-20T08:35:22.001Z  INFO 18665 --- [r-event-handler] kafka.cluster.Partition                  : [Partition __consumer_offsets-30 broker=0] Log loaded for partition __consumer_offsets-30 with initial high watermark 0
[INFO] [stdout] 2026-04-20T08:35:22.001Z  INFO 18665 --- [r-event-handler] state.change.logger                      : [Broker id=0] Leader __consumer_offsets-30 with topic id Some(WFhAaeFcTTmq2n07NQHz8w) starts at leader epoch 0 from offset 0 with partition epoch 0, high watermark 0, ISR [0], adding replicas [] and removing replicas [] . Previous leader None and previous leader epoch was -1.
[INFO] [stdout] 2026-04-20T08:35:22.017Z  INFO 18665 --- [r-event-handler] state.change.logger                      : [Broker id=0] Creating new partition __consumer_offsets-26 with topic id WFhAaeFcTTmq2n07NQHz8w.
[INFO] [stdout] 2026-04-20T08:35:22.026Z  INFO 18665 --- [r-event-handler] kafka.log.UnifiedLog$                    : [LogLoader partition=__consumer_offsets-26, dir=/tmp/kafka-258122364909861766/broker_0_data0] Loading producer state till offset 0 with message format version 2
[INFO] [stdout] 2026-04-20T08:35:22.027Z  INFO 18665 --- [r-event-handler] kafka.log.LogManager                     : Created log for partition __consumer_offsets-26 in /tmp/kafka-258122364909861766/broker_0_data0/__consumer_offsets-26 with properties {cleanup.policy=compact, compression.type="producer", segment.bytes=104857600}
[INFO] [stdout] 2026-04-20T08:35:22.027Z  INFO 18665 --- [r-event-handler] kafka.cluster.Partition                  : [Partition __consumer_offsets-26 broker=0] No checkpointed highwatermark is found for partition __consumer_offsets-26
[INFO] [stdout] 2026-04-20T08:35:22.027Z  INFO 18665 --- [r-event-handler] kafka.cluster.Partition                  : [Partition __consumer_offsets-26 broker=0] Log loaded for partition __consumer_offsets-26 with initial high watermark 0
[INFO] [stdout] 2026-04-20T08:35:22.027Z  INFO 18665 --- [r-event-handler] state.change.logger                      : [Broker id=0] Leader __consumer_offsets-26 with topic id Some(WFhAaeFcTTmq2n07NQHz8w) starts at leader epoch 0 from offset 0 with partition epoch 0, high watermark 0, ISR [0], adding replicas [] and removing replicas [] . Previous leader None and previous leader epoch was -1.
[INFO] [stdout] 2026-04-20T08:35:22.036Z  INFO 18665 --- [r-event-handler] state.change.logger                      : [Broker id=0] Creating new partition __consumer_offsets-5 with topic id WFhAaeFcTTmq2n07NQHz8w.
[INFO] [stdout] 2026-04-20T08:35:22.046Z  INFO 18665 --- [ntainer#0-0-C-1] o.a.k.c.c.internals.ConsumerCoordinator  : [Consumer clientId=consumer-midas-core-1, groupId=midas-core] Group coordinator localhost:37193 (id: 2147483647 rack: null) is unavailable or invalid due to cause: error response NOT_COORDINATOR. isDisconnected: false. Rediscovery will be attempted.
[INFO] [stdout] 2026-04-20T08:35:22.047Z  INFO 18665 --- [ntainer#0-0-C-1] o.a.k.c.c.internals.ConsumerCoordinator  : [Consumer clientId=consumer-midas-core-1, groupId=midas-core] Requesting disconnect from last known coordinator localhost:37193 (id: 2147483647 rack: null)
[INFO] [stdout] 2026-04-20T08:35:22.048Z  INFO 18665 --- [ntainer#0-0-C-1] o.a.k.c.c.internals.ConsumerCoordinator  : [Consumer clientId=consumer-midas-core-1, groupId=midas-core] JoinGroup failed: This is not the correct coordinator. Marking coordinator unknown. Sent generation was Generation{generationId=-1, memberId='', protocol='null'}
[INFO] [stdout] 2026-04-20T08:35:22.049Z  INFO 18665 --- [ntainer#0-0-C-1] org.apache.kafka.clients.NetworkClient   : [Consumer clientId=consumer-midas-core-1, groupId=midas-core] Client requested disconnect from node 2147483647
[INFO] [stdout] 2026-04-20T08:35:22.051Z  INFO 18665 --- [r-event-handler] kafka.log.UnifiedLog$                    : [LogLoader partition=__consumer_offsets-5, dir=/tmp/kafka-258122364909861766/broker_0_data0] Loading producer state till offset 0 with message format version 2
[INFO] [stdout] 2026-04-20T08:35:22.055Z  INFO 18665 --- [r-event-handler] kafka.log.LogManager                     : Created log for partition __consumer_offsets-5 in /tmp/kafka-258122364909861766/broker_0_data0/__consumer_offsets-5 with properties {cleanup.policy=compact, compression.type="producer", segment.bytes=104857600}
[INFO] [stdout] 2026-04-20T08:35:22.055Z  INFO 18665 --- [r-event-handler] kafka.cluster.Partition                  : [Partition __consumer_offsets-5 broker=0] No checkpointed highwatermark is found for partition __consumer_offsets-5
[INFO] [stdout] 2026-04-20T08:35:22.055Z  INFO 18665 --- [r-event-handler] kafka.cluster.Partition                  : [Partition __consumer_offsets-5 broker=0] Log loaded for partition __consumer_offsets-5 with initial high watermark 0
[INFO] [stdout] 2026-04-20T08:35:22.056Z  INFO 18665 --- [r-event-handler] state.change.logger                      : [Broker id=0] Leader __consumer_offsets-5 with topic id Some(WFhAaeFcTTmq2n07NQHz8w) starts at leader epoch 0 from offset 0 with partition epoch 0, high watermark 0, ISR [0], adding replicas [] and removing replicas [] . Previous leader None and previous leader epoch was -1.
[INFO] [stdout] 2026-04-20T08:35:22.059Z  INFO 18665 --- [r-event-handler] state.change.logger                      : [Broker id=0] Creating new partition __consumer_offsets-38 with topic id WFhAaeFcTTmq2n07NQHz8w.
[INFO] [stdout] 2026-04-20T08:35:22.064Z  INFO 18665 --- [ntainer#0-0-C-1] o.a.k.c.c.internals.ConsumerCoordinator  : [Consumer clientId=consumer-midas-core-1, groupId=midas-core] Discovered group coordinator localhost:37193 (id: 2147483647 rack: null)
[INFO] [stdout] 2026-04-20T08:35:22.065Z  INFO 18665 --- [ntainer#0-0-C-1] o.a.k.c.c.internals.ConsumerCoordinator  : [Consumer clientId=consumer-midas-core-1, groupId=midas-core] Group coordinator localhost:37193 (id: 2147483647 rack: null) is unavailable or invalid due to cause: coordinator unavailable. isDisconnected: false. Rediscovery will be attempted.
[INFO] [stdout] 2026-04-20T08:35:22.065Z  INFO 18665 --- [ntainer#0-0-C-1] o.a.k.c.c.internals.ConsumerCoordinator  : [Consumer clientId=consumer-midas-core-1, groupId=midas-core] Requesting disconnect from last known coordinator localhost:37193 (id: 2147483647 rack: null)
[INFO] [stdout] 2026-04-20T08:35:22.068Z  INFO 18665 --- [r-event-handler] kafka.log.UnifiedLog$                    : [LogLoader partition=__consumer_offsets-38, dir=/tmp/kafka-258122364909861766/broker_0_data0] Loading producer state till offset 0 with message format version 2
[INFO] [stdout] 2026-04-20T08:35:22.069Z  INFO 18665 --- [r-event-handler] kafka.log.LogManager                     : Created log for partition __consumer_offsets-38 in /tmp/kafka-258122364909861766/broker_0_data0/__consumer_offsets-38 with properties {cleanup.policy=compact, compression.type="producer", segment.bytes=104857600}
[INFO] [stdout] 2026-04-20T08:35:22.069Z  INFO 18665 --- [r-event-handler] kafka.cluster.Partition                  : [Partition __consumer_offsets-38 broker=0] No checkpointed highwatermark is found for partition __consumer_offsets-38
[INFO] [stdout] 2026-04-20T08:35:22.069Z  INFO 18665 --- [r-event-handler] kafka.cluster.Partition                  : [Partition __consumer_offsets-38 broker=0] Log loaded for partition __consumer_offsets-38 with initial high watermark 0
[INFO] [stdout] 2026-04-20T08:35:22.069Z  INFO 18665 --- [r-event-handler] state.change.logger                      : [Broker id=0] Leader __consumer_offsets-38 with topic id Some(WFhAaeFcTTmq2n07NQHz8w) starts at leader epoch 0 from offset 0 with partition epoch 0, high watermark 0, ISR [0], adding replicas [] and removing replicas [] . Previous leader None and previous leader epoch was -1.
[INFO] [stdout] 2026-04-20T08:35:22.073Z  INFO 18665 --- [r-event-handler] state.change.logger                      : [Broker id=0] Creating new partition __consumer_offsets-1 with topic id WFhAaeFcTTmq2n07NQHz8w.
[INFO] [stdout] 2026-04-20T08:35:22.078Z  INFO 18665 --- [r-event-handler] kafka.log.UnifiedLog$                    : [LogLoader partition=__consumer_offsets-1, dir=/tmp/kafka-258122364909861766/broker_0_data0] Loading producer state till offset 0 with message format version 2
[INFO] [stdout] 2026-04-20T08:35:22.081Z  INFO 18665 --- [r-event-handler] kafka.log.LogManager                     : Created log for partition __consumer_offsets-1 in /tmp/kafka-258122364909861766/broker_0_data0/__consumer_offsets-1 with properties {cleanup.policy=compact, compression.type="producer", segment.bytes=104857600}
[INFO] [stdout] 2026-04-20T08:35:22.082Z  INFO 18665 --- [r-event-handler] kafka.cluster.Partition                  : [Partition __consumer_offsets-1 broker=0] No checkpointed highwatermark is found for partition __consumer_offsets-1
[INFO] [stdout] 2026-04-20T08:35:22.082Z  INFO 18665 --- [r-event-handler] kafka.cluster.Partition                  : [Partition __consumer_offsets-1 broker=0] Log loaded for partition __consumer_offsets-1 with initial high watermark 0
[INFO] [stdout] 2026-04-20T08:35:22.082Z  INFO 18665 --- [r-event-handler] state.change.logger                      : [Broker id=0] Leader __consumer_offsets-1 with topic id Some(WFhAaeFcTTmq2n07NQHz8w) starts at leader epoch 0 from offset 0 with partition epoch 0, high watermark 0, ISR [0], adding replicas [] and removing replicas [] . Previous leader None and previous leader epoch was -1.
[INFO] [stdout] 2026-04-20T08:35:22.083Z  INFO 18665 --- [r-event-handler] state.change.logger                      : [Broker id=0] Creating new partition __consumer_offsets-34 with topic id WFhAaeFcTTmq2n07NQHz8w.
[INFO] [stdout] 2026-04-20T08:35:22.089Z  INFO 18665 --- [r-event-handler] kafka.log.UnifiedLog$                    : [LogLoader partition=__consumer_offsets-34, dir=/tmp/kafka-258122364909861766/broker_0_data0] Loading producer state till offset 0 with message format version 2
[INFO] [stdout] 2026-04-20T08:35:22.089Z  INFO 18665 --- [r-event-handler] kafka.log.LogManager                     : Created log for partition __consumer_offsets-34 in /tmp/kafka-258122364909861766/broker_0_data0/__consumer_offsets-34 with properties {cleanup.policy=compact, compression.type="producer", segment.bytes=104857600}
[INFO] [stdout] 2026-04-20T08:35:22.089Z  INFO 18665 --- [r-event-handler] kafka.cluster.Partition                  : [Partition __consumer_offsets-34 broker=0] No checkpointed highwatermark is found for partition __consumer_offsets-34
[INFO] [stdout] 2026-04-20T08:35:22.089Z  INFO 18665 --- [r-event-handler] kafka.cluster.Partition                  : [Partition __consumer_offsets-34 broker=0] Log loaded for partition __consumer_offsets-34 with initial high watermark 0
[INFO] [stdout] 2026-04-20T08:35:22.089Z  INFO 18665 --- [r-event-handler] state.change.logger                      : [Broker id=0] Leader __consumer_offsets-34 with topic id Some(WFhAaeFcTTmq2n07NQHz8w) starts at leader epoch 0 from offset 0 with partition epoch 0, high watermark 0, ISR [0], adding replicas [] and removing replicas [] . Previous leader None and previous leader epoch was -1.
[INFO] [stdout] 2026-04-20T08:35:22.097Z  INFO 18665 --- [r-event-handler] state.change.logger                      : [Broker id=0] Creating new partition __consumer_offsets-16 with topic id WFhAaeFcTTmq2n07NQHz8w.
[INFO] [stdout] 2026-04-20T08:35:22.101Z  INFO 18665 --- [r-event-handler] kafka.log.UnifiedLog$                    : [LogLoader partition=__consumer_offsets-16, dir=/tmp/kafka-258122364909861766/broker_0_data0] Loading producer state till offset 0 with message format version 2
[INFO] [stdout] 2026-04-20T08:35:22.102Z  INFO 18665 --- [r-event-handler] kafka.log.LogManager                     : Created log for partition __consumer_offsets-16 in /tmp/kafka-258122364909861766/broker_0_data0/__consumer_offsets-16 with properties {cleanup.policy=compact, compression.type="producer", segment.bytes=104857600}
[INFO] [stdout] 2026-04-20T08:35:22.102Z  INFO 18665 --- [r-event-handler] kafka.cluster.Partition                  : [Partition __consumer_offsets-16 broker=0] No checkpointed highwatermark is found for partition __consumer_offsets-16
[INFO] [stdout] 2026-04-20T08:35:22.102Z  INFO 18665 --- [r-event-handler] kafka.cluster.Partition                  : [Partition __consumer_offsets-16 broker=0] Log loaded for partition __consumer_offsets-16 with initial high watermark 0
[INFO] [stdout] 2026-04-20T08:35:22.102Z  INFO 18665 --- [r-event-handler] state.change.logger                      : [Broker id=0] Leader __consumer_offsets-16 with topic id Some(WFhAaeFcTTmq2n07NQHz8w) starts at leader epoch 0 from offset 0 with partition epoch 0, high watermark 0, ISR [0], adding replicas [] and removing replicas [] . Previous leader None and previous leader epoch was -1.
[INFO] [stdout] 2026-04-20T08:35:22.107Z  INFO 18665 --- [r-event-handler] state.change.logger                      : [Broker id=0] Creating new partition __consumer_offsets-45 with topic id WFhAaeFcTTmq2n07NQHz8w.
[INFO] [stdout] 2026-04-20T08:35:22.113Z  INFO 18665 --- [r-event-handler] kafka.log.UnifiedLog$                    : [LogLoader partition=__consumer_offsets-45, dir=/tmp/kafka-258122364909861766/broker_0_data0] Loading producer state till offset 0 with message format version 2
[INFO] [stdout] 2026-04-20T08:35:22.116Z  INFO 18665 --- [r-event-handler] kafka.log.LogManager                     : Created log for partition __consumer_offsets-45 in /tmp/kafka-258122364909861766/broker_0_data0/__consumer_offsets-45 with properties {cleanup.policy=compact, compression.type="producer", segment.bytes=104857600}
[INFO] [stdout] 2026-04-20T08:35:22.116Z  INFO 18665 --- [r-event-handler] kafka.cluster.Partition                  : [Partition __consumer_offsets-45 broker=0] No checkpointed highwatermark is found for partition __consumer_offsets-45
[INFO] [stdout] 2026-04-20T08:35:22.116Z  INFO 18665 --- [r-event-handler] kafka.cluster.Partition                  : [Partition __consumer_offsets-45 broker=0] Log loaded for partition __consumer_offsets-45 with initial high watermark 0
[INFO] [stdout] 2026-04-20T08:35:22.116Z  INFO 18665 --- [r-event-handler] state.change.logger                      : [Broker id=0] Leader __consumer_offsets-45 with topic id Some(WFhAaeFcTTmq2n07NQHz8w) starts at leader epoch 0 from offset 0 with partition epoch 0, high watermark 0, ISR [0], adding replicas [] and removing replicas [] . Previous leader None and previous leader epoch was -1.
[INFO] [stdout] 2026-04-20T08:35:22.118Z  INFO 18665 --- [r-event-handler] state.change.logger                      : [Broker id=0] Creating new partition __consumer_offsets-12 with topic id WFhAaeFcTTmq2n07NQHz8w.
[INFO] [stdout] 2026-04-20T08:35:22.124Z  INFO 18665 --- [r-event-handler] kafka.log.UnifiedLog$                    : [LogLoader partition=__consumer_offsets-12, dir=/tmp/kafka-258122364909861766/broker_0_data0] Loading producer state till offset 0 with message format version 2
[INFO] [stdout] 2026-04-20T08:35:22.125Z  INFO 18665 --- [r-event-handler] kafka.log.LogManager                     : Created log for partition __consumer_offsets-12 in /tmp/kafka-258122364909861766/broker_0_data0/__consumer_offsets-12 with properties {cleanup.policy=compact, compression.type="producer", segment.bytes=104857600}
[INFO] [stdout] 2026-04-20T08:35:22.125Z  INFO 18665 --- [r-event-handler] kafka.cluster.Partition                  : [Partition __consumer_offsets-12 broker=0] No checkpointed highwatermark is found for partition __consumer_offsets-12
[INFO] [stdout] 2026-04-20T08:35:22.125Z  INFO 18665 --- [r-event-handler] kafka.cluster.Partition                  : [Partition __consumer_offsets-12 broker=0] Log loaded for partition __consumer_offsets-12 with initial high watermark 0
[INFO] [stdout] 2026-04-20T08:35:22.125Z  INFO 18665 --- [r-event-handler] state.change.logger                      : [Broker id=0] Leader __consumer_offsets-12 with topic id Some(WFhAaeFcTTmq2n07NQHz8w) starts at leader epoch 0 from offset 0 with partition epoch 0, high watermark 0, ISR [0], adding replicas [] and removing replicas [] . Previous leader None and previous leader epoch was -1.
[INFO] [stdout] 2026-04-20T08:35:22.127Z  INFO 18665 --- [r-event-handler] state.change.logger                      : [Broker id=0] Creating new partition __consumer_offsets-41 with topic id WFhAaeFcTTmq2n07NQHz8w.
[INFO] [stdout] 2026-04-20T08:35:22.133Z  INFO 18665 --- [r-event-handler] kafka.log.UnifiedLog$                    : [LogLoader partition=__consumer_offsets-41, dir=/tmp/kafka-258122364909861766/broker_0_data0] Loading producer state till offset 0 with message format version 2
[INFO] [stdout] 2026-04-20T08:35:22.137Z  INFO 18665 --- [r-event-handler] kafka.log.LogManager                     : Created log for partition __consumer_offsets-41 in /tmp/kafka-258122364909861766/broker_0_data0/__consumer_offsets-41 with properties {cleanup.policy=compact, compression.type="producer", segment.bytes=104857600}
[INFO] [stdout] 2026-04-20T08:35:22.137Z  INFO 18665 --- [r-event-handler] kafka.cluster.Partition                  : [Partition __consumer_offsets-41 broker=0] No checkpointed highwatermark is found for partition __consumer_offsets-41
[INFO] [stdout] 2026-04-20T08:35:22.137Z  INFO 18665 --- [r-event-handler] kafka.cluster.Partition                  : [Partition __consumer_offsets-41 broker=0] Log loaded for partition __consumer_offsets-41 with initial high watermark 0
[INFO] [stdout] 2026-04-20T08:35:22.137Z  INFO 18665 --- [r-event-handler] state.change.logger                      : [Broker id=0] Leader __consumer_offsets-41 with topic id Some(WFhAaeFcTTmq2n07NQHz8w) starts at leader epoch 0 from offset 0 with partition epoch 0, high watermark 0, ISR [0], adding replicas [] and removing replicas [] . Previous leader None and previous leader epoch was -1.
[WARNING] [stderr] Java HotSpot(TM) 64-Bit Server VM warning: Sharing is only supported for boot loader classes because bootstrap classpath has been appended
[INFO] [stdout] 2026-04-20T08:35:22.148Z  INFO 18665 --- [r-event-handler] state.change.logger                      : [Broker id=0] Creating new partition __consumer_offsets-24 with topic id WFhAaeFcTTmq2n07NQHz8w.
[INFO] [stdout] 2026-04-20T08:35:22.161Z  INFO 18665 --- [r-event-handler] kafka.log.UnifiedLog$                    : [LogLoader partition=__consumer_offsets-24, dir=/tmp/kafka-258122364909861766/broker_0_data0] Loading producer state till offset 0 with message format version 2
[INFO] [stdout] 2026-04-20T08:35:22.162Z  INFO 18665 --- [r-event-handler] kafka.log.LogManager                     : Created log for partition __consumer_offsets-24 in /tmp/kafka-258122364909861766/broker_0_data0/__consumer_offsets-24 with properties {cleanup.policy=compact, compression.type="producer", segment.bytes=104857600}
[INFO] [stdout] 2026-04-20T08:35:22.168Z  INFO 18665 --- [r-event-handler] kafka.cluster.Partition                  : [Partition __consumer_offsets-24 broker=0] No checkpointed highwatermark is found for partition __consumer_offsets-24
[INFO] [stdout] 2026-04-20T08:35:22.168Z  INFO 18665 --- [r-event-handler] kafka.cluster.Partition                  : [Partition __consumer_offsets-24 broker=0] Log loaded for partition __consumer_offsets-24 with initial high watermark 0
[INFO] [stdout] 2026-04-20T08:35:22.168Z  INFO 18665 --- [r-event-handler] state.change.logger                      : [Broker id=0] Leader __consumer_offsets-24 with topic id Some(WFhAaeFcTTmq2n07NQHz8w) starts at leader epoch 0 from offset 0 with partition epoch 0, high watermark 0, ISR [0], adding replicas [] and removing replicas [] . Previous leader None and previous leader epoch was -1.
[INFO] [stdout] 2026-04-20T08:35:22.173Z  INFO 18665 --- [ntainer#0-0-C-1] o.a.k.c.c.internals.ConsumerCoordinator  : [Consumer clientId=consumer-midas-core-1, groupId=midas-core] Discovered group coordinator localhost:37193 (id: 2147483647 rack: null)
[INFO] [stdout] 2026-04-20T08:35:22.174Z  INFO 18665 --- [ntainer#0-0-C-1] o.a.k.c.c.internals.ConsumerCoordinator  : [Consumer clientId=consumer-midas-core-1, groupId=midas-core] Request joining group due to: rebalance failed due to 'This is not the correct coordinator.' (NotCoordinatorException)
[INFO] [stdout] 2026-04-20T08:35:22.177Z  INFO 18665 --- [r-event-handler] state.change.logger                      : [Broker id=0] Creating new partition __consumer_offsets-20 with topic id WFhAaeFcTTmq2n07NQHz8w.
[INFO] [stdout] 2026-04-20T08:35:22.177Z  INFO 18665 --- [ntainer#0-0-C-1] o.a.k.c.c.internals.ConsumerCoordinator  : [Consumer clientId=consumer-midas-core-1, groupId=midas-core] (Re-)joining group
[INFO] [stdout] 2026-04-20T08:35:22.180Z  INFO 18665 --- [ntainer#0-0-C-1] o.a.k.c.c.internals.ConsumerCoordinator  : [Consumer clientId=consumer-midas-core-1, groupId=midas-core] Group coordinator localhost:37193 (id: 2147483647 rack: null) is unavailable or invalid due to cause: error response NOT_COORDINATOR. isDisconnected: false. Rediscovery will be attempted.
[INFO] [stdout] 2026-04-20T08:35:22.180Z  INFO 18665 --- [ntainer#0-0-C-1] o.a.k.c.c.internals.ConsumerCoordinator  : [Consumer clientId=consumer-midas-core-1, groupId=midas-core] Requesting disconnect from last known coordinator localhost:37193 (id: 2147483647 rack: null)
[INFO] [stdout] 2026-04-20T08:35:22.180Z  INFO 18665 --- [ntainer#0-0-C-1] o.a.k.c.c.internals.ConsumerCoordinator  : [Consumer clientId=consumer-midas-core-1, groupId=midas-core] JoinGroup failed: This is not the correct coordinator. Marking coordinator unknown. Sent generation was Generation{generationId=-1, memberId='', protocol='null'}
[INFO] [stdout] 2026-04-20T08:35:22.180Z  INFO 18665 --- [ntainer#0-0-C-1] org.apache.kafka.clients.NetworkClient   : [Consumer clientId=consumer-midas-core-1, groupId=midas-core] Client requested disconnect from node 2147483647
[INFO] [stdout] 2026-04-20T08:35:22.181Z  INFO 18665 --- [r-event-handler] kafka.log.UnifiedLog$                    : [LogLoader partition=__consumer_offsets-20, dir=/tmp/kafka-258122364909861766/broker_0_data0] Loading producer state till offset 0 with message format version 2
[INFO] [stdout] 2026-04-20T08:35:22.182Z  INFO 18665 --- [r-event-handler] kafka.log.LogManager                     : Created log for partition __consumer_offsets-20 in /tmp/kafka-258122364909861766/broker_0_data0/__consumer_offsets-20 with properties {cleanup.policy=compact, compression.type="producer", segment.bytes=104857600}
[INFO] [stdout] 2026-04-20T08:35:22.182Z  INFO 18665 --- [r-event-handler] kafka.cluster.Partition                  : [Partition __consumer_offsets-20 broker=0] No checkpointed highwatermark is found for partition __consumer_offsets-20
[INFO] [stdout] 2026-04-20T08:35:22.182Z  INFO 18665 --- [r-event-handler] kafka.cluster.Partition                  : [Partition __consumer_offsets-20 broker=0] Log loaded for partition __consumer_offsets-20 with initial high watermark 0
[INFO] [stdout] 2026-04-20T08:35:22.182Z  INFO 18665 --- [r-event-handler] state.change.logger                      : [Broker id=0] Leader __consumer_offsets-20 with topic id Some(WFhAaeFcTTmq2n07NQHz8w) starts at leader epoch 0 from offset 0 with partition epoch 0, high watermark 0, ISR [0], adding replicas [] and removing replicas [] . Previous leader None and previous leader epoch was -1.
[INFO] [stdout] 2026-04-20T08:35:22.188Z  INFO 18665 --- [ntainer#0-0-C-1] o.a.k.c.c.internals.ConsumerCoordinator  : [Consumer clientId=consumer-midas-core-1, groupId=midas-core] Discovered group coordinator localhost:37193 (id: 2147483647 rack: null)
[INFO] [stdout] 2026-04-20T08:35:22.188Z  INFO 18665 --- [ntainer#0-0-C-1] o.a.k.c.c.internals.ConsumerCoordinator  : [Consumer clientId=consumer-midas-core-1, groupId=midas-core] Group coordinator localhost:37193 (id: 2147483647 rack: null) is unavailable or invalid due to cause: coordinator unavailable. isDisconnected: false. Rediscovery will be attempted.
[INFO] [stdout] 2026-04-20T08:35:22.188Z  INFO 18665 --- [ntainer#0-0-C-1] o.a.k.c.c.internals.ConsumerCoordinator  : [Consumer clientId=consumer-midas-core-1, groupId=midas-core] Requesting disconnect from last known coordinator localhost:37193 (id: 2147483647 rack: null)
[INFO] [stdout] 2026-04-20T08:35:22.195Z  INFO 18665 --- [r-event-handler] state.change.logger                      : [Broker id=0] Creating new partition __consumer_offsets-49 with topic id WFhAaeFcTTmq2n07NQHz8w.
[INFO] [stdout] 2026-04-20T08:35:22.197Z  INFO 18665 --- [r-event-handler] kafka.log.UnifiedLog$                    : [LogLoader partition=__consumer_offsets-49, dir=/tmp/kafka-258122364909861766/broker_0_data0] Loading producer state till offset 0 with message format version 2
[INFO] [stdout] 2026-04-20T08:35:22.198Z  INFO 18665 --- [r-event-handler] kafka.log.LogManager                     : Created log for partition __consumer_offsets-49 in /tmp/kafka-258122364909861766/broker_0_data0/__consumer_offsets-49 with properties {cleanup.policy=compact, compression.type="producer", segment.bytes=104857600}
[INFO] [stdout] 2026-04-20T08:35:22.198Z  INFO 18665 --- [r-event-handler] kafka.cluster.Partition                  : [Partition __consumer_offsets-49 broker=0] No checkpointed highwatermark is found for partition __consumer_offsets-49
[INFO] [stdout] 2026-04-20T08:35:22.198Z  INFO 18665 --- [r-event-handler] kafka.cluster.Partition                  : [Partition __consumer_offsets-49 broker=0] Log loaded for partition __consumer_offsets-49 with initial high watermark 0
[INFO] [stdout] 2026-04-20T08:35:22.198Z  INFO 18665 --- [r-event-handler] state.change.logger                      : [Broker id=0] Leader __consumer_offsets-49 with topic id Some(WFhAaeFcTTmq2n07NQHz8w) starts at leader epoch 0 from offset 0 with partition epoch 0, high watermark 0, ISR [0], adding replicas [] and removing replicas [] . Previous leader None and previous leader epoch was -1.
[INFO] [stdout] 2026-04-20T08:35:22.205Z  INFO 18665 --- [r-event-handler] state.change.logger                      : [Broker id=0] Creating new partition __consumer_offsets-0 with topic id WFhAaeFcTTmq2n07NQHz8w.
[INFO] [stdout] 2026-04-20T08:35:22.210Z  INFO 18665 --- [r-event-handler] kafka.log.UnifiedLog$                    : [LogLoader partition=__consumer_offsets-0, dir=/tmp/kafka-258122364909861766/broker_0_data0] Loading producer state till offset 0 with message format version 2
[INFO] [stdout] 2026-04-20T08:35:22.212Z  INFO 18665 --- [r-event-handler] kafka.log.LogManager                     : Created log for partition __consumer_offsets-0 in /tmp/kafka-258122364909861766/broker_0_data0/__consumer_offsets-0 with properties {cleanup.policy=compact, compression.type="producer", segment.bytes=104857600}
[INFO] [stdout] 2026-04-20T08:35:22.212Z  INFO 18665 --- [r-event-handler] kafka.cluster.Partition                  : [Partition __consumer_offsets-0 broker=0] No checkpointed highwatermark is found for partition __consumer_offsets-0
[INFO] [stdout] 2026-04-20T08:35:22.212Z  INFO 18665 --- [r-event-handler] kafka.cluster.Partition                  : [Partition __consumer_offsets-0 broker=0] Log loaded for partition __consumer_offsets-0 with initial high watermark 0
[INFO] [stdout] 2026-04-20T08:35:22.214Z  INFO 18665 --- [r-event-handler] state.change.logger                      : [Broker id=0] Leader __consumer_offsets-0 with topic id Some(WFhAaeFcTTmq2n07NQHz8w) starts at leader epoch 0 from offset 0 with partition epoch 0, high watermark 0, ISR [0], adding replicas [] and removing replicas [] . Previous leader None and previous leader epoch was -1.
[INFO] [stdout] 2026-04-20T08:35:22.215Z  INFO 18665 --- [r-event-handler] state.change.logger                      : [Broker id=0] Creating new partition __consumer_offsets-29 with topic id WFhAaeFcTTmq2n07NQHz8w.
[INFO] [stdout] 2026-04-20T08:35:22.225Z  INFO 18665 --- [r-event-handler] kafka.log.UnifiedLog$                    : [LogLoader partition=__consumer_offsets-29, dir=/tmp/kafka-258122364909861766/broker_0_data0] Loading producer state till offset 0 with message format version 2
[INFO] [stdout] 2026-04-20T08:35:22.225Z  INFO 18665 --- [r-event-handler] kafka.log.LogManager                     : Created log for partition __consumer_offsets-29 in /tmp/kafka-258122364909861766/broker_0_data0/__consumer_offsets-29 with properties {cleanup.policy=compact, compression.type="producer", segment.bytes=104857600}
[INFO] [stdout] 2026-04-20T08:35:22.225Z  INFO 18665 --- [r-event-handler] kafka.cluster.Partition                  : [Partition __consumer_offsets-29 broker=0] No checkpointed highwatermark is found for partition __consumer_offsets-29
[INFO] [stdout] 2026-04-20T08:35:22.225Z  INFO 18665 --- [r-event-handler] kafka.cluster.Partition                  : [Partition __consumer_offsets-29 broker=0] Log loaded for partition __consumer_offsets-29 with initial high watermark 0
[INFO] [stdout] 2026-04-20T08:35:22.226Z  INFO 18665 --- [r-event-handler] state.change.logger                      : [Broker id=0] Leader __consumer_offsets-29 with topic id Some(WFhAaeFcTTmq2n07NQHz8w) starts at leader epoch 0 from offset 0 with partition epoch 0, high watermark 0, ISR [0], adding replicas [] and removing replicas [] . Previous leader None and previous leader epoch was -1.
[INFO] [stdout] 2026-04-20T08:35:22.234Z  INFO 18665 --- [r-event-handler] state.change.logger                      : [Broker id=0] Creating new partition __consumer_offsets-25 with topic id WFhAaeFcTTmq2n07NQHz8w.
[INFO] [stdout] 2026-04-20T08:35:22.241Z  INFO 18665 --- [r-event-handler] kafka.log.UnifiedLog$                    : [LogLoader partition=__consumer_offsets-25, dir=/tmp/kafka-258122364909861766/broker_0_data0] Loading producer state till offset 0 with message format version 2
[INFO] [stdout] 2026-04-20T08:35:22.243Z  INFO 18665 --- [r-event-handler] kafka.log.LogManager                     : Created log for partition __consumer_offsets-25 in /tmp/kafka-258122364909861766/broker_0_data0/__consumer_offsets-25 with properties {cleanup.policy=compact, compression.type="producer", segment.bytes=104857600}
[INFO] [stdout] 2026-04-20T08:35:22.243Z  INFO 18665 --- [r-event-handler] kafka.cluster.Partition                  : [Partition __consumer_offsets-25 broker=0] No checkpointed highwatermark is found for partition __consumer_offsets-25
[INFO] [stdout] 2026-04-20T08:35:22.244Z  INFO 18665 --- [r-event-handler] kafka.cluster.Partition                  : [Partition __consumer_offsets-25 broker=0] Log loaded for partition __consumer_offsets-25 with initial high watermark 0
[INFO] [stdout] 2026-04-20T08:35:22.244Z  INFO 18665 --- [r-event-handler] state.change.logger                      : [Broker id=0] Leader __consumer_offsets-25 with topic id Some(WFhAaeFcTTmq2n07NQHz8w) starts at leader epoch 0 from offset 0 with partition epoch 0, high watermark 0, ISR [0], adding replicas [] and removing replicas [] . Previous leader None and previous leader epoch was -1.
[INFO] [stdout] 2026-04-20T08:35:22.247Z  INFO 18665 --- [r-event-handler] state.change.logger                      : [Broker id=0] Creating new partition __consumer_offsets-8 with topic id WFhAaeFcTTmq2n07NQHz8w.
[INFO] [stdout] 2026-04-20T08:35:22.252Z  INFO 18665 --- [r-event-handler] kafka.log.UnifiedLog$                    : [LogLoader partition=__consumer_offsets-8, dir=/tmp/kafka-258122364909861766/broker_0_data0] Loading producer state till offset 0 with message format version 2
[INFO] [stdout] 2026-04-20T08:35:22.253Z  INFO 18665 --- [r-event-handler] kafka.log.LogManager                     : Created log for partition __consumer_offsets-8 in /tmp/kafka-258122364909861766/broker_0_data0/__consumer_offsets-8 with properties {cleanup.policy=compact, compression.type="producer", segment.bytes=104857600}
[INFO] [stdout] 2026-04-20T08:35:22.255Z  INFO 18665 --- [r-event-handler] kafka.cluster.Partition                  : [Partition __consumer_offsets-8 broker=0] No checkpointed highwatermark is found for partition __consumer_offsets-8
[INFO] [stdout] 2026-04-20T08:35:22.255Z  INFO 18665 --- [r-event-handler] kafka.cluster.Partition                  : [Partition __consumer_offsets-8 broker=0] Log loaded for partition __consumer_offsets-8 with initial high watermark 0
[INFO] [stdout] 2026-04-20T08:35:22.255Z  INFO 18665 --- [r-event-handler] state.change.logger                      : [Broker id=0] Leader __consumer_offsets-8 with topic id Some(WFhAaeFcTTmq2n07NQHz8w) starts at leader epoch 0 from offset 0 with partition epoch 0, high watermark 0, ISR [0], adding replicas [] and removing replicas [] . Previous leader None and previous leader epoch was -1.
[INFO] [stdout] 2026-04-20T08:35:22.260Z  INFO 18665 --- [r-event-handler] state.change.logger                      : [Broker id=0] Creating new partition __consumer_offsets-37 with topic id WFhAaeFcTTmq2n07NQHz8w.
[INFO] [stdout] 2026-04-20T08:35:22.266Z  INFO 18665 --- [r-event-handler] kafka.log.UnifiedLog$                    : [LogLoader partition=__consumer_offsets-37, dir=/tmp/kafka-258122364909861766/broker_0_data0] Loading producer state till offset 0 with message format version 2
[INFO] [stdout] 2026-04-20T08:35:22.267Z  INFO 18665 --- [r-event-handler] kafka.log.LogManager                     : Created log for partition __consumer_offsets-37 in /tmp/kafka-258122364909861766/broker_0_data0/__consumer_offsets-37 with properties {cleanup.policy=compact, compression.type="producer", segment.bytes=104857600}
[INFO] [stdout] 2026-04-20T08:35:22.267Z  INFO 18665 --- [r-event-handler] kafka.cluster.Partition                  : [Partition __consumer_offsets-37 broker=0] No checkpointed highwatermark is found for partition __consumer_offsets-37
[INFO] [stdout] 2026-04-20T08:35:22.267Z  INFO 18665 --- [r-event-handler] kafka.cluster.Partition                  : [Partition __consumer_offsets-37 broker=0] Log loaded for partition __consumer_offsets-37 with initial high watermark 0
[INFO] [stdout] 2026-04-20T08:35:22.267Z  INFO 18665 --- [r-event-handler] state.change.logger                      : [Broker id=0] Leader __consumer_offsets-37 with topic id Some(WFhAaeFcTTmq2n07NQHz8w) starts at leader epoch 0 from offset 0 with partition epoch 0, high watermark 0, ISR [0], adding replicas [] and removing replicas [] . Previous leader None and previous leader epoch was -1.
[INFO] [stdout] 2026-04-20T08:35:22.271Z  INFO 18665 --- [r-event-handler] state.change.logger                      : [Broker id=0] Creating new partition __consumer_offsets-4 with topic id WFhAaeFcTTmq2n07NQHz8w.
[INFO] [stdout] 2026-04-20T08:35:22.277Z  INFO 18665 --- [r-event-handler] kafka.log.UnifiedLog$                    : [LogLoader partition=__consumer_offsets-4, dir=/tmp/kafka-258122364909861766/broker_0_data0] Loading producer state till offset 0 with message format version 2
[INFO] [stdout] 2026-04-20T08:35:22.278Z  INFO 18665 --- [r-event-handler] kafka.log.LogManager                     : Created log for partition __consumer_offsets-4 in /tmp/kafka-258122364909861766/broker_0_data0/__consumer_offsets-4 with properties {cleanup.policy=compact, compression.type="producer", segment.bytes=104857600}
[INFO] [stdout] 2026-04-20T08:35:22.278Z  INFO 18665 --- [r-event-handler] kafka.cluster.Partition                  : [Partition __consumer_offsets-4 broker=0] No checkpointed highwatermark is found for partition __consumer_offsets-4
[INFO] [stdout] 2026-04-20T08:35:22.278Z  INFO 18665 --- [r-event-handler] kafka.cluster.Partition                  : [Partition __consumer_offsets-4 broker=0] Log loaded for partition __consumer_offsets-4 with initial high watermark 0
[INFO] [stdout] 2026-04-20T08:35:22.278Z  INFO 18665 --- [r-event-handler] state.change.logger                      : [Broker id=0] Leader __consumer_offsets-4 with topic id Some(WFhAaeFcTTmq2n07NQHz8w) starts at leader epoch 0 from offset 0 with partition epoch 0, high watermark 0, ISR [0], adding replicas [] and removing replicas [] . Previous leader None and previous leader epoch was -1.
[INFO] [stdout] 2026-04-20T08:35:22.282Z  INFO 18665 --- [r-event-handler] state.change.logger                      : [Broker id=0] Creating new partition __consumer_offsets-33 with topic id WFhAaeFcTTmq2n07NQHz8w.
[INFO] [stdout] 2026-04-20T08:35:22.299Z  INFO 18665 --- [ntainer#0-0-C-1] o.a.k.c.c.internals.ConsumerCoordinator  : [Consumer clientId=consumer-midas-core-1, groupId=midas-core] Discovered group coordinator localhost:37193 (id: 2147483647 rack: null)
[INFO] [stdout] 2026-04-20T08:35:22.301Z  INFO 18665 --- [r-event-handler] kafka.log.UnifiedLog$                    : [LogLoader partition=__consumer_offsets-33, dir=/tmp/kafka-258122364909861766/broker_0_data0] Loading producer state till offset 0 with message format version 2
[INFO] [stdout] 2026-04-20T08:35:22.302Z  INFO 18665 --- [r-event-handler] kafka.log.LogManager                     : Created log for partition __consumer_offsets-33 in /tmp/kafka-258122364909861766/broker_0_data0/__consumer_offsets-33 with properties {cleanup.policy=compact, compression.type="producer", segment.bytes=104857600}
[INFO] [stdout] 2026-04-20T08:35:22.302Z  INFO 18665 --- [r-event-handler] kafka.cluster.Partition                  : [Partition __consumer_offsets-33 broker=0] No checkpointed highwatermark is found for partition __consumer_offsets-33
[INFO] [stdout] 2026-04-20T08:35:22.302Z  INFO 18665 --- [r-event-handler] kafka.cluster.Partition                  : [Partition __consumer_offsets-33 broker=0] Log loaded for partition __consumer_offsets-33 with initial high watermark 0
[INFO] [stdout] 2026-04-20T08:35:22.302Z  INFO 18665 --- [r-event-handler] state.change.logger                      : [Broker id=0] Leader __consumer_offsets-33 with topic id Some(WFhAaeFcTTmq2n07NQHz8w) starts at leader epoch 0 from offset 0 with partition epoch 0, high watermark 0, ISR [0], adding replicas [] and removing replicas [] . Previous leader None and previous leader epoch was -1.
[INFO] [stdout] 2026-04-20T08:35:22.302Z  INFO 18665 --- [ntainer#0-0-C-1] o.a.k.c.c.internals.ConsumerCoordinator  : [Consumer clientId=consumer-midas-core-1, groupId=midas-core] Request joining group due to: rebalance failed due to 'This is not the correct coordinator.' (NotCoordinatorException)
[INFO] [stdout] 2026-04-20T08:35:22.302Z  INFO 18665 --- [ntainer#0-0-C-1] o.a.k.c.c.internals.ConsumerCoordinator  : [Consumer clientId=consumer-midas-core-1, groupId=midas-core] (Re-)joining group
[INFO] [stdout] 2026-04-20T08:35:22.309Z  INFO 18665 --- [r-event-handler] state.change.logger                      : [Broker id=0] Creating new partition __consumer_offsets-15 with topic id WFhAaeFcTTmq2n07NQHz8w.
[INFO] [stdout] 2026-04-20T08:35:22.311Z  INFO 18665 --- [ntainer#0-0-C-1] o.a.k.c.c.internals.ConsumerCoordinator  : [Consumer clientId=consumer-midas-core-1, groupId=midas-core] Group coordinator localhost:37193 (id: 2147483647 rack: null) is unavailable or invalid due to cause: error response NOT_COORDINATOR. isDisconnected: false. Rediscovery will be attempted.
[INFO] [stdout] 2026-04-20T08:35:22.311Z  INFO 18665 --- [ntainer#0-0-C-1] o.a.k.c.c.internals.ConsumerCoordinator  : [Consumer clientId=consumer-midas-core-1, groupId=midas-core] Requesting disconnect from last known coordinator localhost:37193 (id: 2147483647 rack: null)
[INFO] [stdout] 2026-04-20T08:35:22.312Z  INFO 18665 --- [ntainer#0-0-C-1] o.a.k.c.c.internals.ConsumerCoordinator  : [Consumer clientId=consumer-midas-core-1, groupId=midas-core] JoinGroup failed: This is not the correct coordinator. Marking coordinator unknown. Sent generation was Generation{generationId=-1, memberId='', protocol='null'}
[INFO] [stdout] 2026-04-20T08:35:22.312Z  INFO 18665 --- [ntainer#0-0-C-1] org.apache.kafka.clients.NetworkClient   : [Consumer clientId=consumer-midas-core-1, groupId=midas-core] Client requested disconnect from node 2147483647
[INFO] [stdout] 2026-04-20T08:35:22.322Z  INFO 18665 --- [r-event-handler] kafka.log.UnifiedLog$                    : [LogLoader partition=__consumer_offsets-15, dir=/tmp/kafka-258122364909861766/broker_0_data0] Loading producer state till offset 0 with message format version 2
[INFO] [stdout] 2026-04-20T08:35:22.322Z  INFO 18665 --- [r-event-handler] kafka.log.LogManager                     : Created log for partition __consumer_offsets-15 in /tmp/kafka-258122364909861766/broker_0_data0/__consumer_offsets-15 with properties {cleanup.policy=compact, compression.type="producer", segment.bytes=104857600}
[INFO] [stdout] 2026-04-20T08:35:22.322Z  INFO 18665 --- [r-event-handler] kafka.cluster.Partition                  : [Partition __consumer_offsets-15 broker=0] No checkpointed highwatermark is found for partition __consumer_offsets-15
[INFO] [stdout] 2026-04-20T08:35:22.322Z  INFO 18665 --- [r-event-handler] kafka.cluster.Partition                  : [Partition __consumer_offsets-15 broker=0] Log loaded for partition __consumer_offsets-15 with initial high watermark 0
[INFO] [stdout] 2026-04-20T08:35:22.324Z  INFO 18665 --- [ntainer#0-0-C-1] o.a.k.c.c.internals.ConsumerCoordinator  : [Consumer clientId=consumer-midas-core-1, groupId=midas-core] Discovered group coordinator localhost:37193 (id: 2147483647 rack: null)
[INFO] [stdout] 2026-04-20T08:35:22.323Z  INFO 18665 --- [r-event-handler] state.change.logger                      : [Broker id=0] Leader __consumer_offsets-15 with topic id Some(WFhAaeFcTTmq2n07NQHz8w) starts at leader epoch 0 from offset 0 with partition epoch 0, high watermark 0, ISR [0], adding replicas [] and removing replicas [] . Previous leader None and previous leader epoch was -1.
[INFO] [stdout] 2026-04-20T08:35:22.325Z  INFO 18665 --- [ntainer#0-0-C-1] o.a.k.c.c.internals.ConsumerCoordinator  : [Consumer clientId=consumer-midas-core-1, groupId=midas-core] Group coordinator localhost:37193 (id: 2147483647 rack: null) is unavailable or invalid due to cause: coordinator unavailable. isDisconnected: false. Rediscovery will be attempted.
[INFO] [stdout] 2026-04-20T08:35:22.326Z  INFO 18665 --- [ntainer#0-0-C-1] o.a.k.c.c.internals.ConsumerCoordinator  : [Consumer clientId=consumer-midas-core-1, groupId=midas-core] Requesting disconnect from last known coordinator localhost:37193 (id: 2147483647 rack: null)
[INFO] [stdout] 2026-04-20T08:35:22.328Z  INFO 18665 --- [r-event-handler] state.change.logger                      : [Broker id=0] Creating new partition __consumer_offsets-48 with topic id WFhAaeFcTTmq2n07NQHz8w.
[INFO] [stdout] 2026-04-20T08:35:22.336Z  INFO 18665 --- [r-event-handler] kafka.log.UnifiedLog$                    : [LogLoader partition=__consumer_offsets-48, dir=/tmp/kafka-258122364909861766/broker_0_data0] Loading producer state till offset 0 with message format version 2
[INFO] [stdout] 2026-04-20T08:35:22.336Z  INFO 18665 --- [r-event-handler] kafka.log.LogManager                     : Created log for partition __consumer_offsets-48 in /tmp/kafka-258122364909861766/broker_0_data0/__consumer_offsets-48 with properties {cleanup.policy=compact, compression.type="producer", segment.bytes=104857600}
[INFO] [stdout] 2026-04-20T08:35:22.337Z  INFO 18665 --- [r-event-handler] kafka.cluster.Partition                  : [Partition __consumer_offsets-48 broker=0] No checkpointed highwatermark is found for partition __consumer_offsets-48
[INFO] [stdout] 2026-04-20T08:35:22.337Z  INFO 18665 --- [r-event-handler] kafka.cluster.Partition                  : [Partition __consumer_offsets-48 broker=0] Log loaded for partition __consumer_offsets-48 with initial high watermark 0
[INFO] [stdout] 2026-04-20T08:35:22.337Z  INFO 18665 --- [r-event-handler] state.change.logger                      : [Broker id=0] Leader __consumer_offsets-48 with topic id Some(WFhAaeFcTTmq2n07NQHz8w) starts at leader epoch 0 from offset 0 with partition epoch 0, high watermark 0, ISR [0], adding replicas [] and removing replicas [] . Previous leader None and previous leader epoch was -1.
[INFO] [stdout] 2026-04-20T08:35:22.342Z  INFO 18665 --- [r-event-handler] state.change.logger                      : [Broker id=0] Creating new partition __consumer_offsets-11 with topic id WFhAaeFcTTmq2n07NQHz8w.
[INFO] [stdout] 2026-04-20T08:35:22.351Z  INFO 18665 --- [r-event-handler] kafka.log.UnifiedLog$                    : [LogLoader partition=__consumer_offsets-11, dir=/tmp/kafka-258122364909861766/broker_0_data0] Loading producer state till offset 0 with message format version 2
[INFO] [stdout] 2026-04-20T08:35:22.351Z  INFO 18665 --- [r-event-handler] kafka.log.LogManager                     : Created log for partition __consumer_offsets-11 in /tmp/kafka-258122364909861766/broker_0_data0/__consumer_offsets-11 with properties {cleanup.policy=compact, compression.type="producer", segment.bytes=104857600}
[INFO] [stdout] 2026-04-20T08:35:22.351Z  INFO 18665 --- [r-event-handler] kafka.cluster.Partition                  : [Partition __consumer_offsets-11 broker=0] No checkpointed highwatermark is found for partition __consumer_offsets-11
[INFO] [stdout] 2026-04-20T08:35:22.351Z  INFO 18665 --- [r-event-handler] kafka.cluster.Partition                  : [Partition __consumer_offsets-11 broker=0] Log loaded for partition __consumer_offsets-11 with initial high watermark 0
[INFO] [stdout] 2026-04-20T08:35:22.352Z  INFO 18665 --- [r-event-handler] state.change.logger                      : [Broker id=0] Leader __consumer_offsets-11 with topic id Some(WFhAaeFcTTmq2n07NQHz8w) starts at leader epoch 0 from offset 0 with partition epoch 0, high watermark 0, ISR [0], adding replicas [] and removing replicas [] . Previous leader None and previous leader epoch was -1.
[INFO] [stdout] 2026-04-20T08:35:22.362Z  INFO 18665 --- [r-event-handler] state.change.logger                      : [Broker id=0] Creating new partition __consumer_offsets-44 with topic id WFhAaeFcTTmq2n07NQHz8w.
[INFO] [stdout] 2026-04-20T08:35:22.376Z  INFO 18665 --- [r-event-handler] kafka.log.UnifiedLog$                    : [LogLoader partition=__consumer_offsets-44, dir=/tmp/kafka-258122364909861766/broker_0_data0] Loading producer state till offset 0 with message format version 2
[INFO] [stdout] 2026-04-20T08:35:22.376Z  INFO 18665 --- [r-event-handler] kafka.log.LogManager                     : Created log for partition __consumer_offsets-44 in /tmp/kafka-258122364909861766/broker_0_data0/__consumer_offsets-44 with properties {cleanup.policy=compact, compression.type="producer", segment.bytes=104857600}
[INFO] [stdout] 2026-04-20T08:35:22.376Z  INFO 18665 --- [r-event-handler] kafka.cluster.Partition                  : [Partition __consumer_offsets-44 broker=0] No checkpointed highwatermark is found for partition __consumer_offsets-44
[INFO] [stdout] 2026-04-20T08:35:22.376Z  INFO 18665 --- [r-event-handler] kafka.cluster.Partition                  : [Partition __consumer_offsets-44 broker=0] Log loaded for partition __consumer_offsets-44 with initial high watermark 0
[INFO] [stdout] 2026-04-20T08:35:22.376Z  INFO 18665 --- [r-event-handler] state.change.logger                      : [Broker id=0] Leader __consumer_offsets-44 with topic id Some(WFhAaeFcTTmq2n07NQHz8w) starts at leader epoch 0 from offset 0 with partition epoch 0, high watermark 0, ISR [0], adding replicas [] and removing replicas [] . Previous leader None and previous leader epoch was -1.
[INFO] [stdout] 2026-04-20T08:35:22.381Z  INFO 18665 --- [r-event-handler] state.change.logger                      : [Broker id=0] Creating new partition __consumer_offsets-23 with topic id WFhAaeFcTTmq2n07NQHz8w.
[INFO] [stdout] 2026-04-20T08:35:22.383Z  INFO 18665 --- [r-event-handler] kafka.log.UnifiedLog$                    : [LogLoader partition=__consumer_offsets-23, dir=/tmp/kafka-258122364909861766/broker_0_data0] Loading producer state till offset 0 with message format version 2
[INFO] [stdout] 2026-04-20T08:35:22.386Z  INFO 18665 --- [r-event-handler] kafka.log.LogManager                     : Created log for partition __consumer_offsets-23 in /tmp/kafka-258122364909861766/broker_0_data0/__consumer_offsets-23 with properties {cleanup.policy=compact, compression.type="producer", segment.bytes=104857600}
[INFO] [stdout] 2026-04-20T08:35:22.386Z  INFO 18665 --- [r-event-handler] kafka.cluster.Partition                  : [Partition __consumer_offsets-23 broker=0] No checkpointed highwatermark is found for partition __consumer_offsets-23
[INFO] [stdout] 2026-04-20T08:35:22.386Z  INFO 18665 --- [r-event-handler] kafka.cluster.Partition                  : [Partition __consumer_offsets-23 broker=0] Log loaded for partition __consumer_offsets-23 with initial high watermark 0
[INFO] [stdout] 2026-04-20T08:35:22.386Z  INFO 18665 --- [r-event-handler] state.change.logger                      : [Broker id=0] Leader __consumer_offsets-23 with topic id Some(WFhAaeFcTTmq2n07NQHz8w) starts at leader epoch 0 from offset 0 with partition epoch 0, high watermark 0, ISR [0], adding replicas [] and removing replicas [] . Previous leader None and previous leader epoch was -1.
[INFO] [stdout] 2026-04-20T08:35:22.388Z  INFO 18665 --- [r-event-handler] state.change.logger                      : [Broker id=0] Creating new partition __consumer_offsets-19 with topic id WFhAaeFcTTmq2n07NQHz8w.
[INFO] [stdout] 2026-04-20T08:35:22.393Z  INFO 18665 --- [r-event-handler] kafka.log.UnifiedLog$                    : [LogLoader partition=__consumer_offsets-19, dir=/tmp/kafka-258122364909861766/broker_0_data0] Loading producer state till offset 0 with message format version 2
[INFO] [stdout] 2026-04-20T08:35:22.393Z  INFO 18665 --- [r-event-handler] kafka.log.LogManager                     : Created log for partition __consumer_offsets-19 in /tmp/kafka-258122364909861766/broker_0_data0/__consumer_offsets-19 with properties {cleanup.policy=compact, compression.type="producer", segment.bytes=104857600}
[INFO] [stdout] 2026-04-20T08:35:22.393Z  INFO 18665 --- [r-event-handler] kafka.cluster.Partition                  : [Partition __consumer_offsets-19 broker=0] No checkpointed highwatermark is found for partition __consumer_offsets-19
[INFO] [stdout] 2026-04-20T08:35:22.395Z  INFO 18665 --- [r-event-handler] kafka.cluster.Partition                  : [Partition __consumer_offsets-19 broker=0] Log loaded for partition __consumer_offsets-19 with initial high watermark 0
[INFO] [stdout] 2026-04-20T08:35:22.395Z  INFO 18665 --- [r-event-handler] state.change.logger                      : [Broker id=0] Leader __consumer_offsets-19 with topic id Some(WFhAaeFcTTmq2n07NQHz8w) starts at leader epoch 0 from offset 0 with partition epoch 0, high watermark 0, ISR [0], adding replicas [] and removing replicas [] . Previous leader None and previous leader epoch was -1.
[INFO] [stdout] 2026-04-20T08:35:22.399Z  INFO 18665 --- [r-event-handler] state.change.logger                      : [Broker id=0] Creating new partition __consumer_offsets-32 with topic id WFhAaeFcTTmq2n07NQHz8w.
[INFO] [stdout] 2026-04-20T08:35:22.404Z  INFO 18665 --- [r-event-handler] kafka.log.UnifiedLog$                    : [LogLoader partition=__consumer_offsets-32, dir=/tmp/kafka-258122364909861766/broker_0_data0] Loading producer state till offset 0 with message format version 2
[INFO] [stdout] 2026-04-20T08:35:22.405Z  INFO 18665 --- [r-event-handler] kafka.log.LogManager                     : Created log for partition __consumer_offsets-32 in /tmp/kafka-258122364909861766/broker_0_data0/__consumer_offsets-32 with properties {cleanup.policy=compact, compression.type="producer", segment.bytes=104857600}
[INFO] [stdout] 2026-04-20T08:35:22.405Z  INFO 18665 --- [r-event-handler] kafka.cluster.Partition                  : [Partition __consumer_offsets-32 broker=0] No checkpointed highwatermark is found for partition __consumer_offsets-32
[INFO] [stdout] 2026-04-20T08:35:22.408Z  INFO 18665 --- [r-event-handler] kafka.cluster.Partition                  : [Partition __consumer_offsets-32 broker=0] Log loaded for partition __consumer_offsets-32 with initial high watermark 0
[INFO] [stdout] 2026-04-20T08:35:22.408Z  INFO 18665 --- [r-event-handler] state.change.logger                      : [Broker id=0] Leader __consumer_offsets-32 with topic id Some(WFhAaeFcTTmq2n07NQHz8w) starts at leader epoch 0 from offset 0 with partition epoch 0, high watermark 0, ISR [0], adding replicas [] and removing replicas [] . Previous leader None and previous leader epoch was -1.
[INFO] [stdout] 2026-04-20T08:35:22.409Z  INFO 18665 --- [r-event-handler] state.change.logger                      : [Broker id=0] Creating new partition __consumer_offsets-28 with topic id WFhAaeFcTTmq2n07NQHz8w.
[INFO] [stdout] 2026-04-20T08:35:22.411Z  INFO 18665 --- [r-event-handler] kafka.log.UnifiedLog$                    : [LogLoader partition=__consumer_offsets-28, dir=/tmp/kafka-258122364909861766/broker_0_data0] Loading producer state till offset 0 with message format version 2
[INFO] [stdout] 2026-04-20T08:35:22.414Z  INFO 18665 --- [r-event-handler] kafka.log.LogManager                     : Created log for partition __consumer_offsets-28 in /tmp/kafka-258122364909861766/broker_0_data0/__consumer_offsets-28 with properties {cleanup.policy=compact, compression.type="producer", segment.bytes=104857600}
[INFO] [stdout] 2026-04-20T08:35:22.414Z  INFO 18665 --- [r-event-handler] kafka.cluster.Partition                  : [Partition __consumer_offsets-28 broker=0] No checkpointed highwatermark is found for partition __consumer_offsets-28
[INFO] [stdout] 2026-04-20T08:35:22.414Z  INFO 18665 --- [r-event-handler] kafka.cluster.Partition                  : [Partition __consumer_offsets-28 broker=0] Log loaded for partition __consumer_offsets-28 with initial high watermark 0
[INFO] [stdout] 2026-04-20T08:35:22.414Z  INFO 18665 --- [r-event-handler] state.change.logger                      : [Broker id=0] Leader __consumer_offsets-28 with topic id Some(WFhAaeFcTTmq2n07NQHz8w) starts at leader epoch 0 from offset 0 with partition epoch 0, high watermark 0, ISR [0], adding replicas [] and removing replicas [] . Previous leader None and previous leader epoch was -1.
[INFO] [stdout] 2026-04-20T08:35:22.416Z  INFO 18665 --- [r-event-handler] state.change.logger                      : [Broker id=0] Creating new partition __consumer_offsets-7 with topic id WFhAaeFcTTmq2n07NQHz8w.
[INFO] [stdout] 2026-04-20T08:35:22.417Z  INFO 18665 --- [r-event-handler] kafka.log.UnifiedLog$                    : [LogLoader partition=__consumer_offsets-7, dir=/tmp/kafka-258122364909861766/broker_0_data0] Loading producer state till offset 0 with message format version 2
[INFO] [stdout] 2026-04-20T08:35:22.425Z  INFO 18665 --- [r-event-handler] kafka.log.LogManager                     : Created log for partition __consumer_offsets-7 in /tmp/kafka-258122364909861766/broker_0_data0/__consumer_offsets-7 with properties {cleanup.policy=compact, compression.type="producer", segment.bytes=104857600}
[INFO] [stdout] 2026-04-20T08:35:22.425Z  INFO 18665 --- [r-event-handler] kafka.cluster.Partition                  : [Partition __consumer_offsets-7 broker=0] No checkpointed highwatermark is found for partition __consumer_offsets-7
[INFO] [stdout] 2026-04-20T08:35:22.425Z  INFO 18665 --- [r-event-handler] kafka.cluster.Partition                  : [Partition __consumer_offsets-7 broker=0] Log loaded for partition __consumer_offsets-7 with initial high watermark 0
[INFO] [stdout] 2026-04-20T08:35:22.425Z  INFO 18665 --- [r-event-handler] state.change.logger                      : [Broker id=0] Leader __consumer_offsets-7 with topic id Some(WFhAaeFcTTmq2n07NQHz8w) starts at leader epoch 0 from offset 0 with partition epoch 0, high watermark 0, ISR [0], adding replicas [] and removing replicas [] . Previous leader None and previous leader epoch was -1.
[INFO] [stdout] 2026-04-20T08:35:22.430Z  INFO 18665 --- [ntainer#0-0-C-1] o.a.k.c.c.internals.ConsumerCoordinator  : [Consumer clientId=consumer-midas-core-1, groupId=midas-core] Discovered group coordinator localhost:37193 (id: 2147483647 rack: null)
[INFO] [stdout] 2026-04-20T08:35:22.432Z  INFO 18665 --- [r-event-handler] state.change.logger                      : [Broker id=0] Creating new partition __consumer_offsets-40 with topic id WFhAaeFcTTmq2n07NQHz8w.
[INFO] [stdout] 2026-04-20T08:35:22.434Z  INFO 18665 --- [r-event-handler] kafka.log.UnifiedLog$                    : [LogLoader partition=__consumer_offsets-40, dir=/tmp/kafka-258122364909861766/broker_0_data0] Loading producer state till offset 0 with message format version 2
[INFO] [stdout] 2026-04-20T08:35:22.435Z  INFO 18665 --- [ntainer#0-0-C-1] o.a.k.c.c.internals.ConsumerCoordinator  : [Consumer clientId=consumer-midas-core-1, groupId=midas-core] Request joining group due to: rebalance failed due to 'This is not the correct coordinator.' (NotCoordinatorException)
[INFO] [stdout] 2026-04-20T08:35:22.435Z  INFO 18665 --- [ntainer#0-0-C-1] o.a.k.c.c.internals.ConsumerCoordinator  : [Consumer clientId=consumer-midas-core-1, groupId=midas-core] (Re-)joining group
[INFO] [stdout] 2026-04-20T08:35:22.437Z  INFO 18665 --- [r-event-handler] kafka.log.LogManager                     : Created log for partition __consumer_offsets-40 in /tmp/kafka-258122364909861766/broker_0_data0/__consumer_offsets-40 with properties {cleanup.policy=compact, compression.type="producer", segment.bytes=104857600}
[INFO] [stdout] 2026-04-20T08:35:22.437Z  INFO 18665 --- [r-event-handler] kafka.cluster.Partition                  : [Partition __consumer_offsets-40 broker=0] No checkpointed highwatermark is found for partition __consumer_offsets-40
[INFO] [stdout] 2026-04-20T08:35:22.437Z  INFO 18665 --- [r-event-handler] kafka.cluster.Partition                  : [Partition __consumer_offsets-40 broker=0] Log loaded for partition __consumer_offsets-40 with initial high watermark 0
[INFO] [stdout] 2026-04-20T08:35:22.437Z  INFO 18665 --- [r-event-handler] state.change.logger                      : [Broker id=0] Leader __consumer_offsets-40 with topic id Some(WFhAaeFcTTmq2n07NQHz8w) starts at leader epoch 0 from offset 0 with partition epoch 0, high watermark 0, ISR [0], adding replicas [] and removing replicas [] . Previous leader None and previous leader epoch was -1.
[INFO] [stdout] 2026-04-20T08:35:22.439Z  INFO 18665 --- [r-event-handler] state.change.logger                      : [Broker id=0] Creating new partition __consumer_offsets-3 with topic id WFhAaeFcTTmq2n07NQHz8w.
[INFO] [stdout] 2026-04-20T08:35:22.443Z  INFO 18665 --- [r-event-handler] kafka.log.UnifiedLog$                    : [LogLoader partition=__consumer_offsets-3, dir=/tmp/kafka-258122364909861766/broker_0_data0] Loading producer state till offset 0 with message format version 2
[INFO] [stdout] 2026-04-20T08:35:22.443Z  INFO 18665 --- [r-event-handler] kafka.log.LogManager                     : Created log for partition __consumer_offsets-3 in /tmp/kafka-258122364909861766/broker_0_data0/__consumer_offsets-3 with properties {cleanup.policy=compact, compression.type="producer", segment.bytes=104857600}
[INFO] [stdout] 2026-04-20T08:35:22.443Z  INFO 18665 --- [r-event-handler] kafka.cluster.Partition                  : [Partition __consumer_offsets-3 broker=0] No checkpointed highwatermark is found for partition __consumer_offsets-3
[INFO] [stdout] 2026-04-20T08:35:22.443Z  INFO 18665 --- [r-event-handler] kafka.cluster.Partition                  : [Partition __consumer_offsets-3 broker=0] Log loaded for partition __consumer_offsets-3 with initial high watermark 0
[INFO] [stdout] 2026-04-20T08:35:22.443Z  INFO 18665 --- [r-event-handler] state.change.logger                      : [Broker id=0] Leader __consumer_offsets-3 with topic id Some(WFhAaeFcTTmq2n07NQHz8w) starts at leader epoch 0 from offset 0 with partition epoch 0, high watermark 0, ISR [0], adding replicas [] and removing replicas [] . Previous leader None and previous leader epoch was -1.
[INFO] [stdout] 2026-04-20T08:35:22.444Z  INFO 18665 --- [ntainer#0-0-C-1] o.a.k.c.c.internals.ConsumerCoordinator  : [Consumer clientId=consumer-midas-core-1, groupId=midas-core] Group coordinator localhost:37193 (id: 2147483647 rack: null) is unavailable or invalid due to cause: error response NOT_COORDINATOR. isDisconnected: false. Rediscovery will be attempted.
[INFO] [stdout] 2026-04-20T08:35:22.444Z  INFO 18665 --- [ntainer#0-0-C-1] o.a.k.c.c.internals.ConsumerCoordinator  : [Consumer clientId=consumer-midas-core-1, groupId=midas-core] Requesting disconnect from last known coordinator localhost:37193 (id: 2147483647 rack: null)
[INFO] [stdout] 2026-04-20T08:35:22.444Z  INFO 18665 --- [ntainer#0-0-C-1] o.a.k.c.c.internals.ConsumerCoordinator  : [Consumer clientId=consumer-midas-core-1, groupId=midas-core] JoinGroup failed: This is not the correct coordinator. Marking coordinator unknown. Sent generation was Generation{generationId=-1, memberId='', protocol='null'}
[INFO] [stdout] 2026-04-20T08:35:22.444Z  INFO 18665 --- [ntainer#0-0-C-1] org.apache.kafka.clients.NetworkClient   : [Consumer clientId=consumer-midas-core-1, groupId=midas-core] Client requested disconnect from node 2147483647
[INFO] [stdout] 2026-04-20T08:35:22.445Z  INFO 18665 --- [r-event-handler] state.change.logger                      : [Broker id=0] Creating new partition __consumer_offsets-36 with topic id WFhAaeFcTTmq2n07NQHz8w.
[INFO] [stdout] 2026-04-20T08:35:22.449Z  INFO 18665 --- [ntainer#0-0-C-1] o.a.k.c.c.internals.ConsumerCoordinator  : [Consumer clientId=consumer-midas-core-1, groupId=midas-core] Discovered group coordinator localhost:37193 (id: 2147483647 rack: null)
[INFO] [stdout] 2026-04-20T08:35:22.449Z  INFO 18665 --- [ntainer#0-0-C-1] o.a.k.c.c.internals.ConsumerCoordinator  : [Consumer clientId=consumer-midas-core-1, groupId=midas-core] Group coordinator localhost:37193 (id: 2147483647 rack: null) is unavailable or invalid due to cause: coordinator unavailable. isDisconnected: false. Rediscovery will be attempted.
[INFO] [stdout] 2026-04-20T08:35:22.449Z  INFO 18665 --- [ntainer#0-0-C-1] o.a.k.c.c.internals.ConsumerCoordinator  : [Consumer clientId=consumer-midas-core-1, groupId=midas-core] Requesting disconnect from last known coordinator localhost:37193 (id: 2147483647 rack: null)
[INFO] [stdout] 2026-04-20T08:35:22.452Z  INFO 18665 --- [r-event-handler] kafka.log.UnifiedLog$                    : [LogLoader partition=__consumer_offsets-36, dir=/tmp/kafka-258122364909861766/broker_0_data0] Loading producer state till offset 0 with message format version 2
[INFO] [stdout] 2026-04-20T08:35:22.458Z  INFO 18665 --- [r-event-handler] kafka.log.LogManager                     : Created log for partition __consumer_offsets-36 in /tmp/kafka-258122364909861766/broker_0_data0/__consumer_offsets-36 with properties {cleanup.policy=compact, compression.type="producer", segment.bytes=104857600}
[INFO] [stdout] 2026-04-20T08:35:22.458Z  INFO 18665 --- [r-event-handler] kafka.cluster.Partition                  : [Partition __consumer_offsets-36 broker=0] No checkpointed highwatermark is found for partition __consumer_offsets-36
[INFO] [stdout] 2026-04-20T08:35:22.459Z  INFO 18665 --- [r-event-handler] kafka.cluster.Partition                  : [Partition __consumer_offsets-36 broker=0] Log loaded for partition __consumer_offsets-36 with initial high watermark 0
[INFO] [stdout] 2026-04-20T08:35:22.459Z  INFO 18665 --- [r-event-handler] state.change.logger                      : [Broker id=0] Leader __consumer_offsets-36 with topic id Some(WFhAaeFcTTmq2n07NQHz8w) starts at leader epoch 0 from offset 0 with partition epoch 0, high watermark 0, ISR [0], adding replicas [] and removing replicas [] . Previous leader None and previous leader epoch was -1.
[INFO] [stdout] 2026-04-20T08:35:22.460Z  INFO 18665 --- [r-event-handler] state.change.logger                      : [Broker id=0] Creating new partition __consumer_offsets-47 with topic id WFhAaeFcTTmq2n07NQHz8w.
[INFO] [stdout] 2026-04-20T08:35:22.465Z  INFO 18665 --- [r-event-handler] kafka.log.UnifiedLog$                    : [LogLoader partition=__consumer_offsets-47, dir=/tmp/kafka-258122364909861766/broker_0_data0] Loading producer state till offset 0 with message format version 2
[INFO] [stdout] 2026-04-20T08:35:22.468Z  INFO 18665 --- [r-event-handler] kafka.log.LogManager                     : Created log for partition __consumer_offsets-47 in /tmp/kafka-258122364909861766/broker_0_data0/__consumer_offsets-47 with properties {cleanup.policy=compact, compression.type="producer", segment.bytes=104857600}
[INFO] [stdout] 2026-04-20T08:35:22.468Z  INFO 18665 --- [r-event-handler] kafka.cluster.Partition                  : [Partition __consumer_offsets-47 broker=0] No checkpointed highwatermark is found for partition __consumer_offsets-47
[INFO] [stdout] 2026-04-20T08:35:22.468Z  INFO 18665 --- [r-event-handler] kafka.cluster.Partition                  : [Partition __consumer_offsets-47 broker=0] Log loaded for partition __consumer_offsets-47 with initial high watermark 0
[INFO] [stdout] 2026-04-20T08:35:22.468Z  INFO 18665 --- [r-event-handler] state.change.logger                      : [Broker id=0] Leader __consumer_offsets-47 with topic id Some(WFhAaeFcTTmq2n07NQHz8w) starts at leader epoch 0 from offset 0 with partition epoch 0, high watermark 0, ISR [0], adding replicas [] and removing replicas [] . Previous leader None and previous leader epoch was -1.
[INFO] [stdout] 2026-04-20T08:35:22.469Z  INFO 18665 --- [r-event-handler] state.change.logger                      : [Broker id=0] Creating new partition __consumer_offsets-14 with topic id WFhAaeFcTTmq2n07NQHz8w.
[INFO] [stdout] 2026-04-20T08:35:22.470Z  INFO 18665 --- [r-event-handler] kafka.log.UnifiedLog$                    : [LogLoader partition=__consumer_offsets-14, dir=/tmp/kafka-258122364909861766/broker_0_data0] Loading producer state till offset 0 with message format version 2
[INFO] [stdout] 2026-04-20T08:35:22.473Z  INFO 18665 --- [r-event-handler] kafka.log.LogManager                     : Created log for partition __consumer_offsets-14 in /tmp/kafka-258122364909861766/broker_0_data0/__consumer_offsets-14 with properties {cleanup.policy=compact, compression.type="producer", segment.bytes=104857600}
[INFO] [stdout] 2026-04-20T08:35:22.473Z  INFO 18665 --- [r-event-handler] kafka.cluster.Partition                  : [Partition __consumer_offsets-14 broker=0] No checkpointed highwatermark is found for partition __consumer_offsets-14
[INFO] [stdout] 2026-04-20T08:35:22.473Z  INFO 18665 --- [r-event-handler] kafka.cluster.Partition                  : [Partition __consumer_offsets-14 broker=0] Log loaded for partition __consumer_offsets-14 with initial high watermark 0
[INFO] [stdout] 2026-04-20T08:35:22.473Z  INFO 18665 --- [r-event-handler] state.change.logger                      : [Broker id=0] Leader __consumer_offsets-14 with topic id Some(WFhAaeFcTTmq2n07NQHz8w) starts at leader epoch 0 from offset 0 with partition epoch 0, high watermark 0, ISR [0], adding replicas [] and removing replicas [] . Previous leader None and previous leader epoch was -1.
[INFO] [stdout] 2026-04-20T08:35:22.478Z  INFO 18665 --- [r-event-handler] state.change.logger                      : [Broker id=0] Creating new partition __consumer_offsets-43 with topic id WFhAaeFcTTmq2n07NQHz8w.
[INFO] [stdout] 2026-04-20T08:35:22.481Z  INFO 18665 --- [r-event-handler] kafka.log.UnifiedLog$                    : [LogLoader partition=__consumer_offsets-43, dir=/tmp/kafka-258122364909861766/broker_0_data0] Loading producer state till offset 0 with message format version 2
[INFO] [stdout] 2026-04-20T08:35:22.484Z  INFO 18665 --- [r-event-handler] kafka.log.LogManager                     : Created log for partition __consumer_offsets-43 in /tmp/kafka-258122364909861766/broker_0_data0/__consumer_offsets-43 with properties {cleanup.policy=compact, compression.type="producer", segment.bytes=104857600}
[INFO] [stdout] 2026-04-20T08:35:22.484Z  INFO 18665 --- [r-event-handler] kafka.cluster.Partition                  : [Partition __consumer_offsets-43 broker=0] No checkpointed highwatermark is found for partition __consumer_offsets-43
[INFO] [stdout] 2026-04-20T08:35:22.484Z  INFO 18665 --- [r-event-handler] kafka.cluster.Partition                  : [Partition __consumer_offsets-43 broker=0] Log loaded for partition __consumer_offsets-43 with initial high watermark 0
[INFO] [stdout] 2026-04-20T08:35:22.484Z  INFO 18665 --- [r-event-handler] state.change.logger                      : [Broker id=0] Leader __consumer_offsets-43 with topic id Some(WFhAaeFcTTmq2n07NQHz8w) starts at leader epoch 0 from offset 0 with partition epoch 0, high watermark 0, ISR [0], adding replicas [] and removing replicas [] . Previous leader None and previous leader epoch was -1.
[INFO] [stdout] 2026-04-20T08:35:22.488Z  INFO 18665 --- [r-event-handler] state.change.logger                      : [Broker id=0] Creating new partition __consumer_offsets-10 with topic id WFhAaeFcTTmq2n07NQHz8w.
[INFO] [stdout] 2026-04-20T08:35:22.494Z  INFO 18665 --- [r-event-handler] kafka.log.UnifiedLog$                    : [LogLoader partition=__consumer_offsets-10, dir=/tmp/kafka-258122364909861766/broker_0_data0] Loading producer state till offset 0 with message format version 2
[INFO] [stdout] 2026-04-20T08:35:22.496Z  INFO 18665 --- [r-event-handler] kafka.log.LogManager                     : Created log for partition __consumer_offsets-10 in /tmp/kafka-258122364909861766/broker_0_data0/__consumer_offsets-10 with properties {cleanup.policy=compact, compression.type="producer", segment.bytes=104857600}
[INFO] [stdout] 2026-04-20T08:35:22.496Z  INFO 18665 --- [r-event-handler] kafka.cluster.Partition                  : [Partition __consumer_offsets-10 broker=0] No checkpointed highwatermark is found for partition __consumer_offsets-10
[INFO] [stdout] 2026-04-20T08:35:22.497Z  INFO 18665 --- [r-event-handler] kafka.cluster.Partition                  : [Partition __consumer_offsets-10 broker=0] Log loaded for partition __consumer_offsets-10 with initial high watermark 0
[INFO] [stdout] 2026-04-20T08:35:22.497Z  INFO 18665 --- [r-event-handler] state.change.logger                      : [Broker id=0] Leader __consumer_offsets-10 with topic id Some(WFhAaeFcTTmq2n07NQHz8w) starts at leader epoch 0 from offset 0 with partition epoch 0, high watermark 0, ISR [0], adding replicas [] and removing replicas [] . Previous leader None and previous leader epoch was -1.
[INFO] [stdout] 2026-04-20T08:35:22.502Z  INFO 18665 --- [r-event-handler] state.change.logger                      : [Broker id=0] Creating new partition __consumer_offsets-22 with topic id WFhAaeFcTTmq2n07NQHz8w.
[INFO] [stdout] 2026-04-20T08:35:22.503Z  INFO 18665 --- [r-event-handler] kafka.log.UnifiedLog$                    : [LogLoader partition=__consumer_offsets-22, dir=/tmp/kafka-258122364909861766/broker_0_data0] Loading producer state till offset 0 with message format version 2
[INFO] [stdout] 2026-04-20T08:35:22.506Z  INFO 18665 --- [r-event-handler] kafka.log.LogManager                     : Created log for partition __consumer_offsets-22 in /tmp/kafka-258122364909861766/broker_0_data0/__consumer_offsets-22 with properties {cleanup.policy=compact, compression.type="producer", segment.bytes=104857600}
[INFO] [stdout] 2026-04-20T08:35:22.507Z  INFO 18665 --- [r-event-handler] kafka.cluster.Partition                  : [Partition __consumer_offsets-22 broker=0] No checkpointed highwatermark is found for partition __consumer_offsets-22
[INFO] [stdout] 2026-04-20T08:35:22.507Z  INFO 18665 --- [r-event-handler] kafka.cluster.Partition                  : [Partition __consumer_offsets-22 broker=0] Log loaded for partition __consumer_offsets-22 with initial high watermark 0
[INFO] [stdout] 2026-04-20T08:35:22.507Z  INFO 18665 --- [r-event-handler] state.change.logger                      : [Broker id=0] Leader __consumer_offsets-22 with topic id Some(WFhAaeFcTTmq2n07NQHz8w) starts at leader epoch 0 from offset 0 with partition epoch 0, high watermark 0, ISR [0], adding replicas [] and removing replicas [] . Previous leader None and previous leader epoch was -1.
[INFO] [stdout] 2026-04-20T08:35:22.511Z  INFO 18665 --- [r-event-handler] state.change.logger                      : [Broker id=0] Creating new partition __consumer_offsets-18 with topic id WFhAaeFcTTmq2n07NQHz8w.
[INFO] [stdout] 2026-04-20T08:35:22.514Z  INFO 18665 --- [r-event-handler] kafka.log.UnifiedLog$                    : [LogLoader partition=__consumer_offsets-18, dir=/tmp/kafka-258122364909861766/broker_0_data0] Loading producer state till offset 0 with message format version 2
[INFO] [stdout] 2026-04-20T08:35:22.514Z  INFO 18665 --- [r-event-handler] kafka.log.LogManager                     : Created log for partition __consumer_offsets-18 in /tmp/kafka-258122364909861766/broker_0_data0/__consumer_offsets-18 with properties {cleanup.policy=compact, compression.type="producer", segment.bytes=104857600}
[INFO] [stdout] 2026-04-20T08:35:22.514Z  INFO 18665 --- [r-event-handler] kafka.cluster.Partition                  : [Partition __consumer_offsets-18 broker=0] No checkpointed highwatermark is found for partition __consumer_offsets-18
[INFO] [stdout] 2026-04-20T08:35:22.514Z  INFO 18665 --- [r-event-handler] kafka.cluster.Partition                  : [Partition __consumer_offsets-18 broker=0] Log loaded for partition __consumer_offsets-18 with initial high watermark 0
[INFO] [stdout] 2026-04-20T08:35:22.514Z  INFO 18665 --- [r-event-handler] state.change.logger                      : [Broker id=0] Leader __consumer_offsets-18 with topic id Some(WFhAaeFcTTmq2n07NQHz8w) starts at leader epoch 0 from offset 0 with partition epoch 0, high watermark 0, ISR [0], adding replicas [] and removing replicas [] . Previous leader None and previous leader epoch was -1.
[INFO] [stdout] 2026-04-20T08:35:22.518Z  INFO 18665 --- [r-event-handler] state.change.logger                      : [Broker id=0] Creating new partition __consumer_offsets-31 with topic id WFhAaeFcTTmq2n07NQHz8w.
[INFO] [stdout] 2026-04-20T08:35:22.526Z  INFO 18665 --- [r-event-handler] kafka.log.UnifiedLog$                    : [LogLoader partition=__consumer_offsets-31, dir=/tmp/kafka-258122364909861766/broker_0_data0] Loading producer state till offset 0 with message format version 2
[INFO] [stdout] 2026-04-20T08:35:22.527Z  INFO 18665 --- [r-event-handler] kafka.log.LogManager                     : Created log for partition __consumer_offsets-31 in /tmp/kafka-258122364909861766/broker_0_data0/__consumer_offsets-31 with properties {cleanup.policy=compact, compression.type="producer", segment.bytes=104857600}
[INFO] [stdout] 2026-04-20T08:35:22.528Z  INFO 18665 --- [r-event-handler] kafka.cluster.Partition                  : [Partition __consumer_offsets-31 broker=0] No checkpointed highwatermark is found for partition __consumer_offsets-31
[INFO] [stdout] 2026-04-20T08:35:22.528Z  INFO 18665 --- [r-event-handler] kafka.cluster.Partition                  : [Partition __consumer_offsets-31 broker=0] Log loaded for partition __consumer_offsets-31 with initial high watermark 0
[INFO] [stdout] 2026-04-20T08:35:22.528Z  INFO 18665 --- [r-event-handler] state.change.logger                      : [Broker id=0] Leader __consumer_offsets-31 with topic id Some(WFhAaeFcTTmq2n07NQHz8w) starts at leader epoch 0 from offset 0 with partition epoch 0, high watermark 0, ISR [0], adding replicas [] and removing replicas [] . Previous leader None and previous leader epoch was -1.
[INFO] [stdout] 2026-04-20T08:35:22.532Z  INFO 18665 --- [r-event-handler] state.change.logger                      : [Broker id=0] Creating new partition __consumer_offsets-27 with topic id WFhAaeFcTTmq2n07NQHz8w.
[INFO] [stdout] 2026-04-20T08:35:22.534Z  INFO 18665 --- [r-event-handler] kafka.log.UnifiedLog$                    : [LogLoader partition=__consumer_offsets-27, dir=/tmp/kafka-258122364909861766/broker_0_data0] Loading producer state till offset 0 with message format version 2
[INFO] [stdout] 2026-04-20T08:35:22.539Z  INFO 18665 --- [r-event-handler] kafka.log.LogManager                     : Created log for partition __consumer_offsets-27 in /tmp/kafka-258122364909861766/broker_0_data0/__consumer_offsets-27 with properties {cleanup.policy=compact, compression.type="producer", segment.bytes=104857600}
[INFO] [stdout] 2026-04-20T08:35:22.539Z  INFO 18665 --- [r-event-handler] kafka.cluster.Partition                  : [Partition __consumer_offsets-27 broker=0] No checkpointed highwatermark is found for partition __consumer_offsets-27
[INFO] [stdout] 2026-04-20T08:35:22.539Z  INFO 18665 --- [r-event-handler] kafka.cluster.Partition                  : [Partition __consumer_offsets-27 broker=0] Log loaded for partition __consumer_offsets-27 with initial high watermark 0
[INFO] [stdout] 2026-04-20T08:35:22.539Z  INFO 18665 --- [r-event-handler] state.change.logger                      : [Broker id=0] Leader __consumer_offsets-27 with topic id Some(WFhAaeFcTTmq2n07NQHz8w) starts at leader epoch 0 from offset 0 with partition epoch 0, high watermark 0, ISR [0], adding replicas [] and removing replicas [] . Previous leader None and previous leader epoch was -1.
[INFO] [stdout] 2026-04-20T08:35:22.540Z  INFO 18665 --- [r-event-handler] state.change.logger                      : [Broker id=0] Creating new partition __consumer_offsets-39 with topic id WFhAaeFcTTmq2n07NQHz8w.
[INFO] [stdout] 2026-04-20T08:35:22.544Z  INFO 18665 --- [r-event-handler] kafka.log.UnifiedLog$                    : [LogLoader partition=__consumer_offsets-39, dir=/tmp/kafka-258122364909861766/broker_0_data0] Loading producer state till offset 0 with message format version 2
[INFO] [stdout] 2026-04-20T08:35:22.547Z  INFO 18665 --- [r-event-handler] kafka.log.LogManager                     : Created log for partition __consumer_offsets-39 in /tmp/kafka-258122364909861766/broker_0_data0/__consumer_offsets-39 with properties {cleanup.policy=compact, compression.type="producer", segment.bytes=104857600}
[INFO] [stdout] 2026-04-20T08:35:22.547Z  INFO 18665 --- [r-event-handler] kafka.cluster.Partition                  : [Partition __consumer_offsets-39 broker=0] No checkpointed highwatermark is found for partition __consumer_offsets-39
[INFO] [stdout] 2026-04-20T08:35:22.547Z  INFO 18665 --- [r-event-handler] kafka.cluster.Partition                  : [Partition __consumer_offsets-39 broker=0] Log loaded for partition __consumer_offsets-39 with initial high watermark 0
[INFO] [stdout] 2026-04-20T08:35:22.547Z  INFO 18665 --- [r-event-handler] state.change.logger                      : [Broker id=0] Leader __consumer_offsets-39 with topic id Some(WFhAaeFcTTmq2n07NQHz8w) starts at leader epoch 0 from offset 0 with partition epoch 0, high watermark 0, ISR [0], adding replicas [] and removing replicas [] . Previous leader None and previous leader epoch was -1.
[INFO] [stdout] 2026-04-20T08:35:22.551Z  INFO 18665 --- [r-event-handler] state.change.logger                      : [Broker id=0] Creating new partition __consumer_offsets-6 with topic id WFhAaeFcTTmq2n07NQHz8w.
[INFO] [stdout] 2026-04-20T08:35:22.564Z  INFO 18665 --- [ntainer#0-0-C-1] o.a.k.c.c.internals.ConsumerCoordinator  : [Consumer clientId=consumer-midas-core-1, groupId=midas-core] Discovered group coordinator localhost:37193 (id: 2147483647 rack: null)
[INFO] [stdout] 2026-04-20T08:35:22.565Z  INFO 18665 --- [ntainer#0-0-C-1] o.a.k.c.c.internals.ConsumerCoordinator  : [Consumer clientId=consumer-midas-core-1, groupId=midas-core] Request joining group due to: rebalance failed due to 'This is not the correct coordinator.' (NotCoordinatorException)
[INFO] [stdout] 2026-04-20T08:35:22.566Z  INFO 18665 --- [r-event-handler] kafka.log.UnifiedLog$                    : [LogLoader partition=__consumer_offsets-6, dir=/tmp/kafka-258122364909861766/broker_0_data0] Loading producer state till offset 0 with message format version 2
[INFO] [stdout] 2026-04-20T08:35:22.569Z  INFO 18665 --- [r-event-handler] kafka.log.LogManager                     : Created log for partition __consumer_offsets-6 in /tmp/kafka-258122364909861766/broker_0_data0/__consumer_offsets-6 with properties {cleanup.policy=compact, compression.type="producer", segment.bytes=104857600}
[INFO] [stdout] 2026-04-20T08:35:22.569Z  INFO 18665 --- [r-event-handler] kafka.cluster.Partition                  : [Partition __consumer_offsets-6 broker=0] No checkpointed highwatermark is found for partition __consumer_offsets-6
[INFO] [stdout] 2026-04-20T08:35:22.569Z  INFO 18665 --- [r-event-handler] kafka.cluster.Partition                  : [Partition __consumer_offsets-6 broker=0] Log loaded for partition __consumer_offsets-6 with initial high watermark 0
[INFO] [stdout] 2026-04-20T08:35:22.569Z  INFO 18665 --- [r-event-handler] state.change.logger                      : [Broker id=0] Leader __consumer_offsets-6 with topic id Some(WFhAaeFcTTmq2n07NQHz8w) starts at leader epoch 0 from offset 0 with partition epoch 0, high watermark 0, ISR [0], adding replicas [] and removing replicas [] . Previous leader None and previous leader epoch was -1.
[INFO] [stdout] 2026-04-20T08:35:22.574Z  INFO 18665 --- [ntainer#0-0-C-1] o.a.k.c.c.internals.ConsumerCoordinator  : [Consumer clientId=consumer-midas-core-1, groupId=midas-core] (Re-)joining group
[INFO] [stdout] 2026-04-20T08:35:22.577Z  INFO 18665 --- [r-event-handler] state.change.logger                      : [Broker id=0] Creating new partition __consumer_offsets-35 with topic id WFhAaeFcTTmq2n07NQHz8w.
[INFO] [stdout] 2026-04-20T08:35:22.582Z  INFO 18665 --- [ntainer#0-0-C-1] o.a.k.c.c.internals.ConsumerCoordinator  : [Consumer clientId=consumer-midas-core-1, groupId=midas-core] Group coordinator localhost:37193 (id: 2147483647 rack: null) is unavailable or invalid due to cause: error response NOT_COORDINATOR. isDisconnected: false. Rediscovery will be attempted.
[INFO] [stdout] 2026-04-20T08:35:22.582Z  INFO 18665 --- [ntainer#0-0-C-1] o.a.k.c.c.internals.ConsumerCoordinator  : [Consumer clientId=consumer-midas-core-1, groupId=midas-core] Requesting disconnect from last known coordinator localhost:37193 (id: 2147483647 rack: null)
[INFO] [stdout] 2026-04-20T08:35:22.582Z  INFO 18665 --- [ntainer#0-0-C-1] o.a.k.c.c.internals.ConsumerCoordinator  : [Consumer clientId=consumer-midas-core-1, groupId=midas-core] JoinGroup failed: This is not the correct coordinator. Marking coordinator unknown. Sent generation was Generation{generationId=-1, memberId='', protocol='null'}
[INFO] [stdout] 2026-04-20T08:35:22.582Z  INFO 18665 --- [ntainer#0-0-C-1] org.apache.kafka.clients.NetworkClient   : [Consumer clientId=consumer-midas-core-1, groupId=midas-core] Client requested disconnect from node 2147483647
[INFO] [stdout] 2026-04-20T08:35:22.584Z  INFO 18665 --- [r-event-handler] kafka.log.UnifiedLog$                    : [LogLoader partition=__consumer_offsets-35, dir=/tmp/kafka-258122364909861766/broker_0_data0] Loading producer state till offset 0 with message format version 2
[INFO] [stdout] 2026-04-20T08:35:22.584Z  INFO 18665 --- [r-event-handler] kafka.log.LogManager                     : Created log for partition __consumer_offsets-35 in /tmp/kafka-258122364909861766/broker_0_data0/__consumer_offsets-35 with properties {cleanup.policy=compact, compression.type="producer", segment.bytes=104857600}
[INFO] [stdout] 2026-04-20T08:35:22.584Z  INFO 18665 --- [r-event-handler] kafka.cluster.Partition                  : [Partition __consumer_offsets-35 broker=0] No checkpointed highwatermark is found for partition __consumer_offsets-35
[INFO] [stdout] 2026-04-20T08:35:22.584Z  INFO 18665 --- [r-event-handler] kafka.cluster.Partition                  : [Partition __consumer_offsets-35 broker=0] Log loaded for partition __consumer_offsets-35 with initial high watermark 0
[INFO] [stdout] 2026-04-20T08:35:22.584Z  INFO 18665 --- [r-event-handler] state.change.logger                      : [Broker id=0] Leader __consumer_offsets-35 with topic id Some(WFhAaeFcTTmq2n07NQHz8w) starts at leader epoch 0 from offset 0 with partition epoch 0, high watermark 0, ISR [0], adding replicas [] and removing replicas [] . Previous leader None and previous leader epoch was -1.
[INFO] [stdout] 2026-04-20T08:35:22.594Z  INFO 18665 --- [ntainer#0-0-C-1] o.a.k.c.c.internals.ConsumerCoordinator  : [Consumer clientId=consumer-midas-core-1, groupId=midas-core] Discovered group coordinator localhost:37193 (id: 2147483647 rack: null)
[INFO] [stdout] 2026-04-20T08:35:22.594Z  INFO 18665 --- [ntainer#0-0-C-1] o.a.k.c.c.internals.ConsumerCoordinator  : [Consumer clientId=consumer-midas-core-1, groupId=midas-core] Group coordinator localhost:37193 (id: 2147483647 rack: null) is unavailable or invalid due to cause: coordinator unavailable. isDisconnected: false. Rediscovery will be attempted.
[INFO] [stdout] 2026-04-20T08:35:22.594Z  INFO 18665 --- [ntainer#0-0-C-1] o.a.k.c.c.internals.ConsumerCoordinator  : [Consumer clientId=consumer-midas-core-1, groupId=midas-core] Requesting disconnect from last known coordinator localhost:37193 (id: 2147483647 rack: null)
[INFO] [stdout] 2026-04-20T08:35:22.595Z  INFO 18665 --- [r-event-handler] state.change.logger                      : [Broker id=0] Creating new partition __consumer_offsets-2 with topic id WFhAaeFcTTmq2n07NQHz8w.
[INFO] [stdout] 2026-04-20T08:35:22.601Z  INFO 18665 --- [r-event-handler] kafka.log.UnifiedLog$                    : [LogLoader partition=__consumer_offsets-2, dir=/tmp/kafka-258122364909861766/broker_0_data0] Loading producer state till offset 0 with message format version 2
[INFO] [stdout] 2026-04-20T08:35:22.604Z  INFO 18665 --- [r-event-handler] kafka.log.LogManager                     : Created log for partition __consumer_offsets-2 in /tmp/kafka-258122364909861766/broker_0_data0/__consumer_offsets-2 with properties {cleanup.policy=compact, compression.type="producer", segment.bytes=104857600}
[INFO] [stdout] 2026-04-20T08:35:22.604Z  INFO 18665 --- [r-event-handler] kafka.cluster.Partition                  : [Partition __consumer_offsets-2 broker=0] No checkpointed highwatermark is found for partition __consumer_offsets-2
[INFO] [stdout] 2026-04-20T08:35:22.604Z  INFO 18665 --- [r-event-handler] kafka.cluster.Partition                  : [Partition __consumer_offsets-2 broker=0] Log loaded for partition __consumer_offsets-2 with initial high watermark 0
[INFO] [stdout] 2026-04-20T08:35:22.604Z  INFO 18665 --- [r-event-handler] state.change.logger                      : [Broker id=0] Leader __consumer_offsets-2 with topic id Some(WFhAaeFcTTmq2n07NQHz8w) starts at leader epoch 0 from offset 0 with partition epoch 0, high watermark 0, ISR [0], adding replicas [] and removing replicas [] . Previous leader None and previous leader epoch was -1.
[INFO] [stdout] 2026-04-20T08:35:22.609Z  INFO 18665 --- [r-event-handler] k.coordinator.group.GroupCoordinator     : [GroupCoordinator 0]: Elected as the group coordinator for partition 13 in epoch 0
[INFO] [stdout] 2026-04-20T08:35:22.614Z  INFO 18665 --- [r-event-handler] k.c.group.GroupMetadataManager           : [GroupMetadataManager brokerId=0] Scheduling loading of offsets and group metadata from __consumer_offsets-13 for epoch 0
[INFO] [stdout] 2026-04-20T08:35:22.616Z  INFO 18665 --- [r-event-handler] k.coordinator.group.GroupCoordinator     : [GroupCoordinator 0]: Elected as the group coordinator for partition 46 in epoch 0
[INFO] [stdout] 2026-04-20T08:35:22.616Z  INFO 18665 --- [r-event-handler] k.c.group.GroupMetadataManager           : [GroupMetadataManager brokerId=0] Scheduling loading of offsets and group metadata from __consumer_offsets-46 for epoch 0
[INFO] [stdout] 2026-04-20T08:35:22.616Z  INFO 18665 --- [r-event-handler] k.coordinator.group.GroupCoordinator     : [GroupCoordinator 0]: Elected as the group coordinator for partition 9 in epoch 0
[INFO] [stdout] 2026-04-20T08:35:22.616Z  INFO 18665 --- [r-event-handler] k.c.group.GroupMetadataManager           : [GroupMetadataManager brokerId=0] Scheduling loading of offsets and group metadata from __consumer_offsets-9 for epoch 0
[INFO] [stdout] 2026-04-20T08:35:22.616Z  INFO 18665 --- [r-event-handler] k.coordinator.group.GroupCoordinator     : [GroupCoordinator 0]: Elected as the group coordinator for partition 42 in epoch 0
[INFO] [stdout] 2026-04-20T08:35:22.616Z  INFO 18665 --- [r-event-handler] k.c.group.GroupMetadataManager           : [GroupMetadataManager brokerId=0] Scheduling loading of offsets and group metadata from __consumer_offsets-42 for epoch 0
[INFO] [stdout] 2026-04-20T08:35:22.616Z  INFO 18665 --- [r-event-handler] k.coordinator.group.GroupCoordinator     : [GroupCoordinator 0]: Elected as the group coordinator for partition 21 in epoch 0
[INFO] [stdout] 2026-04-20T08:35:22.617Z  INFO 18665 --- [r-event-handler] k.c.group.GroupMetadataManager           : [GroupMetadataManager brokerId=0] Scheduling loading of offsets and group metadata from __consumer_offsets-21 for epoch 0
[INFO] [stdout] 2026-04-20T08:35:22.617Z  INFO 18665 --- [r-event-handler] k.coordinator.group.GroupCoordinator     : [GroupCoordinator 0]: Elected as the group coordinator for partition 17 in epoch 0
[INFO] [stdout] 2026-04-20T08:35:22.617Z  INFO 18665 --- [r-event-handler] k.c.group.GroupMetadataManager           : [GroupMetadataManager brokerId=0] Scheduling loading of offsets and group metadata from __consumer_offsets-17 for epoch 0
[INFO] [stdout] 2026-04-20T08:35:22.620Z  INFO 18665 --- [r-event-handler] k.coordinator.group.GroupCoordinator     : [GroupCoordinator 0]: Elected as the group coordinator for partition 30 in epoch 0
[INFO] [stdout] 2026-04-20T08:35:22.620Z  INFO 18665 --- [r-event-handler] k.c.group.GroupMetadataManager           : [GroupMetadataManager brokerId=0] Scheduling loading of offsets and group metadata from __consumer_offsets-30 for epoch 0
[INFO] [stdout] 2026-04-20T08:35:22.620Z  INFO 18665 --- [r-event-handler] k.coordinator.group.GroupCoordinator     : [GroupCoordinator 0]: Elected as the group coordinator for partition 26 in epoch 0
[INFO] [stdout] 2026-04-20T08:35:22.620Z  INFO 18665 --- [r-event-handler] k.c.group.GroupMetadataManager           : [GroupMetadataManager brokerId=0] Scheduling loading of offsets and group metadata from __consumer_offsets-26 for epoch 0
[INFO] [stdout] 2026-04-20T08:35:22.620Z  INFO 18665 --- [r-event-handler] k.coordinator.group.GroupCoordinator     : [GroupCoordinator 0]: Elected as the group coordinator for partition 5 in epoch 0
[INFO] [stdout] 2026-04-20T08:35:22.620Z  INFO 18665 --- [r-event-handler] k.c.group.GroupMetadataManager           : [GroupMetadataManager brokerId=0] Scheduling loading of offsets and group metadata from __consumer_offsets-5 for epoch 0
[INFO] [stdout] 2026-04-20T08:35:22.620Z  INFO 18665 --- [r-event-handler] k.coordinator.group.GroupCoordinator     : [GroupCoordinator 0]: Elected as the group coordinator for partition 38 in epoch 0
[INFO] [stdout] 2026-04-20T08:35:22.620Z  INFO 18665 --- [r-event-handler] k.c.group.GroupMetadataManager           : [GroupMetadataManager brokerId=0] Scheduling loading of offsets and group metadata from __consumer_offsets-38 for epoch 0
[INFO] [stdout] 2026-04-20T08:35:22.620Z  INFO 18665 --- [r-event-handler] k.coordinator.group.GroupCoordinator     : [GroupCoordinator 0]: Elected as the group coordinator for partition 1 in epoch 0
[INFO] [stdout] 2026-04-20T08:35:22.621Z  INFO 18665 --- [r-event-handler] k.c.group.GroupMetadataManager           : [GroupMetadataManager brokerId=0] Scheduling loading of offsets and group metadata from __consumer_offsets-1 for epoch 0
[INFO] [stdout] 2026-04-20T08:35:22.621Z  INFO 18665 --- [r-event-handler] k.coordinator.group.GroupCoordinator     : [GroupCoordinator 0]: Elected as the group coordinator for partition 34 in epoch 0
[INFO] [stdout] 2026-04-20T08:35:22.621Z  INFO 18665 --- [r-event-handler] k.c.group.GroupMetadataManager           : [GroupMetadataManager brokerId=0] Scheduling loading of offsets and group metadata from __consumer_offsets-34 for epoch 0
[INFO] [stdout] 2026-04-20T08:35:22.621Z  INFO 18665 --- [r-event-handler] k.coordinator.group.GroupCoordinator     : [GroupCoordinator 0]: Elected as the group coordinator for partition 16 in epoch 0
[INFO] [stdout] 2026-04-20T08:35:22.621Z  INFO 18665 --- [r-event-handler] k.c.group.GroupMetadataManager           : [GroupMetadataManager brokerId=0] Scheduling loading of offsets and group metadata from __consumer_offsets-16 for epoch 0
[INFO] [stdout] 2026-04-20T08:35:22.621Z  INFO 18665 --- [r-event-handler] k.coordinator.group.GroupCoordinator     : [GroupCoordinator 0]: Elected as the group coordinator for partition 45 in epoch 0
[INFO] [stdout] 2026-04-20T08:35:22.621Z  INFO 18665 --- [r-event-handler] k.c.group.GroupMetadataManager           : [GroupMetadataManager brokerId=0] Scheduling loading of offsets and group metadata from __consumer_offsets-45 for epoch 0
[INFO] [stdout] 2026-04-20T08:35:22.621Z  INFO 18665 --- [r-event-handler] k.coordinator.group.GroupCoordinator     : [GroupCoordinator 0]: Elected as the group coordinator for partition 12 in epoch 0
[INFO] [stdout] 2026-04-20T08:35:22.621Z  INFO 18665 --- [r-event-handler] k.c.group.GroupMetadataManager           : [GroupMetadataManager brokerId=0] Scheduling loading of offsets and group metadata from __consumer_offsets-12 for epoch 0
[INFO] [stdout] 2026-04-20T08:35:22.621Z  INFO 18665 --- [r-event-handler] k.coordinator.group.GroupCoordinator     : [GroupCoordinator 0]: Elected as the group coordinator for partition 41 in epoch 0
[INFO] [stdout] 2026-04-20T08:35:22.621Z  INFO 18665 --- [r-event-handler] k.c.group.GroupMetadataManager           : [GroupMetadataManager brokerId=0] Scheduling loading of offsets and group metadata from __consumer_offsets-41 for epoch 0
[INFO] [stdout] 2026-04-20T08:35:22.621Z  INFO 18665 --- [r-event-handler] k.coordinator.group.GroupCoordinator     : [GroupCoordinator 0]: Elected as the group coordinator for partition 24 in epoch 0
[INFO] [stdout] 2026-04-20T08:35:22.621Z  INFO 18665 --- [r-event-handler] k.c.group.GroupMetadataManager           : [GroupMetadataManager brokerId=0] Scheduling loading of offsets and group metadata from __consumer_offsets-24 for epoch 0
[INFO] [stdout] 2026-04-20T08:35:22.621Z  INFO 18665 --- [r-event-handler] k.coordinator.group.GroupCoordinator     : [GroupCoordinator 0]: Elected as the group coordinator for partition 20 in epoch 0
[INFO] [stdout] 2026-04-20T08:35:22.621Z  INFO 18665 --- [r-event-handler] k.c.group.GroupMetadataManager           : [GroupMetadataManager brokerId=0] Scheduling loading of offsets and group metadata from __consumer_offsets-20 for epoch 0
[INFO] [stdout] 2026-04-20T08:35:22.621Z  INFO 18665 --- [r-event-handler] k.coordinator.group.GroupCoordinator     : [GroupCoordinator 0]: Elected as the group coordinator for partition 49 in epoch 0
[INFO] [stdout] 2026-04-20T08:35:22.621Z  INFO 18665 --- [r-event-handler] k.c.group.GroupMetadataManager           : [GroupMetadataManager brokerId=0] Scheduling loading of offsets and group metadata from __consumer_offsets-49 for epoch 0
[INFO] [stdout] 2026-04-20T08:35:22.622Z  INFO 18665 --- [r-event-handler] k.coordinator.group.GroupCoordinator     : [GroupCoordinator 0]: Elected as the group coordinator for partition 0 in epoch 0
[INFO] [stdout] 2026-04-20T08:35:22.622Z  INFO 18665 --- [r-event-handler] k.c.group.GroupMetadataManager           : [GroupMetadataManager brokerId=0] Scheduling loading of offsets and group metadata from __consumer_offsets-0 for epoch 0
[INFO] [stdout] 2026-04-20T08:35:22.622Z  INFO 18665 --- [r-event-handler] k.coordinator.group.GroupCoordinator     : [GroupCoordinator 0]: Elected as the group coordinator for partition 29 in epoch 0
[INFO] [stdout] 2026-04-20T08:35:22.622Z  INFO 18665 --- [r-event-handler] k.c.group.GroupMetadataManager           : [GroupMetadataManager brokerId=0] Scheduling loading of offsets and group metadata from __consumer_offsets-29 for epoch 0
[INFO] [stdout] 2026-04-20T08:35:22.622Z  INFO 18665 --- [r-event-handler] k.coordinator.group.GroupCoordinator     : [GroupCoordinator 0]: Elected as the group coordinator for partition 25 in epoch 0
[INFO] [stdout] 2026-04-20T08:35:22.622Z  INFO 18665 --- [r-event-handler] k.c.group.GroupMetadataManager           : [GroupMetadataManager brokerId=0] Scheduling loading of offsets and group metadata from __consumer_offsets-25 for epoch 0
[INFO] [stdout] 2026-04-20T08:35:22.622Z  INFO 18665 --- [r-event-handler] k.coordinator.group.GroupCoordinator     : [GroupCoordinator 0]: Elected as the group coordinator for partition 8 in epoch 0
[INFO] [stdout] 2026-04-20T08:35:22.622Z  INFO 18665 --- [r-event-handler] k.c.group.GroupMetadataManager           : [GroupMetadataManager brokerId=0] Scheduling loading of offsets and group metadata from __consumer_offsets-8 for epoch 0
[INFO] [stdout] 2026-04-20T08:35:22.622Z  INFO 18665 --- [r-event-handler] k.coordinator.group.GroupCoordinator     : [GroupCoordinator 0]: Elected as the group coordinator for partition 37 in epoch 0
[INFO] [stdout] 2026-04-20T08:35:22.622Z  INFO 18665 --- [r-event-handler] k.c.group.GroupMetadataManager           : [GroupMetadataManager brokerId=0] Scheduling loading of offsets and group metadata from __consumer_offsets-37 for epoch 0
[INFO] [stdout] 2026-04-20T08:35:22.622Z  INFO 18665 --- [r-event-handler] k.coordinator.group.GroupCoordinator     : [GroupCoordinator 0]: Elected as the group coordinator for partition 4 in epoch 0
[INFO] [stdout] 2026-04-20T08:35:22.622Z  INFO 18665 --- [r-event-handler] k.c.group.GroupMetadataManager           : [GroupMetadataManager brokerId=0] Scheduling loading of offsets and group metadata from __consumer_offsets-4 for epoch 0
[INFO] [stdout] 2026-04-20T08:35:22.622Z  INFO 18665 --- [r-event-handler] k.coordinator.group.GroupCoordinator     : [GroupCoordinator 0]: Elected as the group coordinator for partition 33 in epoch 0
[INFO] [stdout] 2026-04-20T08:35:22.622Z  INFO 18665 --- [r-event-handler] k.c.group.GroupMetadataManager           : [GroupMetadataManager brokerId=0] Scheduling loading of offsets and group metadata from __consumer_offsets-33 for epoch 0
[INFO] [stdout] 2026-04-20T08:35:22.622Z  INFO 18665 --- [r-event-handler] k.coordinator.group.GroupCoordinator     : [GroupCoordinator 0]: Elected as the group coordinator for partition 15 in epoch 0
[INFO] [stdout] 2026-04-20T08:35:22.622Z  INFO 18665 --- [r-event-handler] k.c.group.GroupMetadataManager           : [GroupMetadataManager brokerId=0] Scheduling loading of offsets and group metadata from __consumer_offsets-15 for epoch 0
[INFO] [stdout] 2026-04-20T08:35:22.622Z  INFO 18665 --- [r-event-handler] k.coordinator.group.GroupCoordinator     : [GroupCoordinator 0]: Elected as the group coordinator for partition 48 in epoch 0
[INFO] [stdout] 2026-04-20T08:35:22.622Z  INFO 18665 --- [r-event-handler] k.c.group.GroupMetadataManager           : [GroupMetadataManager brokerId=0] Scheduling loading of offsets and group metadata from __consumer_offsets-48 for epoch 0
[INFO] [stdout] 2026-04-20T08:35:22.622Z  INFO 18665 --- [r-event-handler] k.coordinator.group.GroupCoordinator     : [GroupCoordinator 0]: Elected as the group coordinator for partition 11 in epoch 0
[INFO] [stdout] 2026-04-20T08:35:22.622Z  INFO 18665 --- [r-event-handler] k.c.group.GroupMetadataManager           : [GroupMetadataManager brokerId=0] Scheduling loading of offsets and group metadata from __consumer_offsets-11 for epoch 0
[INFO] [stdout] 2026-04-20T08:35:22.622Z  INFO 18665 --- [r-event-handler] k.coordinator.group.GroupCoordinator     : [GroupCoordinator 0]: Elected as the group coordinator for partition 44 in epoch 0
[INFO] [stdout] 2026-04-20T08:35:22.622Z  INFO 18665 --- [r-event-handler] k.c.group.GroupMetadataManager           : [GroupMetadataManager brokerId=0] Scheduling loading of offsets and group metadata from __consumer_offsets-44 for epoch 0
[INFO] [stdout] 2026-04-20T08:35:22.622Z  INFO 18665 --- [r-event-handler] k.coordinator.group.GroupCoordinator     : [GroupCoordinator 0]: Elected as the group coordinator for partition 23 in epoch 0
[INFO] [stdout] 2026-04-20T08:35:22.622Z  INFO 18665 --- [r-event-handler] k.c.group.GroupMetadataManager           : [GroupMetadataManager brokerId=0] Scheduling loading of offsets and group metadata from __consumer_offsets-23 for epoch 0
[INFO] [stdout] 2026-04-20T08:35:22.622Z  INFO 18665 --- [r-event-handler] k.coordinator.group.GroupCoordinator     : [GroupCoordinator 0]: Elected as the group coordinator for partition 19 in epoch 0
[INFO] [stdout] 2026-04-20T08:35:22.622Z  INFO 18665 --- [r-event-handler] k.c.group.GroupMetadataManager           : [GroupMetadataManager brokerId=0] Scheduling loading of offsets and group metadata from __consumer_offsets-19 for epoch 0
[INFO] [stdout] 2026-04-20T08:35:22.622Z  INFO 18665 --- [r-event-handler] k.coordinator.group.GroupCoordinator     : [GroupCoordinator 0]: Elected as the group coordinator for partition 32 in epoch 0
[INFO] [stdout] 2026-04-20T08:35:22.622Z  INFO 18665 --- [r-event-handler] k.c.group.GroupMetadataManager           : [GroupMetadataManager brokerId=0] Scheduling loading of offsets and group metadata from __consumer_offsets-32 for epoch 0
[INFO] [stdout] 2026-04-20T08:35:22.622Z  INFO 18665 --- [r-event-handler] k.coordinator.group.GroupCoordinator     : [GroupCoordinator 0]: Elected as the group coordinator for partition 28 in epoch 0
[INFO] [stdout] 2026-04-20T08:35:22.622Z  INFO 18665 --- [r-event-handler] k.c.group.GroupMetadataManager           : [GroupMetadataManager brokerId=0] Scheduling loading of offsets and group metadata from __consumer_offsets-28 for epoch 0
[INFO] [stdout] 2026-04-20T08:35:22.622Z  INFO 18665 --- [r-event-handler] k.coordinator.group.GroupCoordinator     : [GroupCoordinator 0]: Elected as the group coordinator for partition 7 in epoch 0
[INFO] [stdout] 2026-04-20T08:35:22.622Z  INFO 18665 --- [r-event-handler] k.c.group.GroupMetadataManager           : [GroupMetadataManager brokerId=0] Scheduling loading of offsets and group metadata from __consumer_offsets-7 for epoch 0
[INFO] [stdout] 2026-04-20T08:35:22.622Z  INFO 18665 --- [r-event-handler] k.coordinator.group.GroupCoordinator     : [GroupCoordinator 0]: Elected as the group coordinator for partition 40 in epoch 0
[INFO] [stdout] 2026-04-20T08:35:22.622Z  INFO 18665 --- [r-event-handler] k.c.group.GroupMetadataManager           : [GroupMetadataManager brokerId=0] Scheduling loading of offsets and group metadata from __consumer_offsets-40 for epoch 0
[INFO] [stdout] 2026-04-20T08:35:22.622Z  INFO 18665 --- [r-event-handler] k.coordinator.group.GroupCoordinator     : [GroupCoordinator 0]: Elected as the group coordinator for partition 3 in epoch 0
[INFO] [stdout] 2026-04-20T08:35:22.622Z  INFO 18665 --- [r-event-handler] k.c.group.GroupMetadataManager           : [GroupMetadataManager brokerId=0] Scheduling loading of offsets and group metadata from __consumer_offsets-3 for epoch 0
[INFO] [stdout] 2026-04-20T08:35:22.622Z  INFO 18665 --- [r-event-handler] k.coordinator.group.GroupCoordinator     : [GroupCoordinator 0]: Elected as the group coordinator for partition 36 in epoch 0
[INFO] [stdout] 2026-04-20T08:35:22.628Z  INFO 18665 --- [r-event-handler] k.c.group.GroupMetadataManager           : [GroupMetadataManager brokerId=0] Scheduling loading of offsets and group metadata from __consumer_offsets-36 for epoch 0
[INFO] [stdout] 2026-04-20T08:35:22.629Z  INFO 18665 --- [r-event-handler] k.coordinator.group.GroupCoordinator     : [GroupCoordinator 0]: Elected as the group coordinator for partition 47 in epoch 0
[INFO] [stdout] 2026-04-20T08:35:22.629Z  INFO 18665 --- [r-event-handler] k.c.group.GroupMetadataManager           : [GroupMetadataManager brokerId=0] Scheduling loading of offsets and group metadata from __consumer_offsets-47 for epoch 0
[INFO] [stdout] 2026-04-20T08:35:22.629Z  INFO 18665 --- [r-event-handler] k.coordinator.group.GroupCoordinator     : [GroupCoordinator 0]: Elected as the group coordinator for partition 14 in epoch 0
[INFO] [stdout] 2026-04-20T08:35:22.629Z  INFO 18665 --- [r-event-handler] k.c.group.GroupMetadataManager           : [GroupMetadataManager brokerId=0] Scheduling loading of offsets and group metadata from __consumer_offsets-14 for epoch 0
[INFO] [stdout] 2026-04-20T08:35:22.629Z  INFO 18665 --- [r-event-handler] k.coordinator.group.GroupCoordinator     : [GroupCoordinator 0]: Elected as the group coordinator for partition 43 in epoch 0
[INFO] [stdout] 2026-04-20T08:35:22.629Z  INFO 18665 --- [r-event-handler] k.c.group.GroupMetadataManager           : [GroupMetadataManager brokerId=0] Scheduling loading of offsets and group metadata from __consumer_offsets-43 for epoch 0
[INFO] [stdout] 2026-04-20T08:35:22.629Z  INFO 18665 --- [r-event-handler] k.coordinator.group.GroupCoordinator     : [GroupCoordinator 0]: Elected as the group coordinator for partition 10 in epoch 0
[INFO] [stdout] 2026-04-20T08:35:22.629Z  INFO 18665 --- [r-event-handler] k.c.group.GroupMetadataManager           : [GroupMetadataManager brokerId=0] Scheduling loading of offsets and group metadata from __consumer_offsets-10 for epoch 0
[INFO] [stdout] 2026-04-20T08:35:22.629Z  INFO 18665 --- [r-event-handler] k.coordinator.group.GroupCoordinator     : [GroupCoordinator 0]: Elected as the group coordinator for partition 22 in epoch 0
[INFO] [stdout] 2026-04-20T08:35:22.629Z  INFO 18665 --- [r-event-handler] k.c.group.GroupMetadataManager           : [GroupMetadataManager brokerId=0] Scheduling loading of offsets and group metadata from __consumer_offsets-22 for epoch 0
[INFO] [stdout] 2026-04-20T08:35:22.629Z  INFO 18665 --- [r-event-handler] k.coordinator.group.GroupCoordinator     : [GroupCoordinator 0]: Elected as the group coordinator for partition 18 in epoch 0
[INFO] [stdout] 2026-04-20T08:35:22.629Z  INFO 18665 --- [r-event-handler] k.c.group.GroupMetadataManager           : [GroupMetadataManager brokerId=0] Scheduling loading of offsets and group metadata from __consumer_offsets-18 for epoch 0
[INFO] [stdout] 2026-04-20T08:35:22.629Z  INFO 18665 --- [r-event-handler] k.coordinator.group.GroupCoordinator     : [GroupCoordinator 0]: Elected as the group coordinator for partition 31 in epoch 0
[INFO] [stdout] 2026-04-20T08:35:22.629Z  INFO 18665 --- [r-event-handler] k.c.group.GroupMetadataManager           : [GroupMetadataManager brokerId=0] Scheduling loading of offsets and group metadata from __consumer_offsets-31 for epoch 0
[INFO] [stdout] 2026-04-20T08:35:22.629Z  INFO 18665 --- [r-event-handler] k.coordinator.group.GroupCoordinator     : [GroupCoordinator 0]: Elected as the group coordinator for partition 27 in epoch 0
[INFO] [stdout] 2026-04-20T08:35:22.629Z  INFO 18665 --- [r-event-handler] k.c.group.GroupMetadataManager           : [GroupMetadataManager brokerId=0] Scheduling loading of offsets and group metadata from __consumer_offsets-27 for epoch 0
[INFO] [stdout] 2026-04-20T08:35:22.629Z  INFO 18665 --- [r-event-handler] k.coordinator.group.GroupCoordinator     : [GroupCoordinator 0]: Elected as the group coordinator for partition 39 in epoch 0
[INFO] [stdout] 2026-04-20T08:35:22.629Z  INFO 18665 --- [r-event-handler] k.c.group.GroupMetadataManager           : [GroupMetadataManager brokerId=0] Scheduling loading of offsets and group metadata from __consumer_offsets-39 for epoch 0
[INFO] [stdout] 2026-04-20T08:35:22.629Z  INFO 18665 --- [r-event-handler] k.coordinator.group.GroupCoordinator     : [GroupCoordinator 0]: Elected as the group coordinator for partition 6 in epoch 0
[INFO] [stdout] 2026-04-20T08:35:22.629Z  INFO 18665 --- [r-event-handler] k.c.group.GroupMetadataManager           : [GroupMetadataManager brokerId=0] Scheduling loading of offsets and group metadata from __consumer_offsets-6 for epoch 0
[INFO] [stdout] 2026-04-20T08:35:22.629Z  INFO 18665 --- [r-event-handler] k.coordinator.group.GroupCoordinator     : [GroupCoordinator 0]: Elected as the group coordinator for partition 35 in epoch 0
[INFO] [stdout] 2026-04-20T08:35:22.629Z  INFO 18665 --- [r-event-handler] k.c.group.GroupMetadataManager           : [GroupMetadataManager brokerId=0] Scheduling loading of offsets and group metadata from __consumer_offsets-35 for epoch 0
[INFO] [stdout] 2026-04-20T08:35:22.629Z  INFO 18665 --- [r-event-handler] k.coordinator.group.GroupCoordinator     : [GroupCoordinator 0]: Elected as the group coordinator for partition 2 in epoch 0
[INFO] [stdout] 2026-04-20T08:35:22.629Z  INFO 18665 --- [r-event-handler] k.c.group.GroupMetadataManager           : [GroupMetadataManager brokerId=0] Scheduling loading of offsets and group metadata from __consumer_offsets-2 for epoch 0
[INFO] [stdout] 2026-04-20T08:35:22.635Z  INFO 18665 --- [adata-manager-0] k.c.group.GroupMetadataManager           : [GroupMetadataManager brokerId=0] Finished loading offsets and group metadata from __consumer_offsets-13 in 15 milliseconds for epoch 0, of which 4 milliseconds was spent in the scheduler.
[INFO] [stdout] 2026-04-20T08:35:22.635Z  INFO 18665 --- [adata-manager-0] k.c.group.GroupMetadataManager           : [GroupMetadataManager brokerId=0] Finished loading offsets and group metadata from __consumer_offsets-46 in 19 milliseconds for epoch 0, of which 19 milliseconds was spent in the scheduler.
[INFO] [stdout] 2026-04-20T08:35:22.635Z  INFO 18665 --- [adata-manager-0] k.c.group.GroupMetadataManager           : [GroupMetadataManager brokerId=0] Finished loading offsets and group metadata from __consumer_offsets-9 in 19 milliseconds for epoch 0, of which 19 milliseconds was spent in the scheduler.
[INFO] [stdout] 2026-04-20T08:35:22.635Z  INFO 18665 --- [adata-manager-0] k.c.group.GroupMetadataManager           : [GroupMetadataManager brokerId=0] Finished loading offsets and group metadata from __consumer_offsets-42 in 19 milliseconds for epoch 0, of which 19 milliseconds was spent in the scheduler.
[INFO] [stdout] 2026-04-20T08:35:22.635Z  INFO 18665 --- [adata-manager-0] k.c.group.GroupMetadataManager           : [GroupMetadataManager brokerId=0] Finished loading offsets and group metadata from __consumer_offsets-21 in 18 milliseconds for epoch 0, of which 18 milliseconds was spent in the scheduler.
[INFO] [stdout] 2026-04-20T08:35:22.635Z  INFO 18665 --- [adata-manager-0] k.c.group.GroupMetadataManager           : [GroupMetadataManager brokerId=0] Finished loading offsets and group metadata from __consumer_offsets-17 in 15 milliseconds for epoch 0, of which 15 milliseconds was spent in the scheduler.
[INFO] [stdout] 2026-04-20T08:35:22.636Z  INFO 18665 --- [r-event-handler] k.s.metadata.DynamicConfigPublisher      : [DynamicConfigPublisher broker id=0] Updating topic __consumer_offsets with new configuration : compression.type -> producer,cleanup.policy -> compact,segment.bytes -> 104857600
[INFO] [stdout] 2026-04-20T08:35:22.652Z  INFO 18665 --- [adata-manager-0] k.c.group.GroupMetadataManager           : [GroupMetadataManager brokerId=0] Finished loading offsets and group metadata from __consumer_offsets-30 in 32 milliseconds for epoch 0, of which 16 milliseconds was spent in the scheduler.
[INFO] [stdout] 2026-04-20T08:35:22.652Z  INFO 18665 --- [adata-manager-0] k.c.group.GroupMetadataManager           : [GroupMetadataManager brokerId=0] Finished loading offsets and group metadata from __consumer_offsets-26 in 32 milliseconds for epoch 0, of which 32 milliseconds was spent in the scheduler.
[INFO] [stdout] 2026-04-20T08:35:22.652Z  INFO 18665 --- [adata-manager-0] k.c.group.GroupMetadataManager           : [GroupMetadataManager brokerId=0] Finished loading offsets and group metadata from __consumer_offsets-5 in 32 milliseconds for epoch 0, of which 32 milliseconds was spent in the scheduler.
[INFO] [stdout] 2026-04-20T08:35:22.652Z  INFO 18665 --- [adata-manager-0] k.c.group.GroupMetadataManager           : [GroupMetadataManager brokerId=0] Finished loading offsets and group metadata from __consumer_offsets-38 in 32 milliseconds for epoch 0, of which 32 milliseconds was spent in the scheduler.
[INFO] [stdout] 2026-04-20T08:35:22.653Z  INFO 18665 --- [adata-manager-0] k.c.group.GroupMetadataManager           : [GroupMetadataManager brokerId=0] Finished loading offsets and group metadata from __consumer_offsets-1 in 32 milliseconds for epoch 0, of which 32 milliseconds was spent in the scheduler.
[INFO] [stdout] 2026-04-20T08:35:22.653Z  INFO 18665 --- [adata-manager-0] k.c.group.GroupMetadataManager           : [GroupMetadataManager brokerId=0] Finished loading offsets and group metadata from __consumer_offsets-34 in 32 milliseconds for epoch 0, of which 32 milliseconds was spent in the scheduler.
[INFO] [stdout] 2026-04-20T08:35:22.653Z  INFO 18665 --- [adata-manager-0] k.c.group.GroupMetadataManager           : [GroupMetadataManager brokerId=0] Finished loading offsets and group metadata from __consumer_offsets-16 in 32 milliseconds for epoch 0, of which 32 milliseconds was spent in the scheduler.
[INFO] [stdout] 2026-04-20T08:35:22.653Z  INFO 18665 --- [adata-manager-0] k.c.group.GroupMetadataManager           : [GroupMetadataManager brokerId=0] Finished loading offsets and group metadata from __consumer_offsets-45 in 32 milliseconds for epoch 0, of which 32 milliseconds was spent in the scheduler.
[INFO] [stdout] 2026-04-20T08:35:22.653Z  INFO 18665 --- [adata-manager-0] k.c.group.GroupMetadataManager           : [GroupMetadataManager brokerId=0] Finished loading offsets and group metadata from __consumer_offsets-12 in 32 milliseconds for epoch 0, of which 32 milliseconds was spent in the scheduler.
[INFO] [stdout] 2026-04-20T08:35:22.653Z  INFO 18665 --- [adata-manager-0] k.c.group.GroupMetadataManager           : [GroupMetadataManager brokerId=0] Finished loading offsets and group metadata from __consumer_offsets-41 in 32 milliseconds for epoch 0, of which 32 milliseconds was spent in the scheduler.
[INFO] [stdout] 2026-04-20T08:35:22.653Z  INFO 18665 --- [adata-manager-0] k.c.group.GroupMetadataManager           : [GroupMetadataManager brokerId=0] Finished loading offsets and group metadata from __consumer_offsets-24 in 32 milliseconds for epoch 0, of which 32 milliseconds was spent in the scheduler.
[INFO] [stdout] 2026-04-20T08:35:22.653Z  INFO 18665 --- [adata-manager-0] k.c.group.GroupMetadataManager           : [GroupMetadataManager brokerId=0] Finished loading offsets and group metadata from __consumer_offsets-20 in 32 milliseconds for epoch 0, of which 32 milliseconds was spent in the scheduler.
[INFO] [stdout] 2026-04-20T08:35:22.654Z  INFO 18665 --- [adata-manager-0] k.c.group.GroupMetadataManager           : [GroupMetadataManager brokerId=0] Finished loading offsets and group metadata from __consumer_offsets-49 in 33 milliseconds for epoch 0, of which 32 milliseconds was spent in the scheduler.
[INFO] [stdout] 2026-04-20T08:35:22.658Z  INFO 18665 --- [adata-manager-0] k.c.group.GroupMetadataManager           : [GroupMetadataManager brokerId=0] Finished loading offsets and group metadata from __consumer_offsets-0 in 36 milliseconds for epoch 0, of which 36 milliseconds was spent in the scheduler.
[INFO] [stdout] 2026-04-20T08:35:22.658Z  INFO 18665 --- [adata-manager-0] k.c.group.GroupMetadataManager           : [GroupMetadataManager brokerId=0] Finished loading offsets and group metadata from __consumer_offsets-29 in 36 milliseconds for epoch 0, of which 36 milliseconds was spent in the scheduler.
[INFO] [stdout] 2026-04-20T08:35:22.658Z  INFO 18665 --- [adata-manager-0] k.c.group.GroupMetadataManager           : [GroupMetadataManager brokerId=0] Finished loading offsets and group metadata from __consumer_offsets-25 in 36 milliseconds for epoch 0, of which 36 milliseconds was spent in the scheduler.
[INFO] [stdout] 2026-04-20T08:35:22.659Z  INFO 18665 --- [adata-manager-0] k.c.group.GroupMetadataManager           : [GroupMetadataManager brokerId=0] Finished loading offsets and group metadata from __consumer_offsets-8 in 37 milliseconds for epoch 0, of which 36 milliseconds was spent in the scheduler.
[INFO] [stdout] 2026-04-20T08:35:22.659Z  INFO 18665 --- [adata-manager-0] k.c.group.GroupMetadataManager           : [GroupMetadataManager brokerId=0] Finished loading offsets and group metadata from __consumer_offsets-37 in 37 milliseconds for epoch 0, of which 37 milliseconds was spent in the scheduler.
[INFO] [stdout] 2026-04-20T08:35:22.659Z  INFO 18665 --- [adata-manager-0] k.c.group.GroupMetadataManager           : [GroupMetadataManager brokerId=0] Finished loading offsets and group metadata from __consumer_offsets-4 in 37 milliseconds for epoch 0, of which 37 milliseconds was spent in the scheduler.
[INFO] [stdout] 2026-04-20T08:35:22.659Z  INFO 18665 --- [adata-manager-0] k.c.group.GroupMetadataManager           : [GroupMetadataManager brokerId=0] Finished loading offsets and group metadata from __consumer_offsets-33 in 37 milliseconds for epoch 0, of which 37 milliseconds was spent in the scheduler.
[INFO] [stdout] 2026-04-20T08:35:22.659Z  INFO 18665 --- [adata-manager-0] k.c.group.GroupMetadataManager           : [GroupMetadataManager brokerId=0] Finished loading offsets and group metadata from __consumer_offsets-15 in 37 milliseconds for epoch 0, of which 37 milliseconds was spent in the scheduler.
[INFO] [stdout] 2026-04-20T08:35:22.659Z  INFO 18665 --- [adata-manager-0] k.c.group.GroupMetadataManager           : [GroupMetadataManager brokerId=0] Finished loading offsets and group metadata from __consumer_offsets-48 in 37 milliseconds for epoch 0, of which 37 milliseconds was spent in the scheduler.
[INFO] [stdout] 2026-04-20T08:35:22.659Z  INFO 18665 --- [adata-manager-0] k.c.group.GroupMetadataManager           : [GroupMetadataManager brokerId=0] Finished loading offsets and group metadata from __consumer_offsets-11 in 37 milliseconds for epoch 0, of which 37 milliseconds was spent in the scheduler.
[INFO] [stdout] 2026-04-20T08:35:22.659Z  INFO 18665 --- [adata-manager-0] k.c.group.GroupMetadataManager           : [GroupMetadataManager brokerId=0] Finished loading offsets and group metadata from __consumer_offsets-44 in 37 milliseconds for epoch 0, of which 37 milliseconds was spent in the scheduler.
[INFO] [stdout] 2026-04-20T08:35:22.659Z  INFO 18665 --- [adata-manager-0] k.c.group.GroupMetadataManager           : [GroupMetadataManager brokerId=0] Finished loading offsets and group metadata from __consumer_offsets-23 in 37 milliseconds for epoch 0, of which 37 milliseconds was spent in the scheduler.
[INFO] [stdout] 2026-04-20T08:35:22.659Z  INFO 18665 --- [adata-manager-0] k.c.group.GroupMetadataManager           : [GroupMetadataManager brokerId=0] Finished loading offsets and group metadata from __consumer_offsets-19 in 37 milliseconds for epoch 0, of which 37 milliseconds was spent in the scheduler.
[INFO] [stdout] 2026-04-20T08:35:22.659Z  INFO 18665 --- [adata-manager-0] k.c.group.GroupMetadataManager           : [GroupMetadataManager brokerId=0] Finished loading offsets and group metadata from __consumer_offsets-32 in 37 milliseconds for epoch 0, of which 37 milliseconds was spent in the scheduler.
[INFO] [stdout] 2026-04-20T08:35:22.660Z  INFO 18665 --- [adata-manager-0] k.c.group.GroupMetadataManager           : [GroupMetadataManager brokerId=0] Finished loading offsets and group metadata from __consumer_offsets-28 in 38 milliseconds for epoch 0, of which 38 milliseconds was spent in the scheduler.
[INFO] [stdout] 2026-04-20T08:35:22.662Z  INFO 18665 --- [adata-manager-0] k.c.group.GroupMetadataManager           : [GroupMetadataManager brokerId=0] Finished loading offsets and group metadata from __consumer_offsets-7 in 40 milliseconds for epoch 0, of which 40 milliseconds was spent in the scheduler.
[INFO] [stdout] 2026-04-20T08:35:22.662Z  INFO 18665 --- [adata-manager-0] k.c.group.GroupMetadataManager           : [GroupMetadataManager brokerId=0] Finished loading offsets and group metadata from __consumer_offsets-40 in 40 milliseconds for epoch 0, of which 40 milliseconds was spent in the scheduler.
[INFO] [stdout] 2026-04-20T08:35:22.662Z  INFO 18665 --- [adata-manager-0] k.c.group.GroupMetadataManager           : [GroupMetadataManager brokerId=0] Finished loading offsets and group metadata from __consumer_offsets-3 in 40 milliseconds for epoch 0, of which 40 milliseconds was spent in the scheduler.
[INFO] [stdout] 2026-04-20T08:35:22.662Z  INFO 18665 --- [adata-manager-0] k.c.group.GroupMetadataManager           : [GroupMetadataManager brokerId=0] Finished loading offsets and group metadata from __consumer_offsets-36 in 33 milliseconds for epoch 0, of which 33 milliseconds was spent in the scheduler.
[INFO] [stdout] 2026-04-20T08:35:22.662Z  INFO 18665 --- [adata-manager-0] k.c.group.GroupMetadataManager           : [GroupMetadataManager brokerId=0] Finished loading offsets and group metadata from __consumer_offsets-47 in 33 milliseconds for epoch 0, of which 33 milliseconds was spent in the scheduler.
[INFO] [stdout] 2026-04-20T08:35:22.662Z  INFO 18665 --- [adata-manager-0] k.c.group.GroupMetadataManager           : [GroupMetadataManager brokerId=0] Finished loading offsets and group metadata from __consumer_offsets-14 in 33 milliseconds for epoch 0, of which 33 milliseconds was spent in the scheduler.
[INFO] [stdout] 2026-04-20T08:35:22.663Z  INFO 18665 --- [adata-manager-0] k.c.group.GroupMetadataManager           : [GroupMetadataManager brokerId=0] Finished loading offsets and group metadata from __consumer_offsets-43 in 34 milliseconds for epoch 0, of which 33 milliseconds was spent in the scheduler.
[INFO] [stdout] 2026-04-20T08:35:22.663Z  INFO 18665 --- [adata-manager-0] k.c.group.GroupMetadataManager           : [GroupMetadataManager brokerId=0] Finished loading offsets and group metadata from __consumer_offsets-10 in 34 milliseconds for epoch 0, of which 34 milliseconds was spent in the scheduler.
[INFO] [stdout] 2026-04-20T08:35:22.663Z  INFO 18665 --- [adata-manager-0] k.c.group.GroupMetadataManager           : [GroupMetadataManager brokerId=0] Finished loading offsets and group metadata from __consumer_offsets-22 in 34 milliseconds for epoch 0, of which 34 milliseconds was spent in the scheduler.
[INFO] [stdout] 2026-04-20T08:35:22.663Z  INFO 18665 --- [adata-manager-0] k.c.group.GroupMetadataManager           : [GroupMetadataManager brokerId=0] Finished loading offsets and group metadata from __consumer_offsets-18 in 34 milliseconds for epoch 0, of which 34 milliseconds was spent in the scheduler.
[INFO] [stdout] 2026-04-20T08:35:22.663Z  INFO 18665 --- [adata-manager-0] k.c.group.GroupMetadataManager           : [GroupMetadataManager brokerId=0] Finished loading offsets and group metadata from __consumer_offsets-31 in 34 milliseconds for epoch 0, of which 34 milliseconds was spent in the scheduler.
[INFO] [stdout] 2026-04-20T08:35:22.663Z  INFO 18665 --- [adata-manager-0] k.c.group.GroupMetadataManager           : [GroupMetadataManager brokerId=0] Finished loading offsets and group metadata from __consumer_offsets-27 in 34 milliseconds for epoch 0, of which 34 milliseconds was spent in the scheduler.
[INFO] [stdout] 2026-04-20T08:35:22.663Z  INFO 18665 --- [adata-manager-0] k.c.group.GroupMetadataManager           : [GroupMetadataManager brokerId=0] Finished loading offsets and group metadata from __consumer_offsets-39 in 34 milliseconds for epoch 0, of which 34 milliseconds was spent in the scheduler.
[INFO] [stdout] 2026-04-20T08:35:22.663Z  INFO 18665 --- [adata-manager-0] k.c.group.GroupMetadataManager           : [GroupMetadataManager brokerId=0] Finished loading offsets and group metadata from __consumer_offsets-6 in 34 milliseconds for epoch 0, of which 34 milliseconds was spent in the scheduler.
[INFO] [stdout] 2026-04-20T08:35:22.663Z  INFO 18665 --- [adata-manager-0] k.c.group.GroupMetadataManager           : [GroupMetadataManager brokerId=0] Finished loading offsets and group metadata from __consumer_offsets-35 in 34 milliseconds for epoch 0, of which 34 milliseconds was spent in the scheduler.
[INFO] [stdout] 2026-04-20T08:35:22.666Z  INFO 18665 --- [adata-manager-0] k.c.group.GroupMetadataManager           : [GroupMetadataManager brokerId=0] Finished loading offsets and group metadata from __consumer_offsets-2 in 37 milliseconds for epoch 0, of which 35 milliseconds was spent in the scheduler.
[INFO] [stdout] 2026-04-20T08:35:22.710Z  INFO 18665 --- [ntainer#0-0-C-1] o.a.k.c.c.internals.ConsumerCoordinator  : [Consumer clientId=consumer-midas-core-1, groupId=midas-core] Discovered group coordinator localhost:37193 (id: 2147483647 rack: null)
[INFO] [stdout] 2026-04-20T08:35:22.711Z  INFO 18665 --- [ntainer#0-0-C-1] o.a.k.c.c.internals.ConsumerCoordinator  : [Consumer clientId=consumer-midas-core-1, groupId=midas-core] Request joining group due to: rebalance failed due to 'This is not the correct coordinator.' (NotCoordinatorException)
[INFO] [stdout] 2026-04-20T08:35:22.715Z  INFO 18665 --- [ntainer#0-0-C-1] o.a.k.c.c.internals.ConsumerCoordinator  : [Consumer clientId=consumer-midas-core-1, groupId=midas-core] (Re-)joining group
[INFO] [stdout] 2026-04-20T08:35:22.774Z  INFO 18665 --- [quest-handler-4] k.coordinator.group.GroupCoordinator     : [GroupCoordinator 0]: Dynamic member with unknown member id joins group midas-core in Empty state. Created a new member id consumer-midas-core-1-d552b4e2-17bd-4ebd-994d-9287ffeb44e0 and request the member to rejoin with this id.
[INFO] [stdout] 2026-04-20T08:35:22.801Z  INFO 18665 --- [ntainer#0-0-C-1] o.a.k.c.c.internals.ConsumerCoordinator  : [Consumer clientId=consumer-midas-core-1, groupId=midas-core] Request joining group due to: need to re-join with the given member-id: consumer-midas-core-1-d552b4e2-17bd-4ebd-994d-9287ffeb44e0
[INFO] [stdout] 2026-04-20T08:35:22.801Z  INFO 18665 --- [ntainer#0-0-C-1] o.a.k.c.c.internals.ConsumerCoordinator  : [Consumer clientId=consumer-midas-core-1, groupId=midas-core] Request joining group due to: rebalance failed due to 'The group member needs to have a valid member id before actually entering a consumer group.' (MemberIdRequiredException)
[INFO] [stdout] 2026-04-20T08:35:22.801Z  INFO 18665 --- [ntainer#0-0-C-1] o.a.k.c.c.internals.ConsumerCoordinator  : [Consumer clientId=consumer-midas-core-1, groupId=midas-core] (Re-)joining group
[INFO] [stdout] 2026-04-20T08:35:22.818Z  INFO 18665 --- [quest-handler-1] k.coordinator.group.GroupCoordinator     : [GroupCoordinator 0]: Preparing to rebalance group midas-core in state PreparingRebalance with old generation 0 (__consumer_offsets-20) (reason: Adding new member consumer-midas-core-1-d552b4e2-17bd-4ebd-994d-9287ffeb44e0 with group instance id None; client reason: rebalance failed due to MemberIdRequiredException)
[INFO] [stdout] 2026-04-20T08:35:22.839Z  INFO 18665 --- [cutor-Rebalance] k.coordinator.group.GroupCoordinator     : [GroupCoordinator 0]: Stabilized group midas-core generation 1 (__consumer_offsets-20) with 1 members
[INFO] [stdout] 2026-04-20T08:35:22.844Z  INFO 18665 --- [ntainer#0-0-C-1] o.a.k.c.c.internals.ConsumerCoordinator  : [Consumer clientId=consumer-midas-core-1, groupId=midas-core] Successfully joined group with generation Generation{generationId=1, memberId='consumer-midas-core-1-d552b4e2-17bd-4ebd-994d-9287ffeb44e0', protocol='range'}
[INFO] [stdout] 2026-04-20T08:35:22.852Z  INFO 18665 --- [ntainer#0-0-C-1] o.a.k.c.c.internals.ConsumerCoordinator  : [Consumer clientId=consumer-midas-core-1, groupId=midas-core] Finished assignment for group at generation 1: {consumer-midas-core-1-d552b4e2-17bd-4ebd-994d-9287ffeb44e0=Assignment(partitions=[trader-updates-0])}
[INFO] [stdout] 2026-04-20T08:35:22.860Z  INFO 18665 --- [quest-handler-3] k.coordinator.group.GroupCoordinator     : [GroupCoordinator 0]: Assignment received from leader consumer-midas-core-1-d552b4e2-17bd-4ebd-994d-9287ffeb44e0 for group midas-core for generation 1. The group has 1 members, 0 of which are static.
[INFO] [stdout] 2026-04-20T08:35:22.922Z  INFO 18665 --- [ntainer#0-0-C-1] o.a.k.c.c.internals.ConsumerCoordinator  : [Consumer clientId=consumer-midas-core-1, groupId=midas-core] Successfully synced group in generation Generation{generationId=1, memberId='consumer-midas-core-1-d552b4e2-17bd-4ebd-994d-9287ffeb44e0', protocol='range'}
[INFO] [stdout] 2026-04-20T08:35:22.922Z  INFO 18665 --- [ntainer#0-0-C-1] o.a.k.c.c.internals.ConsumerCoordinator  : [Consumer clientId=consumer-midas-core-1, groupId=midas-core] Notifying assignor about the new Assignment(partitions=[trader-updates-0])
[INFO] [stdout] 2026-04-20T08:35:22.926Z  INFO 18665 --- [ntainer#0-0-C-1] o.a.k.c.c.internals.ConsumerCoordinator  : [Consumer clientId=consumer-midas-core-1, groupId=midas-core] Adding newly assigned partitions: trader-updates-0
[INFO] [stdout] 2026-04-20T08:35:22.946Z  INFO 18665 --- [ntainer#0-0-C-1] o.a.k.c.c.internals.ConsumerCoordinator  : [Consumer clientId=consumer-midas-core-1, groupId=midas-core] Found no committed offset for partition trader-updates-0
[INFO] [stdout] 2026-04-20T08:35:22.954Z  INFO 18665 --- [ntainer#0-0-C-1] o.a.k.c.c.internals.ConsumerCoordinator  : [Consumer clientId=consumer-midas-core-1, groupId=midas-core] Found no committed offset for partition trader-updates-0
[INFO] [stdout] 2026-04-20T08:35:22.984Z  INFO 18665 --- [ntainer#0-0-C-1] o.a.k.c.c.internals.SubscriptionState    : [Consumer clientId=consumer-midas-core-1, groupId=midas-core] Resetting offset for partition trader-updates-0 to position FetchPosition{offset=0, offsetEpoch=Optional.empty, currentLeader=LeaderAndEpoch{leader=Optional[localhost:37193 (id: 0 rack: null)], epoch=0}}.
[INFO] [stdout] 2026-04-20T08:35:23.057Z  INFO 18665 --- [ntainer#0-0-C-1] o.s.k.l.KafkaMessageListenerContainer    : midas-core: partitions assigned: [trader-updates-0]
[INFO] [stdout] 2026-04-20T08:35:23.116Z  INFO 18665 --- [           main] o.a.k.clients.producer.ProducerConfig    : ProducerConfig values: 
[INFO] [stdout] 	acks = -1
[INFO] [stdout] 	auto.include.jmx.reporter = true
[INFO] [stdout] 	batch.size = 16384
[INFO] [stdout] 	bootstrap.servers = [localhost:37193]
[INFO] [stdout] 	buffer.memory = 33554432
[INFO] [stdout] 	client.dns.lookup = use_all_dns_ips
[INFO] [stdout] 	client.id = producer-1
[INFO] [stdout] 	compression.type = none
[INFO] [stdout] 	connections.max.idle.ms = 540000
[INFO] [stdout] 	delivery.timeout.ms = 120000
[INFO] [stdout] 	enable.idempotence = true
[INFO] [stdout] 	interceptor.classes = []
[INFO] [stdout] 	key.serializer = class org.apache.kafka.common.serialization.StringSerializer
[INFO] [stdout] 	linger.ms = 0
[INFO] [stdout] 	max.block.ms = 60000
[INFO] [stdout] 	max.in.flight.requests.per.connection = 5
[INFO] [stdout] 	max.request.size = 1048576
[INFO] [stdout] 	metadata.max.age.ms = 300000
[INFO] [stdout] 	metadata.max.idle.ms = 300000
[INFO] [stdout] 	metric.reporters = []
[INFO] [stdout] 	metrics.num.samples = 2
[INFO] [stdout] 	metrics.recording.level = INFO
[INFO] [stdout] 	metrics.sample.window.ms = 30000
[INFO] [stdout] 	partitioner.adaptive.partitioning.enable = true
[INFO] [stdout] 	partitioner.availability.timeout.ms = 0
[INFO] [stdout] 	partitioner.class = null
[INFO] [stdout] 	partitioner.ignore.keys = false
[INFO] [stdout] 	receive.buffer.bytes = 32768
[INFO] [stdout] 	reconnect.backoff.max.ms = 1000
[INFO] [stdout] 	reconnect.backoff.ms = 50
[INFO] [stdout] 	request.timeout.ms = 30000
[INFO] [stdout] 	retries = 2147483647
[INFO] [stdout] 	retry.backoff.ms = 100
[INFO] [stdout] 	sasl.client.callback.handler.class = null
[INFO] [stdout] 	sasl.jaas.config = null
[INFO] [stdout] 	sasl.kerberos.kinit.cmd = /usr/bin/kinit
[INFO] [stdout] 	sasl.kerberos.min.time.before.relogin = 60000
[INFO] [stdout] 	sasl.kerberos.service.name = null
[INFO] [stdout] 	sasl.kerberos.ticket.renew.jitter = 0.05
[INFO] [stdout] 	sasl.kerberos.ticket.renew.window.factor = 0.8
[INFO] [stdout] 	sasl.login.callback.handler.class = null
[INFO] [stdout] 	sasl.login.class = null
[INFO] [stdout] 	sasl.login.connect.timeout.ms = null
[INFO] [stdout] 	sasl.login.read.timeout.ms = null
[INFO] [stdout] 	sasl.login.refresh.buffer.seconds = 300
[INFO] [stdout] 	sasl.login.refresh.min.period.seconds = 60
[INFO] [stdout] 	sasl.login.refresh.window.factor = 0.8
[INFO] [stdout] 	sasl.login.refresh.window.jitter = 0.05
[INFO] [stdout] 	sasl.login.retry.backoff.max.ms = 10000
[INFO] [stdout] 	sasl.login.retry.backoff.ms = 100
[INFO] [stdout] 	sasl.mechanism = GSSAPI
[INFO] [stdout] 	sasl.oauthbearer.clock.skew.seconds = 30
[INFO] [stdout] 	sasl.oauthbearer.expected.audience = null
[INFO] [stdout] 	sasl.oauthbearer.expected.issuer = null
[INFO] [stdout] 	sasl.oauthbearer.jwks.endpoint.refresh.ms = 3600000
[INFO] [stdout] 	sasl.oauthbearer.jwks.endpoint.retry.backoff.max.ms = 10000
[INFO] [stdout] 	sasl.oauthbearer.jwks.endpoint.retry.backoff.ms = 100
[INFO] [stdout] 	sasl.oauthbearer.jwks.endpoint.url = null
[INFO] [stdout] 	sasl.oauthbearer.scope.claim.name = scope
[INFO] [stdout] 	sasl.oauthbearer.sub.claim.name = sub
[INFO] [stdout] 	sasl.oauthbearer.token.endpoint.url = null
[INFO] [stdout] 	security.protocol = PLAINTEXT
[INFO] [stdout] 	security.providers = null
[INFO] [stdout] 	send.buffer.bytes = 131072
[INFO] [stdout] 	socket.connection.setup.timeout.max.ms = 30000
[INFO] [stdout] 	socket.connection.setup.timeout.ms = 10000
[INFO] [stdout] 	ssl.cipher.suites = null
[INFO] [stdout] 	ssl.enabled.protocols = [TLSv1.2, TLSv1.3]
[INFO] [stdout] 	ssl.endpoint.identification.algorithm = https
[INFO] [stdout] 	ssl.engine.factory.class = null
[INFO] [stdout] 	ssl.key.password = null
[INFO] [stdout] 	ssl.keymanager.algorithm = SunX509
[INFO] [stdout] 	ssl.keystore.certificate.chain = null
[INFO] [stdout] 	ssl.keystore.key = null
[INFO] [stdout] 	ssl.keystore.location = null
[INFO] [stdout] 	ssl.keystore.password = null
[INFO] [stdout] 	ssl.keystore.type = JKS
[INFO] [stdout] 	ssl.protocol = TLSv1.3
[INFO] [stdout] 	ssl.provider = null
[INFO] [stdout] 	ssl.secure.random.implementation = null
[INFO] [stdout] 	ssl.trustmanager.algorithm = PKIX
[INFO] [stdout] 	ssl.truststore.certificates = null
[INFO] [stdout] 	ssl.truststore.location = null
[INFO] [stdout] 	ssl.truststore.password = null
[INFO] [stdout] 	ssl.truststore.type = JKS
[INFO] [stdout] 	transaction.timeout.ms = 60000
[INFO] [stdout] 	transactional.id = null
[INFO] [stdout] 	value.serializer = class org.springframework.kafka.support.serializer.JsonSerializer
[INFO] [stdout] 
[INFO] [stdout] 2026-04-20T08:35:23.124Z  INFO 18665 --- [           main] o.a.k.clients.producer.KafkaProducer     : [Producer clientId=producer-1] Instantiated an idempotent producer.
[INFO] [stdout] 2026-04-20T08:35:23.137Z  INFO 18665 --- [           main] o.a.kafka.common.utils.AppInfoParser     : Kafka version: 3.6.2
[INFO] [stdout] 2026-04-20T08:35:23.137Z  INFO 18665 --- [           main] o.a.kafka.common.utils.AppInfoParser     : Kafka commitId: c4deed513057c94e
[INFO] [stdout] 2026-04-20T08:35:23.137Z  INFO 18665 --- [           main] o.a.kafka.common.utils.AppInfoParser     : Kafka startTimeMs: 1776674123137
[INFO] [stdout] 2026-04-20T08:35:23.150Z  INFO 18665 --- [ad | producer-1] org.apache.kafka.clients.Metadata        : [Producer clientId=producer-1] Cluster ID: opu8g3owRKyOfnHiV3PaCw
[INFO] [stdout] 2026-04-20T08:35:23.153Z  INFO 18665 --- [0-event-handler] o.a.k.c.ProducerIdControlManager         : [QuorumController id=0] Replaying ProducerIdsRecord ProducerIdsRecord(brokerId=0, brokerEpoch=5, nextProducerId=1000)
[INFO] [stdout] 2026-04-20T08:35:23.261Z  INFO 18665 --- [ad | producer-1] o.a.k.c.p.internals.TransactionManager   : [Producer clientId=producer-1] ProducerId set to 0 with epoch 0
[INFO] [stdout] 2026-04-20T08:35:25.202Z  INFO 18665 --- [           main] com.jpmc.midascore.TaskFiveTests         : ----------------------------------------------------------
[INFO] [stdout] 2026-04-20T08:35:25.202Z  INFO 18665 --- [           main] com.jpmc.midascore.TaskFiveTests         : ----------------------------------------------------------
[INFO] [stdout] 2026-04-20T08:35:25.202Z  INFO 18665 --- [           main] com.jpmc.midascore.TaskFiveTests         : ----------------------------------------------------------
[INFO] [stdout] 2026-04-20T08:35:25.203Z  INFO 18665 --- [           main] com.jpmc.midascore.TaskFiveTests         : submit the following output to complete the task (include begin and end output denotations)
[INFO] [stdout] 2026-04-20T08:35:25.290Z  INFO 18665 --- [io-33400-exec-1] o.a.c.c.C.[Tomcat].[localhost].[/]       : Initializing Spring DispatcherServlet 'dispatcherServlet'
[INFO] [stdout] 2026-04-20T08:35:25.291Z  INFO 18665 --- [io-33400-exec-1] o.s.web.servlet.DispatcherServlet        : Initializing Servlet 'dispatcherServlet'
[INFO] [stdout] 2026-04-20T08:35:25.292Z  INFO 18665 --- [io-33400-exec-1] o.s.web.servlet.DispatcherServlet        : Completed initialization in 1 ms
[INFO] [stdout] 2026-04-20T08:35:25.626Z  INFO 18665 --- [           main] com.jpmc.midascore.TaskFiveTests         : 
[INFO] [stdout] ---begin output ---
[INFO] [stdout] Balance {amount=0.0}
[INFO] [stdout] Balance {amount=1326.98}
[INFO] [stdout] Balance {amount=2567.52}
[INFO] [stdout] Balance {amount=2740.33}
[INFO] [stdout] Balance {amount=140.96999}
[INFO] [stdout] Balance {amount=10.419973}
[INFO] [stdout] Balance {amount=845.49005}
[INFO] [stdout] Balance {amount=657.49}
[INFO] [stdout] Balance {amount=99.189995}
[INFO] [stdout] Balance {amount=3434.0002}
[INFO] [stdout] Balance {amount=2157.1902}
[INFO] [stdout] Balance {amount=779421.3}
[INFO] [stdout] Balance {amount=0.0}
[INFO] [stdout] ---end output ---
[INFO] [stdout] 2026-04-20T08:35:25.680Z  INFO 18665 --- [ntainer#0-0-C-1] o.a.k.c.c.internals.ConsumerCoordinator  : [Consumer clientId=consumer-midas-core-1, groupId=midas-core] Revoke previously assigned partitions trader-updates-0
[INFO] [stdout] 2026-04-20T08:35:25.684Z  INFO 18665 --- [ntainer#0-0-C-1] o.s.k.l.KafkaMessageListenerContainer    : midas-core: partitions revoked: [trader-updates-0]
[INFO] [stdout] 2026-04-20T08:35:25.684Z  INFO 18665 --- [ntainer#0-0-C-1] o.a.k.c.c.internals.ConsumerCoordinator  : [Consumer clientId=consumer-midas-core-1, groupId=midas-core] Member consumer-midas-core-1-d552b4e2-17bd-4ebd-994d-9287ffeb44e0 sending LeaveGroup request to coordinator localhost:37193 (id: 2147483647 rack: null) due to the consumer unsubscribed from all topics
[INFO] [stdout] 2026-04-20T08:35:25.686Z  INFO 18665 --- [ntainer#0-0-C-1] o.a.k.c.c.internals.ConsumerCoordinator  : [Consumer clientId=consumer-midas-core-1, groupId=midas-core] Resetting generation and member id due to: consumer pro-actively leaving the group
[INFO] [stdout] 2026-04-20T08:35:25.688Z  INFO 18665 --- [ntainer#0-0-C-1] o.a.k.c.c.internals.ConsumerCoordinator  : [Consumer clientId=consumer-midas-core-1, groupId=midas-core] Request joining group due to: consumer pro-actively leaving the group
[INFO] [stdout] 2026-04-20T08:35:25.688Z  INFO 18665 --- [ntainer#0-0-C-1] fkaConsumerFactory$ExtendedKafkaConsumer : [Consumer clientId=consumer-midas-core-1, groupId=midas-core] Unsubscribed all topics or patterns and assigned partitions
[INFO] [stdout] 2026-04-20T08:35:25.692Z  INFO 18665 --- [ntainer#0-0-C-1] o.a.k.c.c.internals.ConsumerCoordinator  : [Consumer clientId=consumer-midas-core-1, groupId=midas-core] Resetting generation and member id due to: consumer pro-actively leaving the group
[INFO] [stdout] 2026-04-20T08:35:25.692Z  INFO 18665 --- [ntainer#0-0-C-1] o.a.k.c.c.internals.ConsumerCoordinator  : [Consumer clientId=consumer-midas-core-1, groupId=midas-core] Request joining group due to: consumer pro-actively leaving the group
[INFO] [stdout] 2026-04-20T08:35:25.694Z  INFO 18665 --- [quest-handler-1] k.coordinator.group.GroupCoordinator     : [GroupCoordinator 0]: Preparing to rebalance group midas-core in state PreparingRebalance with old generation 1 (__consumer_offsets-20) (reason: Removing member consumer-midas-core-1-d552b4e2-17bd-4ebd-994d-9287ffeb44e0 on LeaveGroup; client reason: the consumer unsubscribed from all topics)
[INFO] [stdout] 2026-04-20T08:35:25.695Z  INFO 18665 --- [quest-handler-1] k.coordinator.group.GroupCoordinator     : [GroupCoordinator 0]: Group midas-core with generation 2 is now empty (__consumer_offsets-20)
[INFO] [stdout] 2026-04-20T08:35:25.702Z  INFO 18665 --- [quest-handler-1] k.coordinator.group.GroupCoordinator     : [GroupCoordinator 0]: Member MemberMetadata(memberId=consumer-midas-core-1-d552b4e2-17bd-4ebd-994d-9287ffeb44e0, groupInstanceId=None, clientId=consumer-midas-core-1, clientHost=/127.0.0.1, sessionTimeoutMs=45000, rebalanceTimeoutMs=300000, supportedProtocols=List(range, cooperative-sticky)) has left group midas-core through explicit `LeaveGroup`; client reason: the consumer unsubscribed from all topics
[INFO] [stdout] 2026-04-20T08:35:25.883Z  INFO 18665 --- [ntainer#0-0-C-1] o.apache.kafka.common.metrics.Metrics    : Metrics scheduler closed
[INFO] [stdout] 2026-04-20T08:35:25.883Z  INFO 18665 --- [ntainer#0-0-C-1] o.apache.kafka.common.metrics.Metrics    : Closing reporter org.apache.kafka.common.metrics.JmxReporter
[INFO] [stdout] 2026-04-20T08:35:25.883Z  INFO 18665 --- [ntainer#0-0-C-1] o.apache.kafka.common.metrics.Metrics    : Metrics reporters closed
[INFO] [stdout] 2026-04-20T08:35:25.887Z  INFO 18665 --- [ntainer#0-0-C-1] o.a.kafka.common.utils.AppInfoParser     : App info kafka.consumer for consumer-midas-core-1 unregistered
[INFO] [stdout] 2026-04-20T08:35:25.888Z  INFO 18665 --- [ntainer#0-0-C-1] o.s.k.l.KafkaMessageListenerContainer    : midas-core: Consumer stopped
[INFO] [stdout] 2026-04-20T08:35:25.910Z  INFO 18665 --- [           main] o.a.k.clients.producer.KafkaProducer     : [Producer clientId=producer-1] Closing the Kafka producer with timeoutMillis = 30000 ms.
[INFO] [stdout] 2026-04-20T08:35:25.915Z  INFO 18665 --- [           main] o.apache.kafka.common.metrics.Metrics    : Metrics scheduler closed
[INFO] [stdout] 2026-04-20T08:35:25.915Z  INFO 18665 --- [           main] o.apache.kafka.common.metrics.Metrics    : Closing reporter org.apache.kafka.common.metrics.JmxReporter
[INFO] [stdout] 2026-04-20T08:35:25.915Z  INFO 18665 --- [           main] o.apache.kafka.common.metrics.Metrics    : Metrics reporters closed
[INFO] [stdout] 2026-04-20T08:35:25.915Z  INFO 18665 --- [           main] o.a.kafka.common.utils.AppInfoParser     : App info kafka.producer for producer-1 unregistered
[INFO] [stdout] 2026-04-20T08:35:25.922Z  INFO 18665 --- [-kit-executor-4] kafka.server.BrokerServer                : [BrokerServer id=0] Transition from STARTED to SHUTTING_DOWN
[INFO] [stdout] 2026-04-20T08:35:25.922Z  INFO 18665 --- [-kit-executor-4] kafka.server.BrokerServer                : [BrokerServer id=0] shutting down
[INFO] [stdout] 2026-04-20T08:35:25.924Z  INFO 18665 --- [r-event-handler] kafka.server.BrokerLifecycleManager      : [BrokerLifecycleManager id=0] Beginning controlled shutdown.
[INFO] [stdout] 2026-04-20T08:35:25.926Z  INFO 18665 --- [0-event-handler] o.a.k.controller.BrokerHeartbeatManager  : [QuorumController id=0] Unfenced broker 0 has requested and been granted a controlled shutdown.
[INFO] [stdout] 2026-04-20T08:35:25.930Z  INFO 18665 --- [0-event-handler] o.a.k.c.ReplicationControlManager        : [QuorumController id=0] enterControlledShutdown[0]: changing 51 partition(s)
[INFO] [stdout] 2026-04-20T08:35:25.930Z  INFO 18665 --- [0-event-handler] o.a.k.controller.ClusterControlManager   : [QuorumController id=0] Replayed BrokerRegistrationChangeRecord modifying the registration for broker 0: BrokerRegistrationChangeRecord(brokerId=0, brokerEpoch=5, fenced=0, inControlledShutdown=1)
[INFO] [stdout] 2026-04-20T08:35:25.965Z  INFO 18665 --- [channel-manager] kafka.server.BrokerLifecycleManager      : [BrokerLifecycleManager id=0] The broker is in PENDING_CONTROLLED_SHUTDOWN state, still waiting for the active controller.
[INFO] [stdout] 2026-04-20T08:35:25.962Z  INFO 18665 --- [r-event-handler] state.change.logger                      : [Broker id=0] Transitioning 51 partition(s) to local followers.
[INFO] [stdout] 2026-04-20T08:35:25.970Z  INFO 18665 --- [r-event-handler] state.change.logger                      : [Broker id=0] Follower __consumer_offsets-13 starts at leader epoch 1 from offset 0 with partition epoch 1 and high watermark 0. Current leader is -1. Previous leader Some(-1) and previous leader epoch was 1.
[INFO] [stdout] 2026-04-20T08:35:25.970Z  INFO 18665 --- [r-event-handler] state.change.logger                      : [Broker id=0] Follower __consumer_offsets-46 starts at leader epoch 1 from offset 0 with partition epoch 1 and high watermark 0. Current leader is -1. Previous leader Some(-1) and previous leader epoch was 1.
[INFO] [stdout] 2026-04-20T08:35:25.971Z  INFO 18665 --- [r-event-handler] state.change.logger                      : [Broker id=0] Follower __consumer_offsets-9 starts at leader epoch 1 from offset 0 with partition epoch 1 and high watermark 0. Current leader is -1. Previous leader Some(-1) and previous leader epoch was 1.
[INFO] [stdout] 2026-04-20T08:35:25.971Z  INFO 18665 --- [r-event-handler] state.change.logger                      : [Broker id=0] Follower __consumer_offsets-42 starts at leader epoch 1 from offset 0 with partition epoch 1 and high watermark 0. Current leader is -1. Previous leader Some(-1) and previous leader epoch was 1.
[INFO] [stdout] 2026-04-20T08:35:25.971Z  INFO 18665 --- [r-event-handler] state.change.logger                      : [Broker id=0] Follower __consumer_offsets-21 starts at leader epoch 1 from offset 0 with partition epoch 1 and high watermark 0. Current leader is -1. Previous leader Some(-1) and previous leader epoch was 1.
[INFO] [stdout] 2026-04-20T08:35:25.971Z  INFO 18665 --- [r-event-handler] state.change.logger                      : [Broker id=0] Follower __consumer_offsets-17 starts at leader epoch 1 from offset 0 with partition epoch 1 and high watermark 0. Current leader is -1. Previous leader Some(-1) and previous leader epoch was 1.
[INFO] [stdout] 2026-04-20T08:35:25.971Z  INFO 18665 --- [r-event-handler] state.change.logger                      : [Broker id=0] Follower __consumer_offsets-30 starts at leader epoch 1 from offset 0 with partition epoch 1 and high watermark 0. Current leader is -1. Previous leader Some(-1) and previous leader epoch was 1.
[INFO] [stdout] 2026-04-20T08:35:25.971Z  INFO 18665 --- [r-event-handler] state.change.logger                      : [Broker id=0] Follower __consumer_offsets-26 starts at leader epoch 1 from offset 0 with partition epoch 1 and high watermark 0. Current leader is -1. Previous leader Some(-1) and previous leader epoch was 1.
[INFO] [stdout] 2026-04-20T08:35:25.971Z  INFO 18665 --- [r-event-handler] state.change.logger                      : [Broker id=0] Follower __consumer_offsets-5 starts at leader epoch 1 from offset 0 with partition epoch 1 and high watermark 0. Current leader is -1. Previous leader Some(-1) and previous leader epoch was 1.
[INFO] [stdout] 2026-04-20T08:35:25.971Z  INFO 18665 --- [r-event-handler] state.change.logger                      : [Broker id=0] Follower __consumer_offsets-38 starts at leader epoch 1 from offset 0 with partition epoch 1 and high watermark 0. Current leader is -1. Previous leader Some(-1) and previous leader epoch was 1.
[INFO] [stdout] 2026-04-20T08:35:25.971Z  INFO 18665 --- [r-event-handler] state.change.logger                      : [Broker id=0] Follower __consumer_offsets-1 starts at leader epoch 1 from offset 0 with partition epoch 1 and high watermark 0. Current leader is -1. Previous leader Some(-1) and previous leader epoch was 1.
[INFO] [stdout] 2026-04-20T08:35:25.971Z  INFO 18665 --- [r-event-handler] state.change.logger                      : [Broker id=0] Follower __consumer_offsets-34 starts at leader epoch 1 from offset 0 with partition epoch 1 and high watermark 0. Current leader is -1. Previous leader Some(-1) and previous leader epoch was 1.
[INFO] [stdout] 2026-04-20T08:35:25.971Z  INFO 18665 --- [r-event-handler] state.change.logger                      : [Broker id=0] Follower __consumer_offsets-16 starts at leader epoch 1 from offset 0 with partition epoch 1 and high watermark 0. Current leader is -1. Previous leader Some(-1) and previous leader epoch was 1.
[INFO] [stdout] 2026-04-20T08:35:25.971Z  INFO 18665 --- [r-event-handler] state.change.logger                      : [Broker id=0] Follower __consumer_offsets-45 starts at leader epoch 1 from offset 0 with partition epoch 1 and high watermark 0. Current leader is -1. Previous leader Some(-1) and previous leader epoch was 1.
[INFO] [stdout] 2026-04-20T08:35:25.971Z  INFO 18665 --- [r-event-handler] state.change.logger                      : [Broker id=0] Follower __consumer_offsets-12 starts at leader epoch 1 from offset 0 with partition epoch 1 and high watermark 0. Current leader is -1. Previous leader Some(-1) and previous leader epoch was 1.
[INFO] [stdout] 2026-04-20T08:35:25.971Z  INFO 18665 --- [r-event-handler] state.change.logger                      : [Broker id=0] Follower __consumer_offsets-41 starts at leader epoch 1 from offset 0 with partition epoch 1 and high watermark 0. Current leader is -1. Previous leader Some(-1) and previous leader epoch was 1.
[INFO] [stdout] 2026-04-20T08:35:25.971Z  INFO 18665 --- [r-event-handler] state.change.logger                      : [Broker id=0] Follower __consumer_offsets-24 starts at leader epoch 1 from offset 0 with partition epoch 1 and high watermark 0. Current leader is -1. Previous leader Some(-1) and previous leader epoch was 1.
[INFO] [stdout] 2026-04-20T08:35:25.971Z  INFO 18665 --- [r-event-handler] state.change.logger                      : [Broker id=0] Follower __consumer_offsets-20 starts at leader epoch 1 from offset 4 with partition epoch 1 and high watermark 4. Current leader is -1. Previous leader Some(-1) and previous leader epoch was 1.
[INFO] [stdout] 2026-04-20T08:35:25.971Z  INFO 18665 --- [r-event-handler] state.change.logger                      : [Broker id=0] Follower __consumer_offsets-49 starts at leader epoch 1 from offset 0 with partition epoch 1 and high watermark 0. Current leader is -1. Previous leader Some(-1) and previous leader epoch was 1.
[INFO] [stdout] 2026-04-20T08:35:25.971Z  INFO 18665 --- [r-event-handler] state.change.logger                      : [Broker id=0] Follower __consumer_offsets-0 starts at leader epoch 1 from offset 0 with partition epoch 1 and high watermark 0. Current leader is -1. Previous leader Some(-1) and previous leader epoch was 1.
[INFO] [stdout] 2026-04-20T08:35:25.971Z  INFO 18665 --- [r-event-handler] state.change.logger                      : [Broker id=0] Follower __consumer_offsets-29 starts at leader epoch 1 from offset 0 with partition epoch 1 and high watermark 0. Current leader is -1. Previous leader Some(-1) and previous leader epoch was 1.
[INFO] [stdout] 2026-04-20T08:35:25.976Z  INFO 18665 --- [r-event-handler] state.change.logger                      : [Broker id=0] Follower __consumer_offsets-25 starts at leader epoch 1 from offset 0 with partition epoch 1 and high watermark 0. Current leader is -1. Previous leader Some(-1) and previous leader epoch was 1.
[INFO] [stdout] 2026-04-20T08:35:25.977Z  INFO 18665 --- [r-event-handler] state.change.logger                      : [Broker id=0] Follower __consumer_offsets-8 starts at leader epoch 1 from offset 0 with partition epoch 1 and high watermark 0. Current leader is -1. Previous leader Some(-1) and previous leader epoch was 1.
[INFO] [stdout] 2026-04-20T08:35:25.977Z  INFO 18665 --- [r-event-handler] state.change.logger                      : [Broker id=0] Follower __consumer_offsets-37 starts at leader epoch 1 from offset 0 with partition epoch 1 and high watermark 0. Current leader is -1. Previous leader Some(-1) and previous leader epoch was 1.
[INFO] [stdout] 2026-04-20T08:35:25.978Z  INFO 18665 --- [r-event-handler] state.change.logger                      : [Broker id=0] Follower __consumer_offsets-4 starts at leader epoch 1 from offset 0 with partition epoch 1 and high watermark 0. Current leader is -1. Previous leader Some(-1) and previous leader epoch was 1.
[INFO] [stdout] 2026-04-20T08:35:25.981Z  INFO 18665 --- [r-event-handler] state.change.logger                      : [Broker id=0] Follower __consumer_offsets-33 starts at leader epoch 1 from offset 0 with partition epoch 1 and high watermark 0. Current leader is -1. Previous leader Some(-1) and previous leader epoch was 1.
[INFO] [stdout] 2026-04-20T08:35:25.981Z  INFO 18665 --- [r-event-handler] state.change.logger                      : [Broker id=0] Follower __consumer_offsets-15 starts at leader epoch 1 from offset 0 with partition epoch 1 and high watermark 0. Current leader is -1. Previous leader Some(-1) and previous leader epoch was 1.
[INFO] [stdout] 2026-04-20T08:35:25.981Z  INFO 18665 --- [r-event-handler] state.change.logger                      : [Broker id=0] Follower trader-updates-0 starts at leader epoch 1 from offset 22 with partition epoch 1 and high watermark 22. Current leader is -1. Previous leader Some(-1) and previous leader epoch was 1.
[INFO] [stdout] 2026-04-20T08:35:25.981Z  INFO 18665 --- [r-event-handler] state.change.logger                      : [Broker id=0] Follower __consumer_offsets-48 starts at leader epoch 1 from offset 0 with partition epoch 1 and high watermark 0. Current leader is -1. Previous leader Some(-1) and previous leader epoch was 1.
[INFO] [stdout] 2026-04-20T08:35:25.981Z  INFO 18665 --- [r-event-handler] state.change.logger                      : [Broker id=0] Follower __consumer_offsets-11 starts at leader epoch 1 from offset 0 with partition epoch 1 and high watermark 0. Current leader is -1. Previous leader Some(-1) and previous leader epoch was 1.
[INFO] [stdout] 2026-04-20T08:35:25.981Z  INFO 18665 --- [r-event-handler] state.change.logger                      : [Broker id=0] Follower __consumer_offsets-44 starts at leader epoch 1 from offset 0 with partition epoch 1 and high watermark 0. Current leader is -1. Previous leader Some(-1) and previous leader epoch was 1.
[INFO] [stdout] 2026-04-20T08:35:25.981Z  INFO 18665 --- [r-event-handler] state.change.logger                      : [Broker id=0] Follower __consumer_offsets-23 starts at leader epoch 1 from offset 0 with partition epoch 1 and high watermark 0. Current leader is -1. Previous leader Some(-1) and previous leader epoch was 1.
[INFO] [stdout] 2026-04-20T08:35:25.982Z  INFO 18665 --- [r-event-handler] state.change.logger                      : [Broker id=0] Follower __consumer_offsets-19 starts at leader epoch 1 from offset 0 with partition epoch 1 and high watermark 0. Current leader is -1. Previous leader Some(-1) and previous leader epoch was 1.
[INFO] [stdout] 2026-04-20T08:35:25.982Z  INFO 18665 --- [r-event-handler] state.change.logger                      : [Broker id=0] Follower __consumer_offsets-32 starts at leader epoch 1 from offset 0 with partition epoch 1 and high watermark 0. Current leader is -1. Previous leader Some(-1) and previous leader epoch was 1.
[INFO] [stdout] 2026-04-20T08:35:25.982Z  INFO 18665 --- [r-event-handler] state.change.logger                      : [Broker id=0] Follower __consumer_offsets-28 starts at leader epoch 1 from offset 0 with partition epoch 1 and high watermark 0. Current leader is -1. Previous leader Some(-1) and previous leader epoch was 1.
[INFO] [stdout] 2026-04-20T08:35:25.982Z  INFO 18665 --- [r-event-handler] state.change.logger                      : [Broker id=0] Follower __consumer_offsets-7 starts at leader epoch 1 from offset 0 with partition epoch 1 and high watermark 0. Current leader is -1. Previous leader Some(-1) and previous leader epoch was 1.
[INFO] [stdout] 2026-04-20T08:35:25.982Z  INFO 18665 --- [r-event-handler] state.change.logger                      : [Broker id=0] Follower __consumer_offsets-40 starts at leader epoch 1 from offset 0 with partition epoch 1 and high watermark 0. Current leader is -1. Previous leader Some(-1) and previous leader epoch was 1.
[INFO] [stdout] 2026-04-20T08:35:25.982Z  INFO 18665 --- [r-event-handler] state.change.logger                      : [Broker id=0] Follower __consumer_offsets-3 starts at leader epoch 1 from offset 0 with partition epoch 1 and high watermark 0. Current leader is -1. Previous leader Some(-1) and previous leader epoch was 1.
[INFO] [stdout] 2026-04-20T08:35:25.982Z  INFO 18665 --- [r-event-handler] state.change.logger                      : [Broker id=0] Follower __consumer_offsets-36 starts at leader epoch 1 from offset 0 with partition epoch 1 and high watermark 0. Current leader is -1. Previous leader Some(-1) and previous leader epoch was 1.
[INFO] [stdout] 2026-04-20T08:35:25.982Z  INFO 18665 --- [r-event-handler] state.change.logger                      : [Broker id=0] Follower __consumer_offsets-47 starts at leader epoch 1 from offset 0 with partition epoch 1 and high watermark 0. Current leader is -1. Previous leader Some(-1) and previous leader epoch was 1.
[INFO] [stdout] 2026-04-20T08:35:25.982Z  INFO 18665 --- [r-event-handler] state.change.logger                      : [Broker id=0] Follower __consumer_offsets-14 starts at leader epoch 1 from offset 0 with partition epoch 1 and high watermark 0. Current leader is -1. Previous leader Some(-1) and previous leader epoch was 1.
[INFO] [stdout] 2026-04-20T08:35:25.982Z  INFO 18665 --- [r-event-handler] state.change.logger                      : [Broker id=0] Follower __consumer_offsets-43 starts at leader epoch 1 from offset 0 with partition epoch 1 and high watermark 0. Current leader is -1. Previous leader Some(-1) and previous leader epoch was 1.
[INFO] [stdout] 2026-04-20T08:35:25.982Z  INFO 18665 --- [r-event-handler] state.change.logger                      : [Broker id=0] Follower __consumer_offsets-10 starts at leader epoch 1 from offset 0 with partition epoch 1 and high watermark 0. Current leader is -1. Previous leader Some(-1) and previous leader epoch was 1.
[INFO] [stdout] 2026-04-20T08:35:25.982Z  INFO 18665 --- [r-event-handler] state.change.logger                      : [Broker id=0] Follower __consumer_offsets-22 starts at leader epoch 1 from offset 0 with partition epoch 1 and high watermark 0. Current leader is -1. Previous leader Some(-1) and previous leader epoch was 1.
[INFO] [stdout] 2026-04-20T08:35:25.982Z  INFO 18665 --- [r-event-handler] state.change.logger                      : [Broker id=0] Follower __consumer_offsets-18 starts at leader epoch 1 from offset 0 with partition epoch 1 and high watermark 0. Current leader is -1. Previous leader Some(-1) and previous leader epoch was 1.
[INFO] [stdout] 2026-04-20T08:35:25.984Z  INFO 18665 --- [r-event-handler] state.change.logger                      : [Broker id=0] Follower __consumer_offsets-31 starts at leader epoch 1 from offset 0 with partition epoch 1 and high watermark 0. Current leader is -1. Previous leader Some(-1) and previous leader epoch was 1.
[INFO] [stdout] 2026-04-20T08:35:25.984Z  INFO 18665 --- [r-event-handler] state.change.logger                      : [Broker id=0] Follower __consumer_offsets-27 starts at leader epoch 1 from offset 0 with partition epoch 1 and high watermark 0. Current leader is -1. Previous leader Some(-1) and previous leader epoch was 1.
[INFO] [stdout] 2026-04-20T08:35:25.984Z  INFO 18665 --- [r-event-handler] state.change.logger                      : [Broker id=0] Follower __consumer_offsets-39 starts at leader epoch 1 from offset 0 with partition epoch 1 and high watermark 0. Current leader is -1. Previous leader Some(-1) and previous leader epoch was 1.
[INFO] [stdout] 2026-04-20T08:35:25.984Z  INFO 18665 --- [r-event-handler] state.change.logger                      : [Broker id=0] Follower __consumer_offsets-6 starts at leader epoch 1 from offset 0 with partition epoch 1 and high watermark 0. Current leader is -1. Previous leader Some(-1) and previous leader epoch was 1.
[INFO] [stdout] 2026-04-20T08:35:25.984Z  INFO 18665 --- [r-event-handler] state.change.logger                      : [Broker id=0] Follower __consumer_offsets-35 starts at leader epoch 1 from offset 0 with partition epoch 1 and high watermark 0. Current leader is -1. Previous leader Some(-1) and previous leader epoch was 1.
[INFO] [stdout] 2026-04-20T08:35:25.984Z  INFO 18665 --- [r-event-handler] state.change.logger                      : [Broker id=0] Follower __consumer_offsets-2 starts at leader epoch 1 from offset 0 with partition epoch 1 and high watermark 0. Current leader is -1. Previous leader Some(-1) and previous leader epoch was 1.
[INFO] [stdout] 2026-04-20T08:35:25.993Z  INFO 18665 --- [r-event-handler] kafka.server.ReplicaFetcherManager       : [ReplicaFetcherManager on broker 0] Removed fetcher for partitions HashSet(__consumer_offsets-22, __consumer_offsets-30, __consumer_offsets-25, __consumer_offsets-35, __consumer_offsets-37, __consumer_offsets-13, __consumer_offsets-8, __consumer_offsets-21, __consumer_offsets-4, __consumer_offsets-27, __consumer_offsets-7, __consumer_offsets-9, __consumer_offsets-46, __consumer_offsets-41, __consumer_offsets-33, __consumer_offsets-23, __consumer_offsets-49, __consumer_offsets-47, __consumer_offsets-16, __consumer_offsets-28, __consumer_offsets-31, __consumer_offsets-36, __consumer_offsets-42, __consumer_offsets-3, __consumer_offsets-18, __consumer_offsets-15, __consumer_offsets-24, trader-updates-0, __consumer_offsets-38, __consumer_offsets-17, __consumer_offsets-48, __consumer_offsets-19, __consumer_offsets-11, __consumer_offsets-2, __consumer_offsets-43, __consumer_offsets-6, __consumer_offsets-14, __consumer_offsets-20, __consumer_offsets-0, __consumer_offsets-44, __consumer_offsets-39, __consumer_offsets-12, __consumer_offsets-45, __consumer_offsets-1, __consumer_offsets-5, __consumer_offsets-26, __consumer_offsets-29, __consumer_offsets-34, __consumer_offsets-10, __consumer_offsets-32, __consumer_offsets-40)
[INFO] [stdout] 2026-04-20T08:35:25.993Z  INFO 18665 --- [r-event-handler] k.server.ReplicaAlterLogDirsManager      : [ReplicaAlterLogDirsManager on broker 0] Removed fetcher for partitions HashSet(__consumer_offsets-22, __consumer_offsets-30, __consumer_offsets-25, __consumer_offsets-35, __consumer_offsets-37, __consumer_offsets-13, __consumer_offsets-8, __consumer_offsets-21, __consumer_offsets-4, __consumer_offsets-27, __consumer_offsets-7, __consumer_offsets-9, __consumer_offsets-46, __consumer_offsets-41, __consumer_offsets-33, __consumer_offsets-23, __consumer_offsets-49, __consumer_offsets-47, __consumer_offsets-16, __consumer_offsets-28, __consumer_offsets-31, __consumer_offsets-36, __consumer_offsets-42, __consumer_offsets-3, __consumer_offsets-18, __consumer_offsets-15, __consumer_offsets-24, trader-updates-0, __consumer_offsets-38, __consumer_offsets-17, __consumer_offsets-48, __consumer_offsets-19, __consumer_offsets-11, __consumer_offsets-2, __consumer_offsets-43, __consumer_offsets-6, __consumer_offsets-14, __consumer_offsets-20, __consumer_offsets-0, __consumer_offsets-44, __consumer_offsets-39, __consumer_offsets-12, __consumer_offsets-45, __consumer_offsets-1, __consumer_offsets-5, __consumer_offsets-26, __consumer_offsets-29, __consumer_offsets-34, __consumer_offsets-10, __consumer_offsets-32, __consumer_offsets-40)
[INFO] [stdout] 2026-04-20T08:35:25.999Z  INFO 18665 --- [r-event-handler] state.change.logger                      : [Broker id=0] Stopped fetchers as part of controlled shutdown for 51 partitions
[INFO] [stdout] 2026-04-20T08:35:26.002Z  INFO 18665 --- [r-event-handler] k.coordinator.group.GroupCoordinator     : [GroupCoordinator 0]: Resigned as the group coordinator for partition 13 in epoch OptionalInt[1]
[INFO] [stdout] 2026-04-20T08:35:26.002Z  INFO 18665 --- [r-event-handler] k.c.group.GroupMetadataManager           : [GroupMetadataManager brokerId=0] Scheduling unloading of offsets and group metadata from __consumer_offsets-13
[INFO] [stdout] 2026-04-20T08:35:26.003Z  INFO 18665 --- [r-event-handler] k.coordinator.group.GroupCoordinator     : [GroupCoordinator 0]: Resigned as the group coordinator for partition 46 in epoch OptionalInt[1]
[INFO] [stdout] 2026-04-20T08:35:26.003Z  INFO 18665 --- [r-event-handler] k.c.group.GroupMetadataManager           : [GroupMetadataManager brokerId=0] Scheduling unloading of offsets and group metadata from __consumer_offsets-46
[INFO] [stdout] 2026-04-20T08:35:26.003Z  INFO 18665 --- [r-event-handler] k.coordinator.group.GroupCoordinator     : [GroupCoordinator 0]: Resigned as the group coordinator for partition 9 in epoch OptionalInt[1]
[INFO] [stdout] 2026-04-20T08:35:26.003Z  INFO 18665 --- [r-event-handler] k.c.group.GroupMetadataManager           : [GroupMetadataManager brokerId=0] Scheduling unloading of offsets and group metadata from __consumer_offsets-9
[INFO] [stdout] 2026-04-20T08:35:26.003Z  INFO 18665 --- [r-event-handler] k.coordinator.group.GroupCoordinator     : [GroupCoordinator 0]: Resigned as the group coordinator for partition 42 in epoch OptionalInt[1]
[INFO] [stdout] 2026-04-20T08:35:26.003Z  INFO 18665 --- [r-event-handler] k.c.group.GroupMetadataManager           : [GroupMetadataManager brokerId=0] Scheduling unloading of offsets and group metadata from __consumer_offsets-42
[INFO] [stdout] 2026-04-20T08:35:26.003Z  INFO 18665 --- [r-event-handler] k.coordinator.group.GroupCoordinator     : [GroupCoordinator 0]: Resigned as the group coordinator for partition 21 in epoch OptionalInt[1]
[INFO] [stdout] 2026-04-20T08:35:26.003Z  INFO 18665 --- [r-event-handler] k.c.group.GroupMetadataManager           : [GroupMetadataManager brokerId=0] Scheduling unloading of offsets and group metadata from __consumer_offsets-21
[INFO] [stdout] 2026-04-20T08:35:26.003Z  INFO 18665 --- [r-event-handler] k.coordinator.group.GroupCoordinator     : [GroupCoordinator 0]: Resigned as the group coordinator for partition 17 in epoch OptionalInt[1]
[INFO] [stdout] 2026-04-20T08:35:26.003Z  INFO 18665 --- [r-event-handler] k.c.group.GroupMetadataManager           : [GroupMetadataManager brokerId=0] Scheduling unloading of offsets and group metadata from __consumer_offsets-17
[INFO] [stdout] 2026-04-20T08:35:26.003Z  INFO 18665 --- [r-event-handler] k.coordinator.group.GroupCoordinator     : [GroupCoordinator 0]: Resigned as the group coordinator for partition 30 in epoch OptionalInt[1]
[INFO] [stdout] 2026-04-20T08:35:26.003Z  INFO 18665 --- [r-event-handler] k.c.group.GroupMetadataManager           : [GroupMetadataManager brokerId=0] Scheduling unloading of offsets and group metadata from __consumer_offsets-30
[INFO] [stdout] 2026-04-20T08:35:26.003Z  INFO 18665 --- [r-event-handler] k.coordinator.group.GroupCoordinator     : [GroupCoordinator 0]: Resigned as the group coordinator for partition 26 in epoch OptionalInt[1]
[INFO] [stdout] 2026-04-20T08:35:26.003Z  INFO 18665 --- [r-event-handler] k.c.group.GroupMetadataManager           : [GroupMetadataManager brokerId=0] Scheduling unloading of offsets and group metadata from __consumer_offsets-26
[INFO] [stdout] 2026-04-20T08:35:26.003Z  INFO 18665 --- [r-event-handler] k.coordinator.group.GroupCoordinator     : [GroupCoordinator 0]: Resigned as the group coordinator for partition 5 in epoch OptionalInt[1]
[INFO] [stdout] 2026-04-20T08:35:26.003Z  INFO 18665 --- [r-event-handler] k.c.group.GroupMetadataManager           : [GroupMetadataManager brokerId=0] Scheduling unloading of offsets and group metadata from __consumer_offsets-5
[INFO] [stdout] 2026-04-20T08:35:26.003Z  INFO 18665 --- [r-event-handler] k.coordinator.group.GroupCoordinator     : [GroupCoordinator 0]: Resigned as the group coordinator for partition 38 in epoch OptionalInt[1]
[INFO] [stdout] 2026-04-20T08:35:26.003Z  INFO 18665 --- [r-event-handler] k.c.group.GroupMetadataManager           : [GroupMetadataManager brokerId=0] Scheduling unloading of offsets and group metadata from __consumer_offsets-38
[INFO] [stdout] 2026-04-20T08:35:26.003Z  INFO 18665 --- [r-event-handler] k.coordinator.group.GroupCoordinator     : [GroupCoordinator 0]: Resigned as the group coordinator for partition 1 in epoch OptionalInt[1]
[INFO] [stdout] 2026-04-20T08:35:26.003Z  INFO 18665 --- [r-event-handler] k.c.group.GroupMetadataManager           : [GroupMetadataManager brokerId=0] Scheduling unloading of offsets and group metadata from __consumer_offsets-1
[INFO] [stdout] 2026-04-20T08:35:26.003Z  INFO 18665 --- [r-event-handler] k.coordinator.group.GroupCoordinator     : [GroupCoordinator 0]: Resigned as the group coordinator for partition 34 in epoch OptionalInt[1]
[INFO] [stdout] 2026-04-20T08:35:26.003Z  INFO 18665 --- [r-event-handler] k.c.group.GroupMetadataManager           : [GroupMetadataManager brokerId=0] Scheduling unloading of offsets and group metadata from __consumer_offsets-34
[INFO] [stdout] 2026-04-20T08:35:26.003Z  INFO 18665 --- [r-event-handler] k.coordinator.group.GroupCoordinator     : [GroupCoordinator 0]: Resigned as the group coordinator for partition 16 in epoch OptionalInt[1]
[INFO] [stdout] 2026-04-20T08:35:26.003Z  INFO 18665 --- [r-event-handler] k.c.group.GroupMetadataManager           : [GroupMetadataManager brokerId=0] Scheduling unloading of offsets and group metadata from __consumer_offsets-16
[INFO] [stdout] 2026-04-20T08:35:26.003Z  INFO 18665 --- [r-event-handler] k.coordinator.group.GroupCoordinator     : [GroupCoordinator 0]: Resigned as the group coordinator for partition 45 in epoch OptionalInt[1]
[INFO] [stdout] 2026-04-20T08:35:26.003Z  INFO 18665 --- [r-event-handler] k.c.group.GroupMetadataManager           : [GroupMetadataManager brokerId=0] Scheduling unloading of offsets and group metadata from __consumer_offsets-45
[INFO] [stdout] 2026-04-20T08:35:26.003Z  INFO 18665 --- [r-event-handler] k.coordinator.group.GroupCoordinator     : [GroupCoordinator 0]: Resigned as the group coordinator for partition 12 in epoch OptionalInt[1]
[INFO] [stdout] 2026-04-20T08:35:26.003Z  INFO 18665 --- [r-event-handler] k.c.group.GroupMetadataManager           : [GroupMetadataManager brokerId=0] Scheduling unloading of offsets and group metadata from __consumer_offsets-12
[INFO] [stdout] 2026-04-20T08:35:26.003Z  INFO 18665 --- [r-event-handler] k.coordinator.group.GroupCoordinator     : [GroupCoordinator 0]: Resigned as the group coordinator for partition 41 in epoch OptionalInt[1]
[INFO] [stdout] 2026-04-20T08:35:26.003Z  INFO 18665 --- [r-event-handler] k.c.group.GroupMetadataManager           : [GroupMetadataManager brokerId=0] Scheduling unloading of offsets and group metadata from __consumer_offsets-41
[INFO] [stdout] 2026-04-20T08:35:26.003Z  INFO 18665 --- [r-event-handler] k.coordinator.group.GroupCoordinator     : [GroupCoordinator 0]: Resigned as the group coordinator for partition 24 in epoch OptionalInt[1]
[INFO] [stdout] 2026-04-20T08:35:26.003Z  INFO 18665 --- [r-event-handler] k.c.group.GroupMetadataManager           : [GroupMetadataManager brokerId=0] Scheduling unloading of offsets and group metadata from __consumer_offsets-24
[INFO] [stdout] 2026-04-20T08:35:26.003Z  INFO 18665 --- [r-event-handler] k.coordinator.group.GroupCoordinator     : [GroupCoordinator 0]: Resigned as the group coordinator for partition 20 in epoch OptionalInt[1]
[INFO] [stdout] 2026-04-20T08:35:26.003Z  INFO 18665 --- [r-event-handler] k.c.group.GroupMetadataManager           : [GroupMetadataManager brokerId=0] Scheduling unloading of offsets and group metadata from __consumer_offsets-20
[INFO] [stdout] 2026-04-20T08:35:26.003Z  INFO 18665 --- [r-event-handler] k.coordinator.group.GroupCoordinator     : [GroupCoordinator 0]: Resigned as the group coordinator for partition 49 in epoch OptionalInt[1]
[INFO] [stdout] 2026-04-20T08:35:26.003Z  INFO 18665 --- [r-event-handler] k.c.group.GroupMetadataManager           : [GroupMetadataManager brokerId=0] Scheduling unloading of offsets and group metadata from __consumer_offsets-49
[INFO] [stdout] 2026-04-20T08:35:26.003Z  INFO 18665 --- [r-event-handler] k.coordinator.group.GroupCoordinator     : [GroupCoordinator 0]: Resigned as the group coordinator for partition 0 in epoch OptionalInt[1]
[INFO] [stdout] 2026-04-20T08:35:26.003Z  INFO 18665 --- [r-event-handler] k.c.group.GroupMetadataManager           : [GroupMetadataManager brokerId=0] Scheduling unloading of offsets and group metadata from __consumer_offsets-0
[INFO] [stdout] 2026-04-20T08:35:26.003Z  INFO 18665 --- [r-event-handler] k.coordinator.group.GroupCoordinator     : [GroupCoordinator 0]: Resigned as the group coordinator for partition 29 in epoch OptionalInt[1]
[INFO] [stdout] 2026-04-20T08:35:26.003Z  INFO 18665 --- [r-event-handler] k.c.group.GroupMetadataManager           : [GroupMetadataManager brokerId=0] Scheduling unloading of offsets and group metadata from __consumer_offsets-29
[INFO] [stdout] 2026-04-20T08:35:26.003Z  INFO 18665 --- [r-event-handler] k.coordinator.group.GroupCoordinator     : [GroupCoordinator 0]: Resigned as the group coordinator for partition 25 in epoch OptionalInt[1]
[INFO] [stdout] 2026-04-20T08:35:26.003Z  INFO 18665 --- [r-event-handler] k.c.group.GroupMetadataManager           : [GroupMetadataManager brokerId=0] Scheduling unloading of offsets and group metadata from __consumer_offsets-25
[INFO] [stdout] 2026-04-20T08:35:26.003Z  INFO 18665 --- [r-event-handler] k.coordinator.group.GroupCoordinator     : [GroupCoordinator 0]: Resigned as the group coordinator for partition 8 in epoch OptionalInt[1]
[INFO] [stdout] 2026-04-20T08:35:26.003Z  INFO 18665 --- [r-event-handler] k.c.group.GroupMetadataManager           : [GroupMetadataManager brokerId=0] Scheduling unloading of offsets and group metadata from __consumer_offsets-8
[INFO] [stdout] 2026-04-20T08:35:26.003Z  INFO 18665 --- [r-event-handler] k.coordinator.group.GroupCoordinator     : [GroupCoordinator 0]: Resigned as the group coordinator for partition 37 in epoch OptionalInt[1]
[INFO] [stdout] 2026-04-20T08:35:26.003Z  INFO 18665 --- [r-event-handler] k.c.group.GroupMetadataManager           : [GroupMetadataManager brokerId=0] Scheduling unloading of offsets and group metadata from __consumer_offsets-37
[INFO] [stdout] 2026-04-20T08:35:26.003Z  INFO 18665 --- [r-event-handler] k.coordinator.group.GroupCoordinator     : [GroupCoordinator 0]: Resigned as the group coordinator for partition 4 in epoch OptionalInt[1]
[INFO] [stdout] 2026-04-20T08:35:26.003Z  INFO 18665 --- [r-event-handler] k.c.group.GroupMetadataManager           : [GroupMetadataManager brokerId=0] Scheduling unloading of offsets and group metadata from __consumer_offsets-4
[INFO] [stdout] 2026-04-20T08:35:26.003Z  INFO 18665 --- [r-event-handler] k.coordinator.group.GroupCoordinator     : [GroupCoordinator 0]: Resigned as the group coordinator for partition 33 in epoch OptionalInt[1]
[INFO] [stdout] 2026-04-20T08:35:26.003Z  INFO 18665 --- [r-event-handler] k.c.group.GroupMetadataManager           : [GroupMetadataManager brokerId=0] Scheduling unloading of offsets and group metadata from __consumer_offsets-33
[INFO] [stdout] 2026-04-20T08:35:26.003Z  INFO 18665 --- [r-event-handler] k.coordinator.group.GroupCoordinator     : [GroupCoordinator 0]: Resigned as the group coordinator for partition 15 in epoch OptionalInt[1]
[INFO] [stdout] 2026-04-20T08:35:26.003Z  INFO 18665 --- [r-event-handler] k.c.group.GroupMetadataManager           : [GroupMetadataManager brokerId=0] Scheduling unloading of offsets and group metadata from __consumer_offsets-15
[INFO] [stdout] 2026-04-20T08:35:26.003Z  INFO 18665 --- [r-event-handler] k.coordinator.group.GroupCoordinator     : [GroupCoordinator 0]: Resigned as the group coordinator for partition 48 in epoch OptionalInt[1]
[INFO] [stdout] 2026-04-20T08:35:26.003Z  INFO 18665 --- [r-event-handler] k.c.group.GroupMetadataManager           : [GroupMetadataManager brokerId=0] Scheduling unloading of offsets and group metadata from __consumer_offsets-48
[INFO] [stdout] 2026-04-20T08:35:26.004Z  INFO 18665 --- [r-event-handler] k.coordinator.group.GroupCoordinator     : [GroupCoordinator 0]: Resigned as the group coordinator for partition 11 in epoch OptionalInt[1]
[INFO] [stdout] 2026-04-20T08:35:26.004Z  INFO 18665 --- [r-event-handler] k.c.group.GroupMetadataManager           : [GroupMetadataManager brokerId=0] Scheduling unloading of offsets and group metadata from __consumer_offsets-11
[INFO] [stdout] 2026-04-20T08:35:26.004Z  INFO 18665 --- [r-event-handler] k.coordinator.group.GroupCoordinator     : [GroupCoordinator 0]: Resigned as the group coordinator for partition 44 in epoch OptionalInt[1]
[INFO] [stdout] 2026-04-20T08:35:26.004Z  INFO 18665 --- [r-event-handler] k.c.group.GroupMetadataManager           : [GroupMetadataManager brokerId=0] Scheduling unloading of offsets and group metadata from __consumer_offsets-44
[INFO] [stdout] 2026-04-20T08:35:26.004Z  INFO 18665 --- [r-event-handler] k.coordinator.group.GroupCoordinator     : [GroupCoordinator 0]: Resigned as the group coordinator for partition 23 in epoch OptionalInt[1]
[INFO] [stdout] 2026-04-20T08:35:26.004Z  INFO 18665 --- [adata-manager-0] k.c.group.GroupMetadataManager           : [GroupMetadataManager brokerId=0] Finished unloading __consumer_offsets-13 for coordinator epoch OptionalInt[1]. Removed 0 cached offsets and 0 cached groups.
[INFO] [stdout] 2026-04-20T08:35:26.004Z  INFO 18665 --- [adata-manager-0] k.c.group.GroupMetadataManager           : [GroupMetadataManager brokerId=0] Finished unloading __consumer_offsets-46 for coordinator epoch OptionalInt[1]. Removed 0 cached offsets and 0 cached groups.
[INFO] [stdout] 2026-04-20T08:35:26.004Z  INFO 18665 --- [adata-manager-0] k.c.group.GroupMetadataManager           : [GroupMetadataManager brokerId=0] Finished unloading __consumer_offsets-9 for coordinator epoch OptionalInt[1]. Removed 0 cached offsets and 0 cached groups.
[INFO] [stdout] 2026-04-20T08:35:26.008Z  INFO 18665 --- [adata-manager-0] k.c.group.GroupMetadataManager           : [GroupMetadataManager brokerId=0] Finished unloading __consumer_offsets-42 for coordinator epoch OptionalInt[1]. Removed 0 cached offsets and 0 cached groups.
[INFO] [stdout] 2026-04-20T08:35:26.008Z  INFO 18665 --- [adata-manager-0] k.c.group.GroupMetadataManager           : [GroupMetadataManager brokerId=0] Finished unloading __consumer_offsets-21 for coordinator epoch OptionalInt[1]. Removed 0 cached offsets and 0 cached groups.
[INFO] [stdout] 2026-04-20T08:35:26.008Z  INFO 18665 --- [adata-manager-0] k.c.group.GroupMetadataManager           : [GroupMetadataManager brokerId=0] Finished unloading __consumer_offsets-17 for coordinator epoch OptionalInt[1]. Removed 0 cached offsets and 0 cached groups.
[INFO] [stdout] 2026-04-20T08:35:26.008Z  INFO 18665 --- [adata-manager-0] k.c.group.GroupMetadataManager           : [GroupMetadataManager brokerId=0] Finished unloading __consumer_offsets-30 for coordinator epoch OptionalInt[1]. Removed 0 cached offsets and 0 cached groups.
[INFO] [stdout] 2026-04-20T08:35:26.008Z  INFO 18665 --- [adata-manager-0] k.c.group.GroupMetadataManager           : [GroupMetadataManager brokerId=0] Finished unloading __consumer_offsets-26 for coordinator epoch OptionalInt[1]. Removed 0 cached offsets and 0 cached groups.
[INFO] [stdout] 2026-04-20T08:35:26.008Z  INFO 18665 --- [adata-manager-0] k.c.group.GroupMetadataManager           : [GroupMetadataManager brokerId=0] Finished unloading __consumer_offsets-5 for coordinator epoch OptionalInt[1]. Removed 0 cached offsets and 0 cached groups.
[INFO] [stdout] 2026-04-20T08:35:26.008Z  INFO 18665 --- [adata-manager-0] k.c.group.GroupMetadataManager           : [GroupMetadataManager brokerId=0] Finished unloading __consumer_offsets-38 for coordinator epoch OptionalInt[1]. Removed 0 cached offsets and 0 cached groups.
[INFO] [stdout] 2026-04-20T08:35:26.008Z  INFO 18665 --- [adata-manager-0] k.c.group.GroupMetadataManager           : [GroupMetadataManager brokerId=0] Finished unloading __consumer_offsets-1 for coordinator epoch OptionalInt[1]. Removed 0 cached offsets and 0 cached groups.
[INFO] [stdout] 2026-04-20T08:35:26.008Z  INFO 18665 --- [adata-manager-0] k.c.group.GroupMetadataManager           : [GroupMetadataManager brokerId=0] Finished unloading __consumer_offsets-34 for coordinator epoch OptionalInt[1]. Removed 0 cached offsets and 0 cached groups.
[INFO] [stdout] 2026-04-20T08:35:26.008Z  INFO 18665 --- [adata-manager-0] k.c.group.GroupMetadataManager           : [GroupMetadataManager brokerId=0] Finished unloading __consumer_offsets-16 for coordinator epoch OptionalInt[1]. Removed 0 cached offsets and 0 cached groups.
[INFO] [stdout] 2026-04-20T08:35:26.008Z  INFO 18665 --- [adata-manager-0] k.c.group.GroupMetadataManager           : [GroupMetadataManager brokerId=0] Finished unloading __consumer_offsets-45 for coordinator epoch OptionalInt[1]. Removed 0 cached offsets and 0 cached groups.
[INFO] [stdout] 2026-04-20T08:35:26.008Z  INFO 18665 --- [adata-manager-0] k.c.group.GroupMetadataManager           : [GroupMetadataManager brokerId=0] Finished unloading __consumer_offsets-12 for coordinator epoch OptionalInt[1]. Removed 0 cached offsets and 0 cached groups.
[INFO] [stdout] 2026-04-20T08:35:26.008Z  INFO 18665 --- [adata-manager-0] k.c.group.GroupMetadataManager           : [GroupMetadataManager brokerId=0] Finished unloading __consumer_offsets-41 for coordinator epoch OptionalInt[1]. Removed 0 cached offsets and 0 cached groups.
[INFO] [stdout] 2026-04-20T08:35:26.008Z  INFO 18665 --- [adata-manager-0] k.c.group.GroupMetadataManager           : [GroupMetadataManager brokerId=0] Finished unloading __consumer_offsets-24 for coordinator epoch OptionalInt[1]. Removed 0 cached offsets and 0 cached groups.
[INFO] [stdout] 2026-04-20T08:35:26.009Z  INFO 18665 --- [adata-manager-0] k.coordinator.group.GroupCoordinator     : [GroupCoordinator 0]: Unloading group metadata for midas-core with generation 2
[INFO] [stdout] 2026-04-20T08:35:26.009Z  INFO 18665 --- [adata-manager-0] k.c.group.GroupMetadataManager           : [GroupMetadataManager brokerId=0] Finished unloading __consumer_offsets-20 for coordinator epoch OptionalInt[1]. Removed 1 cached offsets and 1 cached groups.
[INFO] [stdout] 2026-04-20T08:35:26.009Z  INFO 18665 --- [adata-manager-0] k.c.group.GroupMetadataManager           : [GroupMetadataManager brokerId=0] Finished unloading __consumer_offsets-49 for coordinator epoch OptionalInt[1]. Removed 0 cached offsets and 0 cached groups.
[INFO] [stdout] 2026-04-20T08:35:26.009Z  INFO 18665 --- [adata-manager-0] k.c.group.GroupMetadataManager           : [GroupMetadataManager brokerId=0] Finished unloading __consumer_offsets-0 for coordinator epoch OptionalInt[1]. Removed 0 cached offsets and 0 cached groups.
[INFO] [stdout] 2026-04-20T08:35:26.009Z  INFO 18665 --- [adata-manager-0] k.c.group.GroupMetadataManager           : [GroupMetadataManager brokerId=0] Finished unloading __consumer_offsets-29 for coordinator epoch OptionalInt[1]. Removed 0 cached offsets and 0 cached groups.
[INFO] [stdout] 2026-04-20T08:35:26.009Z  INFO 18665 --- [adata-manager-0] k.c.group.GroupMetadataManager           : [GroupMetadataManager brokerId=0] Finished unloading __consumer_offsets-25 for coordinator epoch OptionalInt[1]. Removed 0 cached offsets and 0 cached groups.
[INFO] [stdout] 2026-04-20T08:35:26.009Z  INFO 18665 --- [adata-manager-0] k.c.group.GroupMetadataManager           : [GroupMetadataManager brokerId=0] Finished unloading __consumer_offsets-8 for coordinator epoch OptionalInt[1]. Removed 0 cached offsets and 0 cached groups.
[INFO] [stdout] 2026-04-20T08:35:26.010Z  INFO 18665 --- [adata-manager-0] k.c.group.GroupMetadataManager           : [GroupMetadataManager brokerId=0] Finished unloading __consumer_offsets-37 for coordinator epoch OptionalInt[1]. Removed 0 cached offsets and 0 cached groups.
[INFO] [stdout] 2026-04-20T08:35:26.010Z  INFO 18665 --- [r-event-handler] k.c.group.GroupMetadataManager           : [GroupMetadataManager brokerId=0] Scheduling unloading of offsets and group metadata from __consumer_offsets-23
[INFO] [stdout] 2026-04-20T08:35:26.010Z  INFO 18665 --- [r-event-handler] k.coordinator.group.GroupCoordinator     : [GroupCoordinator 0]: Resigned as the group coordinator for partition 19 in epoch OptionalInt[1]
[INFO] [stdout] 2026-04-20T08:35:26.010Z  INFO 18665 --- [r-event-handler] k.c.group.GroupMetadataManager           : [GroupMetadataManager brokerId=0] Scheduling unloading of offsets and group metadata from __consumer_offsets-19
[INFO] [stdout] 2026-04-20T08:35:26.010Z  INFO 18665 --- [r-event-handler] k.coordinator.group.GroupCoordinator     : [GroupCoordinator 0]: Resigned as the group coordinator for partition 32 in epoch OptionalInt[1]
[INFO] [stdout] 2026-04-20T08:35:26.010Z  INFO 18665 --- [r-event-handler] k.c.group.GroupMetadataManager           : [GroupMetadataManager brokerId=0] Scheduling unloading of offsets and group metadata from __consumer_offsets-32
[INFO] [stdout] 2026-04-20T08:35:26.010Z  INFO 18665 --- [r-event-handler] k.coordinator.group.GroupCoordinator     : [GroupCoordinator 0]: Resigned as the group coordinator for partition 28 in epoch OptionalInt[1]
[INFO] [stdout] 2026-04-20T08:35:26.010Z  INFO 18665 --- [r-event-handler] k.c.group.GroupMetadataManager           : [GroupMetadataManager brokerId=0] Scheduling unloading of offsets and group metadata from __consumer_offsets-28
[INFO] [stdout] 2026-04-20T08:35:26.010Z  INFO 18665 --- [r-event-handler] k.coordinator.group.GroupCoordinator     : [GroupCoordinator 0]: Resigned as the group coordinator for partition 7 in epoch OptionalInt[1]
[INFO] [stdout] 2026-04-20T08:35:26.010Z  INFO 18665 --- [r-event-handler] k.c.group.GroupMetadataManager           : [GroupMetadataManager brokerId=0] Scheduling unloading of offsets and group metadata from __consumer_offsets-7
[INFO] [stdout] 2026-04-20T08:35:26.010Z  INFO 18665 --- [r-event-handler] k.coordinator.group.GroupCoordinator     : [GroupCoordinator 0]: Resigned as the group coordinator for partition 40 in epoch OptionalInt[1]
[INFO] [stdout] 2026-04-20T08:35:26.010Z  INFO 18665 --- [r-event-handler] k.c.group.GroupMetadataManager           : [GroupMetadataManager brokerId=0] Scheduling unloading of offsets and group metadata from __consumer_offsets-40
[INFO] [stdout] 2026-04-20T08:35:26.010Z  INFO 18665 --- [r-event-handler] k.coordinator.group.GroupCoordinator     : [GroupCoordinator 0]: Resigned as the group coordinator for partition 3 in epoch OptionalInt[1]
[INFO] [stdout] 2026-04-20T08:35:26.010Z  INFO 18665 --- [r-event-handler] k.c.group.GroupMetadataManager           : [GroupMetadataManager brokerId=0] Scheduling unloading of offsets and group metadata from __consumer_offsets-3
[INFO] [stdout] 2026-04-20T08:35:26.010Z  INFO 18665 --- [r-event-handler] k.coordinator.group.GroupCoordinator     : [GroupCoordinator 0]: Resigned as the group coordinator for partition 36 in epoch OptionalInt[1]
[INFO] [stdout] 2026-04-20T08:35:26.010Z  INFO 18665 --- [r-event-handler] k.c.group.GroupMetadataManager           : [GroupMetadataManager brokerId=0] Scheduling unloading of offsets and group metadata from __consumer_offsets-36
[INFO] [stdout] 2026-04-20T08:35:26.010Z  INFO 18665 --- [r-event-handler] k.coordinator.group.GroupCoordinator     : [GroupCoordinator 0]: Resigned as the group coordinator for partition 47 in epoch OptionalInt[1]
[INFO] [stdout] 2026-04-20T08:35:26.010Z  INFO 18665 --- [r-event-handler] k.c.group.GroupMetadataManager           : [GroupMetadataManager brokerId=0] Scheduling unloading of offsets and group metadata from __consumer_offsets-47
[INFO] [stdout] 2026-04-20T08:35:26.010Z  INFO 18665 --- [r-event-handler] k.coordinator.group.GroupCoordinator     : [GroupCoordinator 0]: Resigned as the group coordinator for partition 14 in epoch OptionalInt[1]
[INFO] [stdout] 2026-04-20T08:35:26.010Z  INFO 18665 --- [r-event-handler] k.c.group.GroupMetadataManager           : [GroupMetadataManager brokerId=0] Scheduling unloading of offsets and group metadata from __consumer_offsets-14
[INFO] [stdout] 2026-04-20T08:35:26.010Z  INFO 18665 --- [r-event-handler] k.coordinator.group.GroupCoordinator     : [GroupCoordinator 0]: Resigned as the group coordinator for partition 43 in epoch OptionalInt[1]
[INFO] [stdout] 2026-04-20T08:35:26.010Z  INFO 18665 --- [r-event-handler] k.c.group.GroupMetadataManager           : [GroupMetadataManager brokerId=0] Scheduling unloading of offsets and group metadata from __consumer_offsets-43
[INFO] [stdout] 2026-04-20T08:35:26.010Z  INFO 18665 --- [r-event-handler] k.coordinator.group.GroupCoordinator     : [GroupCoordinator 0]: Resigned as the group coordinator for partition 10 in epoch OptionalInt[1]
[INFO] [stdout] 2026-04-20T08:35:26.010Z  INFO 18665 --- [r-event-handler] k.c.group.GroupMetadataManager           : [GroupMetadataManager brokerId=0] Scheduling unloading of offsets and group metadata from __consumer_offsets-10
[INFO] [stdout] 2026-04-20T08:35:26.010Z  INFO 18665 --- [r-event-handler] k.coordinator.group.GroupCoordinator     : [GroupCoordinator 0]: Resigned as the group coordinator for partition 22 in epoch OptionalInt[1]
[INFO] [stdout] 2026-04-20T08:35:26.010Z  INFO 18665 --- [r-event-handler] k.c.group.GroupMetadataManager           : [GroupMetadataManager brokerId=0] Scheduling unloading of offsets and group metadata from __consumer_offsets-22
[INFO] [stdout] 2026-04-20T08:35:26.010Z  INFO 18665 --- [r-event-handler] k.coordinator.group.GroupCoordinator     : [GroupCoordinator 0]: Resigned as the group coordinator for partition 18 in epoch OptionalInt[1]
[INFO] [stdout] 2026-04-20T08:35:26.010Z  INFO 18665 --- [r-event-handler] k.c.group.GroupMetadataManager           : [GroupMetadataManager brokerId=0] Scheduling unloading of offsets and group metadata from __consumer_offsets-18
[INFO] [stdout] 2026-04-20T08:35:26.010Z  INFO 18665 --- [r-event-handler] k.coordinator.group.GroupCoordinator     : [GroupCoordinator 0]: Resigned as the group coordinator for partition 31 in epoch OptionalInt[1]
[INFO] [stdout] 2026-04-20T08:35:26.010Z  INFO 18665 --- [r-event-handler] k.c.group.GroupMetadataManager           : [GroupMetadataManager brokerId=0] Scheduling unloading of offsets and group metadata from __consumer_offsets-31
[INFO] [stdout] 2026-04-20T08:35:26.010Z  INFO 18665 --- [r-event-handler] k.coordinator.group.GroupCoordinator     : [GroupCoordinator 0]: Resigned as the group coordinator for partition 27 in epoch OptionalInt[1]
[INFO] [stdout] 2026-04-20T08:35:26.010Z  INFO 18665 --- [r-event-handler] k.c.group.GroupMetadataManager           : [GroupMetadataManager brokerId=0] Scheduling unloading of offsets and group metadata from __consumer_offsets-27
[INFO] [stdout] 2026-04-20T08:35:26.010Z  INFO 18665 --- [r-event-handler] k.coordinator.group.GroupCoordinator     : [GroupCoordinator 0]: Resigned as the group coordinator for partition 39 in epoch OptionalInt[1]
[INFO] [stdout] 2026-04-20T08:35:26.010Z  INFO 18665 --- [r-event-handler] k.c.group.GroupMetadataManager           : [GroupMetadataManager brokerId=0] Scheduling unloading of offsets and group metadata from __consumer_offsets-39
[INFO] [stdout] 2026-04-20T08:35:26.010Z  INFO 18665 --- [r-event-handler] k.coordinator.group.GroupCoordinator     : [GroupCoordinator 0]: Resigned as the group coordinator for partition 6 in epoch OptionalInt[1]
[INFO] [stdout] 2026-04-20T08:35:26.010Z  INFO 18665 --- [r-event-handler] k.c.group.GroupMetadataManager           : [GroupMetadataManager brokerId=0] Scheduling unloading of offsets and group metadata from __consumer_offsets-6
[INFO] [stdout] 2026-04-20T08:35:26.010Z  INFO 18665 --- [r-event-handler] k.coordinator.group.GroupCoordinator     : [GroupCoordinator 0]: Resigned as the group coordinator for partition 35 in epoch OptionalInt[1]
[INFO] [stdout] 2026-04-20T08:35:26.010Z  INFO 18665 --- [r-event-handler] k.c.group.GroupMetadataManager           : [GroupMetadataManager brokerId=0] Scheduling unloading of offsets and group metadata from __consumer_offsets-35
[INFO] [stdout] 2026-04-20T08:35:26.010Z  INFO 18665 --- [r-event-handler] k.coordinator.group.GroupCoordinator     : [GroupCoordinator 0]: Resigned as the group coordinator for partition 2 in epoch OptionalInt[1]
[INFO] [stdout] 2026-04-20T08:35:26.010Z  INFO 18665 --- [r-event-handler] k.c.group.GroupMetadataManager           : [GroupMetadataManager brokerId=0] Scheduling unloading of offsets and group metadata from __consumer_offsets-2
[INFO] [stdout] 2026-04-20T08:35:26.010Z  INFO 18665 --- [adata-manager-0] k.c.group.GroupMetadataManager           : [GroupMetadataManager brokerId=0] Finished unloading __consumer_offsets-4 for coordinator epoch OptionalInt[1]. Removed 0 cached offsets and 0 cached groups.
[INFO] [stdout] 2026-04-20T08:35:26.013Z  INFO 18665 --- [adata-manager-0] k.c.group.GroupMetadataManager           : [GroupMetadataManager brokerId=0] Finished unloading __consumer_offsets-33 for coordinator epoch OptionalInt[1]. Removed 0 cached offsets and 0 cached groups.
[INFO] [stdout] 2026-04-20T08:35:26.013Z  INFO 18665 --- [adata-manager-0] k.c.group.GroupMetadataManager           : [GroupMetadataManager brokerId=0] Finished unloading __consumer_offsets-15 for coordinator epoch OptionalInt[1]. Removed 0 cached offsets and 0 cached groups.
[INFO] [stdout] 2026-04-20T08:35:26.013Z  INFO 18665 --- [adata-manager-0] k.c.group.GroupMetadataManager           : [GroupMetadataManager brokerId=0] Finished unloading __consumer_offsets-48 for coordinator epoch OptionalInt[1]. Removed 0 cached offsets and 0 cached groups.
[INFO] [stdout] 2026-04-20T08:35:26.013Z  INFO 18665 --- [adata-manager-0] k.c.group.GroupMetadataManager           : [GroupMetadataManager brokerId=0] Finished unloading __consumer_offsets-11 for coordinator epoch OptionalInt[1]. Removed 0 cached offsets and 0 cached groups.
[INFO] [stdout] 2026-04-20T08:35:26.013Z  INFO 18665 --- [adata-manager-0] k.c.group.GroupMetadataManager           : [GroupMetadataManager brokerId=0] Finished unloading __consumer_offsets-44 for coordinator epoch OptionalInt[1]. Removed 0 cached offsets and 0 cached groups.
[INFO] [stdout] 2026-04-20T08:35:26.013Z  INFO 18665 --- [adata-manager-0] k.c.group.GroupMetadataManager           : [GroupMetadataManager brokerId=0] Finished unloading __consumer_offsets-23 for coordinator epoch OptionalInt[1]. Removed 0 cached offsets and 0 cached groups.
[INFO] [stdout] 2026-04-20T08:35:26.013Z  INFO 18665 --- [adata-manager-0] k.c.group.GroupMetadataManager           : [GroupMetadataManager brokerId=0] Finished unloading __consumer_offsets-19 for coordinator epoch OptionalInt[1]. Removed 0 cached offsets and 0 cached groups.
[INFO] [stdout] 2026-04-20T08:35:26.013Z  INFO 18665 --- [adata-manager-0] k.c.group.GroupMetadataManager           : [GroupMetadataManager brokerId=0] Finished unloading __consumer_offsets-32 for coordinator epoch OptionalInt[1]. Removed 0 cached offsets and 0 cached groups.
[INFO] [stdout] 2026-04-20T08:35:26.013Z  INFO 18665 --- [adata-manager-0] k.c.group.GroupMetadataManager           : [GroupMetadataManager brokerId=0] Finished unloading __consumer_offsets-28 for coordinator epoch OptionalInt[1]. Removed 0 cached offsets and 0 cached groups.
[INFO] [stdout] 2026-04-20T08:35:26.013Z  INFO 18665 --- [adata-manager-0] k.c.group.GroupMetadataManager           : [GroupMetadataManager brokerId=0] Finished unloading __consumer_offsets-7 for coordinator epoch OptionalInt[1]. Removed 0 cached offsets and 0 cached groups.
[INFO] [stdout] 2026-04-20T08:35:26.013Z  INFO 18665 --- [adata-manager-0] k.c.group.GroupMetadataManager           : [GroupMetadataManager brokerId=0] Finished unloading __consumer_offsets-40 for coordinator epoch OptionalInt[1]. Removed 0 cached offsets and 0 cached groups.
[INFO] [stdout] 2026-04-20T08:35:26.013Z  INFO 18665 --- [adata-manager-0] k.c.group.GroupMetadataManager           : [GroupMetadataManager brokerId=0] Finished unloading __consumer_offsets-3 for coordinator epoch OptionalInt[1]. Removed 0 cached offsets and 0 cached groups.
[INFO] [stdout] 2026-04-20T08:35:26.013Z  INFO 18665 --- [adata-manager-0] k.c.group.GroupMetadataManager           : [GroupMetadataManager brokerId=0] Finished unloading __consumer_offsets-36 for coordinator epoch OptionalInt[1]. Removed 0 cached offsets and 0 cached groups.
[INFO] [stdout] 2026-04-20T08:35:26.013Z  INFO 18665 --- [adata-manager-0] k.c.group.GroupMetadataManager           : [GroupMetadataManager brokerId=0] Finished unloading __consumer_offsets-47 for coordinator epoch OptionalInt[1]. Removed 0 cached offsets and 0 cached groups.
[INFO] [stdout] 2026-04-20T08:35:26.013Z  INFO 18665 --- [adata-manager-0] k.c.group.GroupMetadataManager           : [GroupMetadataManager brokerId=0] Finished unloading __consumer_offsets-14 for coordinator epoch OptionalInt[1]. Removed 0 cached offsets and 0 cached groups.
[INFO] [stdout] 2026-04-20T08:35:26.013Z  INFO 18665 --- [adata-manager-0] k.c.group.GroupMetadataManager           : [GroupMetadataManager brokerId=0] Finished unloading __consumer_offsets-43 for coordinator epoch OptionalInt[1]. Removed 0 cached offsets and 0 cached groups.
[INFO] [stdout] 2026-04-20T08:35:26.013Z  INFO 18665 --- [adata-manager-0] k.c.group.GroupMetadataManager           : [GroupMetadataManager brokerId=0] Finished unloading __consumer_offsets-10 for coordinator epoch OptionalInt[1]. Removed 0 cached offsets and 0 cached groups.
[INFO] [stdout] 2026-04-20T08:35:26.014Z  INFO 18665 --- [adata-manager-0] k.c.group.GroupMetadataManager           : [GroupMetadataManager brokerId=0] Finished unloading __consumer_offsets-22 for coordinator epoch OptionalInt[1]. Removed 0 cached offsets and 0 cached groups.
[INFO] [stdout] 2026-04-20T08:35:26.014Z  INFO 18665 --- [adata-manager-0] k.c.group.GroupMetadataManager           : [GroupMetadataManager brokerId=0] Finished unloading __consumer_offsets-18 for coordinator epoch OptionalInt[1]. Removed 0 cached offsets and 0 cached groups.
[INFO] [stdout] 2026-04-20T08:35:26.014Z  INFO 18665 --- [adata-manager-0] k.c.group.GroupMetadataManager           : [GroupMetadataManager brokerId=0] Finished unloading __consumer_offsets-31 for coordinator epoch OptionalInt[1]. Removed 0 cached offsets and 0 cached groups.
[INFO] [stdout] 2026-04-20T08:35:26.014Z  INFO 18665 --- [adata-manager-0] k.c.group.GroupMetadataManager           : [GroupMetadataManager brokerId=0] Finished unloading __consumer_offsets-27 for coordinator epoch OptionalInt[1]. Removed 0 cached offsets and 0 cached groups.
[INFO] [stdout] 2026-04-20T08:35:26.014Z  INFO 18665 --- [adata-manager-0] k.c.group.GroupMetadataManager           : [GroupMetadataManager brokerId=0] Finished unloading __consumer_offsets-39 for coordinator epoch OptionalInt[1]. Removed 0 cached offsets and 0 cached groups.
[INFO] [stdout] 2026-04-20T08:35:26.014Z  INFO 18665 --- [adata-manager-0] k.c.group.GroupMetadataManager           : [GroupMetadataManager brokerId=0] Finished unloading __consumer_offsets-6 for coordinator epoch OptionalInt[1]. Removed 0 cached offsets and 0 cached groups.
[INFO] [stdout] 2026-04-20T08:35:26.014Z  INFO 18665 --- [adata-manager-0] k.c.group.GroupMetadataManager           : [GroupMetadataManager brokerId=0] Finished unloading __consumer_offsets-35 for coordinator epoch OptionalInt[1]. Removed 0 cached offsets and 0 cached groups.
[INFO] [stdout] 2026-04-20T08:35:26.014Z  INFO 18665 --- [adata-manager-0] k.c.group.GroupMetadataManager           : [GroupMetadataManager brokerId=0] Finished unloading __consumer_offsets-2 for coordinator epoch OptionalInt[1]. Removed 0 cached offsets and 0 cached groups.
[INFO] [stdout] 2026-04-20T08:35:26.040Z  INFO 18665 --- [0-event-handler] o.a.k.controller.BrokerHeartbeatManager  : [QuorumController id=0] The request from broker 0 to shut down has been granted since the lowest active offset 9223372036854775807 is now greater than the broker's controlled shutdown offset 134.
[INFO] [stdout] 2026-04-20T08:35:26.041Z  INFO 18665 --- [0-event-handler] o.a.k.controller.ClusterControlManager   : [QuorumController id=0] Replayed BrokerRegistrationChangeRecord modifying the registration for broker 0: BrokerRegistrationChangeRecord(brokerId=0, brokerEpoch=5, fenced=1, inControlledShutdown=0)
[INFO] [stdout] 2026-04-20T08:35:26.070Z  INFO 18665 --- [channel-manager] kafka.server.BrokerLifecycleManager      : [BrokerLifecycleManager id=0] The controller has asked us to exit controlled shutdown.
[INFO] [stdout] 2026-04-20T08:35:26.070Z  INFO 18665 --- [channel-manager] org.apache.kafka.queue.KafkaEventQueue   : [BrokerLifecycleManager id=0] beginShutdown: shutting down event queue.
[INFO] [stdout] 2026-04-20T08:35:26.071Z  INFO 18665 --- [r-event-handler] kafka.server.BrokerLifecycleManager      : [BrokerLifecycleManager id=0] Transitioning from PENDING_CONTROLLED_SHUTDOWN to SHUTTING_DOWN.
[INFO] [stdout] 2026-04-20T08:35:26.071Z  INFO 18665 --- [r-event-handler] k.s.BrokerToControllerRequestThread      : [broker-0-to-controller-heartbeat-channel-manager]: Shutting down
[INFO] [stdout] 2026-04-20T08:35:26.071Z  INFO 18665 --- [channel-manager] k.s.BrokerToControllerRequestThread      : [broker-0-to-controller-heartbeat-channel-manager]: Stopped
[INFO] [stdout] 2026-04-20T08:35:26.071Z  INFO 18665 --- [r-event-handler] k.s.BrokerToControllerRequestThread      : [broker-0-to-controller-heartbeat-channel-manager]: Shutdown completed
[INFO] [stdout] 2026-04-20T08:35:26.071Z  INFO 18665 --- [-kit-executor-4] kafka.network.SocketServer               : [SocketServer listenerType=BROKER, nodeId=0] Stopping socket server request processors
[INFO] [stdout] 2026-04-20T08:35:26.077Z  INFO 18665 --- [r-event-handler] k.s.BrokerToControllerChannelManagerImpl : Broker to controller channel manager for heartbeat shutdown
[INFO] [stdout] 2026-04-20T08:35:26.079Z  INFO 18665 --- [-kit-executor-4] kafka.network.SocketServer               : [SocketServer listenerType=BROKER, nodeId=0] Stopped socket server request processors
[INFO] [stdout] 2026-04-20T08:35:26.080Z  INFO 18665 --- [-kit-executor-4] kafka.server.KafkaRequestHandlerPool     : [data-plane Kafka Request Handler on Broker 0], shutting down
[INFO] [stdout] 2026-04-20T08:35:26.081Z  INFO 18665 --- [-kit-executor-4] kafka.server.KafkaRequestHandlerPool     : [data-plane Kafka Request Handler on Broker 0], shut down completely
[INFO] [stdout] 2026-04-20T08:35:26.081Z  INFO 18665 --- [-kit-executor-4] perationPurgatory$ExpiredOperationReaper : [ExpirationReaper-0-AlterAcls]: Shutting down
[INFO] [stdout] 2026-04-20T08:35:26.082Z  INFO 18665 --- [per-0-AlterAcls] perationPurgatory$ExpiredOperationReaper : [ExpirationReaper-0-AlterAcls]: Stopped
[INFO] [stdout] 2026-04-20T08:35:26.082Z  INFO 18665 --- [-kit-executor-4] perationPurgatory$ExpiredOperationReaper : [ExpirationReaper-0-AlterAcls]: Shutdown completed
[INFO] [stdout] 2026-04-20T08:35:26.083Z  INFO 18665 --- [-kit-executor-4] kafka.server.KafkaApis                   : [KafkaApi-0] Shutdown complete.
[INFO] [stdout] 2026-04-20T08:35:26.088Z  INFO 18665 --- [-kit-executor-4] k.c.transaction.TransactionCoordinator   : [TransactionCoordinator id=0] Shutting down.
[INFO] [stdout] 2026-04-20T08:35:26.088Z  INFO 18665 --- [-kit-executor-4] k.c.transaction.TransactionStateManager  : [Transaction State Manager 0]: Shutdown complete
[INFO] [stdout] 2026-04-20T08:35:26.088Z  INFO 18665 --- [-kit-executor-4] k.c.t.TransactionMarkerChannelManager    : [TxnMarkerSenderThread-0]: Shutting down
[INFO] [stdout] 2026-04-20T08:35:26.089Z  INFO 18665 --- [rSenderThread-0] k.c.t.TransactionMarkerChannelManager    : [TxnMarkerSenderThread-0]: Stopped
[INFO] [stdout] 2026-04-20T08:35:26.090Z  INFO 18665 --- [-kit-executor-4] k.c.t.TransactionMarkerChannelManager    : [TxnMarkerSenderThread-0]: Shutdown completed
[INFO] [stdout] 2026-04-20T08:35:26.092Z  INFO 18665 --- [-kit-executor-4] k.c.transaction.TransactionCoordinator   : [TransactionCoordinator id=0] Shutdown complete.
[INFO] [stdout] 2026-04-20T08:35:26.094Z  INFO 18665 --- [-kit-executor-4] k.coordinator.group.GroupCoordinator     : [GroupCoordinator 0]: Shutting down.
[INFO] [stdout] 2026-04-20T08:35:26.094Z  INFO 18665 --- [-kit-executor-4] perationPurgatory$ExpiredOperationReaper : [ExpirationReaper-0-Heartbeat]: Shutting down
[INFO] [stdout] 2026-04-20T08:35:26.094Z  INFO 18665 --- [per-0-Heartbeat] perationPurgatory$ExpiredOperationReaper : [ExpirationReaper-0-Heartbeat]: Stopped
[INFO] [stdout] 2026-04-20T08:35:26.096Z  INFO 18665 --- [-kit-executor-4] perationPurgatory$ExpiredOperationReaper : [ExpirationReaper-0-Heartbeat]: Shutdown completed
[INFO] [stdout] 2026-04-20T08:35:26.096Z  INFO 18665 --- [-kit-executor-4] perationPurgatory$ExpiredOperationReaper : [ExpirationReaper-0-Rebalance]: Shutting down
[INFO] [stdout] 2026-04-20T08:35:26.096Z  INFO 18665 --- [per-0-Rebalance] perationPurgatory$ExpiredOperationReaper : [ExpirationReaper-0-Rebalance]: Stopped
[INFO] [stdout] 2026-04-20T08:35:26.096Z  INFO 18665 --- [-kit-executor-4] perationPurgatory$ExpiredOperationReaper : [ExpirationReaper-0-Rebalance]: Shutdown completed
[INFO] [stdout] 2026-04-20T08:35:26.097Z  INFO 18665 --- [-kit-executor-4] k.coordinator.group.GroupCoordinator     : [GroupCoordinator 0]: Shutdown complete.
[INFO] [stdout] 2026-04-20T08:35:26.097Z  INFO 18665 --- [-kit-executor-4] kafka.server.ReplicaManager              : [ReplicaManager broker=0] Shutting down
[INFO] [stdout] 2026-04-20T08:35:26.099Z  INFO 18665 --- [-kit-executor-4] k.s.ReplicaManager$LogDirFailureHandler  : [LogDirFailureHandler]: Shutting down
[INFO] [stdout] 2026-04-20T08:35:26.099Z  INFO 18665 --- [rFailureHandler] k.s.ReplicaManager$LogDirFailureHandler  : [LogDirFailureHandler]: Stopped
[INFO] [stdout] 2026-04-20T08:35:26.100Z  INFO 18665 --- [-kit-executor-4] k.s.ReplicaManager$LogDirFailureHandler  : [LogDirFailureHandler]: Shutdown completed
[INFO] [stdout] 2026-04-20T08:35:26.100Z  INFO 18665 --- [-kit-executor-4] kafka.server.ReplicaFetcherManager       : [ReplicaFetcherManager on broker 0] shutting down
[INFO] [stdout] 2026-04-20T08:35:26.101Z  INFO 18665 --- [-kit-executor-4] kafka.server.ReplicaFetcherManager       : [ReplicaFetcherManager on broker 0] shutdown completed
[INFO] [stdout] 2026-04-20T08:35:26.101Z  INFO 18665 --- [-kit-executor-4] k.server.ReplicaAlterLogDirsManager      : [ReplicaAlterLogDirsManager on broker 0] shutting down
[INFO] [stdout] 2026-04-20T08:35:26.101Z  INFO 18665 --- [-kit-executor-4] k.server.ReplicaAlterLogDirsManager      : [ReplicaAlterLogDirsManager on broker 0] shutdown completed
[INFO] [stdout] 2026-04-20T08:35:26.101Z  INFO 18665 --- [-kit-executor-4] perationPurgatory$ExpiredOperationReaper : [ExpirationReaper-0-Fetch]: Shutting down
[INFO] [stdout] 2026-04-20T08:35:26.102Z  INFO 18665 --- [nReaper-0-Fetch] perationPurgatory$ExpiredOperationReaper : [ExpirationReaper-0-Fetch]: Stopped
[INFO] [stdout] 2026-04-20T08:35:26.102Z  INFO 18665 --- [-kit-executor-4] perationPurgatory$ExpiredOperationReaper : [ExpirationReaper-0-Fetch]: Shutdown completed
[INFO] [stdout] 2026-04-20T08:35:26.102Z  INFO 18665 --- [-kit-executor-4] perationPurgatory$ExpiredOperationReaper : [ExpirationReaper-0-RemoteFetch]: Shutting down
[INFO] [stdout] 2026-04-20T08:35:26.102Z  INFO 18665 --- [r-0-RemoteFetch] perationPurgatory$ExpiredOperationReaper : [ExpirationReaper-0-RemoteFetch]: Stopped
[INFO] [stdout] 2026-04-20T08:35:26.102Z  INFO 18665 --- [-kit-executor-4] perationPurgatory$ExpiredOperationReaper : [ExpirationReaper-0-RemoteFetch]: Shutdown completed
[INFO] [stdout] 2026-04-20T08:35:26.103Z  INFO 18665 --- [-kit-executor-4] perationPurgatory$ExpiredOperationReaper : [ExpirationReaper-0-Produce]: Shutting down
[INFO] [stdout] 2026-04-20T08:35:26.103Z  INFO 18665 --- [eaper-0-Produce] perationPurgatory$ExpiredOperationReaper : [ExpirationReaper-0-Produce]: Stopped
[INFO] [stdout] 2026-04-20T08:35:26.103Z  INFO 18665 --- [-kit-executor-4] perationPurgatory$ExpiredOperationReaper : [ExpirationReaper-0-Produce]: Shutdown completed
[INFO] [stdout] 2026-04-20T08:35:26.104Z  INFO 18665 --- [-kit-executor-4] perationPurgatory$ExpiredOperationReaper : [ExpirationReaper-0-DeleteRecords]: Shutting down
[INFO] [stdout] 2026-04-20T08:35:26.104Z  INFO 18665 --- [0-DeleteRecords] perationPurgatory$ExpiredOperationReaper : [ExpirationReaper-0-DeleteRecords]: Stopped
[INFO] [stdout] 2026-04-20T08:35:26.104Z  INFO 18665 --- [-kit-executor-4] perationPurgatory$ExpiredOperationReaper : [ExpirationReaper-0-DeleteRecords]: Shutdown completed
[INFO] [stdout] 2026-04-20T08:35:26.104Z  INFO 18665 --- [-kit-executor-4] perationPurgatory$ExpiredOperationReaper : [ExpirationReaper-0-ElectLeader]: Shutting down
[INFO] [stdout] 2026-04-20T08:35:26.105Z  INFO 18665 --- [r-0-ElectLeader] perationPurgatory$ExpiredOperationReaper : [ExpirationReaper-0-ElectLeader]: Stopped
[INFO] [stdout] 2026-04-20T08:35:26.105Z  INFO 18665 --- [-kit-executor-4] perationPurgatory$ExpiredOperationReaper : [ExpirationReaper-0-ElectLeader]: Shutdown completed
[INFO] [stdout] 2026-04-20T08:35:26.110Z  INFO 18665 --- [-kit-executor-4] kafka.server.AddPartitionsToTxnManager   : [AddPartitionsToTxnSenderThread-0]: Shutting down
[INFO] [stdout] 2026-04-20T08:35:26.110Z  INFO 18665 --- [-kit-executor-4] kafka.server.AddPartitionsToTxnManager   : [AddPartitionsToTxnSenderThread-0]: Shutdown completed
[INFO] [stdout] 2026-04-20T08:35:26.111Z  INFO 18665 --- [-kit-executor-4] kafka.server.ReplicaManager              : [ReplicaManager broker=0] Shut down completely
[INFO] [stdout] 2026-04-20T08:35:26.111Z  INFO 18665 --- [-kit-executor-4] k.s.BrokerToControllerRequestThread      : [broker-0-to-controller-alter-partition-channel-manager]: Shutting down
[INFO] [stdout] 2026-04-20T08:35:26.111Z  INFO 18665 --- [channel-manager] k.s.BrokerToControllerRequestThread      : [broker-0-to-controller-alter-partition-channel-manager]: Stopped
[INFO] [stdout] 2026-04-20T08:35:26.111Z  INFO 18665 --- [-kit-executor-4] k.s.BrokerToControllerRequestThread      : [broker-0-to-controller-alter-partition-channel-manager]: Shutdown completed
[INFO] [stdout] 2026-04-20T08:35:26.111Z  INFO 18665 --- [-kit-executor-4] k.s.BrokerToControllerChannelManagerImpl : Broker to controller channel manager for alter-partition shutdown
[INFO] [stdout] 2026-04-20T08:35:26.111Z  INFO 18665 --- [-kit-executor-4] k.s.BrokerToControllerRequestThread      : [broker-0-to-controller-forwarding-channel-manager]: Shutting down
[INFO] [stdout] 2026-04-20T08:35:26.111Z  INFO 18665 --- [-kit-executor-4] k.s.BrokerToControllerRequestThread      : [broker-0-to-controller-forwarding-channel-manager]: Shutdown completed
[INFO] [stdout] 2026-04-20T08:35:26.111Z  INFO 18665 --- [-kit-executor-4] k.s.BrokerToControllerChannelManagerImpl : Broker to controller channel manager for forwarding shutdown
[INFO] [stdout] 2026-04-20T08:35:26.112Z  INFO 18665 --- [-kit-executor-4] kafka.log.LogManager                     : Shutting down.
[INFO] [stdout] 2026-04-20T08:35:26.113Z  INFO 18665 --- [channel-manager] k.s.BrokerToControllerRequestThread      : [broker-0-to-controller-forwarding-channel-manager]: Stopped
[INFO] [stdout] 2026-04-20T08:35:26.113Z  INFO 18665 --- [nSenderThread-0] kafka.server.AddPartitionsToTxnManager   : [AddPartitionsToTxnSenderThread-0]: Stopped
[INFO] [stdout] 2026-04-20T08:35:26.113Z  INFO 18665 --- [-kit-executor-4] kafka.log.LogCleaner                     : Shutting down the log cleaner.
[INFO] [stdout] 2026-04-20T08:35:26.114Z  INFO 18665 --- [-kit-executor-4] kafka.log.LogCleaner$CleanerThread       : [kafka-log-cleaner-thread-0]: Shutting down
[INFO] [stdout] 2026-04-20T08:35:26.114Z  INFO 18665 --- [leaner-thread-0] kafka.log.LogCleaner$CleanerThread       : [kafka-log-cleaner-thread-0]: Stopped
[INFO] [stdout] 2026-04-20T08:35:26.115Z  INFO 18665 --- [-kit-executor-4] kafka.log.LogCleaner$CleanerThread       : [kafka-log-cleaner-thread-0]: Shutdown completed
[INFO] [stdout] 2026-04-20T08:35:26.138Z  INFO 18665 --- [/broker_0_data0] o.a.k.s.i.log.ProducerStateManager       : [ProducerStateManager partition=__consumer_offsets-20]Wrote producer snapshot at offset 4 with 0 producer ids in 0 ms.
[INFO] [stdout] 2026-04-20T08:35:26.140Z  INFO 18665 --- [/broker_0_data0] o.a.k.s.i.log.ProducerStateManager       : [ProducerStateManager partition=trader-updates-0]Wrote producer snapshot at offset 22 with 1 producer ids in 0 ms.
[INFO] [stdout] 2026-04-20T08:35:26.152Z  INFO 18665 --- [-kit-executor-4] kafka.log.LogManager                     : Shutdown complete.
[INFO] [stdout] 2026-04-20T08:35:26.152Z  INFO 18665 --- [-kit-executor-4] lientQuotaManager$ThrottledChannelReaper : [broker-0-ThrottledChannelReaper-Fetch]: Shutting down
[INFO] [stdout] 2026-04-20T08:35:26.154Z  INFO 18665 --- [nelReaper-Fetch] lientQuotaManager$ThrottledChannelReaper : [broker-0-ThrottledChannelReaper-Fetch]: Stopped
[INFO] [stdout] 2026-04-20T08:35:26.154Z  INFO 18665 --- [-kit-executor-4] lientQuotaManager$ThrottledChannelReaper : [broker-0-ThrottledChannelReaper-Fetch]: Shutdown completed
[INFO] [stdout] 2026-04-20T08:35:26.154Z  INFO 18665 --- [-kit-executor-4] lientQuotaManager$ThrottledChannelReaper : [broker-0-ThrottledChannelReaper-Produce]: Shutting down
[INFO] [stdout] 2026-04-20T08:35:26.154Z  INFO 18665 --- [-kit-executor-4] lientQuotaManager$ThrottledChannelReaper : [broker-0-ThrottledChannelReaper-Produce]: Shutdown completed
[INFO] [stdout] 2026-04-20T08:35:26.154Z  INFO 18665 --- [-kit-executor-4] lientQuotaManager$ThrottledChannelReaper : [broker-0-ThrottledChannelReaper-Request]: Shutting down
[INFO] [stdout] 2026-04-20T08:35:26.154Z  INFO 18665 --- [lReaper-Request] lientQuotaManager$ThrottledChannelReaper : [broker-0-ThrottledChannelReaper-Request]: Stopped
[INFO] [stdout] 2026-04-20T08:35:26.154Z  INFO 18665 --- [lReaper-Produce] lientQuotaManager$ThrottledChannelReaper : [broker-0-ThrottledChannelReaper-Produce]: Stopped
[INFO] [stdout] 2026-04-20T08:35:26.154Z  INFO 18665 --- [-kit-executor-4] lientQuotaManager$ThrottledChannelReaper : [broker-0-ThrottledChannelReaper-Request]: Shutdown completed
[INFO] [stdout] 2026-04-20T08:35:26.154Z  INFO 18665 --- [-kit-executor-4] lientQuotaManager$ThrottledChannelReaper : [broker-0-ThrottledChannelReaper-ControllerMutation]: Shutting down
[INFO] [stdout] 2026-04-20T08:35:26.154Z  INFO 18665 --- [trollerMutation] lientQuotaManager$ThrottledChannelReaper : [broker-0-ThrottledChannelReaper-ControllerMutation]: Stopped
[INFO] [stdout] 2026-04-20T08:35:26.154Z  INFO 18665 --- [-kit-executor-4] lientQuotaManager$ThrottledChannelReaper : [broker-0-ThrottledChannelReaper-ControllerMutation]: Shutdown completed
[INFO] [stdout] 2026-04-20T08:35:26.155Z  INFO 18665 --- [-kit-executor-4] kafka.network.SocketServer               : [SocketServer listenerType=BROKER, nodeId=0] Shutting down socket server
[INFO] [stdout] 2026-04-20T08:35:26.168Z  INFO 18665 --- [-kit-executor-4] kafka.network.SocketServer               : [SocketServer listenerType=BROKER, nodeId=0] Shutdown completed
[INFO] [stdout] 2026-04-20T08:35:26.169Z  INFO 18665 --- [-kit-executor-4] kafka.server.BrokerTopicStats            : Broker and topic stats closed
[INFO] [stdout] 2026-04-20T08:35:26.169Z  INFO 18665 --- [-kit-executor-4] org.apache.kafka.queue.KafkaEventQueue   : [BrokerLifecycleManager id=0] closed event queue.
[INFO] [stdout] 2026-04-20T08:35:26.170Z  INFO 18665 --- [-kit-executor-4] kafka.server.BrokerServer                : [BrokerServer id=0] shut down completed
[INFO] [stdout] 2026-04-20T08:35:26.170Z  INFO 18665 --- [-kit-executor-4] kafka.server.BrokerServer                : [BrokerServer id=0] Transition from SHUTTING_DOWN to SHUTDOWN
[INFO] [stdout] 2026-04-20T08:35:26.170Z  INFO 18665 --- [-kit-executor-4] kafka.server.ControllerServer            : [ControllerServer id=0] shutting down
[INFO] [stdout] 2026-04-20T08:35:26.171Z  INFO 18665 --- [-kit-executor-4] ExpirationService$ExpiredOperationReaper : [raft-expiration-reaper]: Shutting down
[INFO] [stdout] 2026-04-20T08:35:26.280Z  INFO 18665 --- [piration-reaper] ExpirationService$ExpiredOperationReaper : [raft-expiration-reaper]: Stopped
[INFO] [stdout] 2026-04-20T08:35:26.281Z  INFO 18665 --- [-kit-executor-4] ExpirationService$ExpiredOperationReaper : [raft-expiration-reaper]: Shutdown completed
[INFO] [stdout] 2026-04-20T08:35:26.281Z  INFO 18665 --- [-kit-executor-4] k.raft.KafkaRaftManager$RaftIoThread     : [kafka-0-raft-io-thread]: Shutting down
[INFO] [stdout] 2026-04-20T08:35:26.281Z  INFO 18665 --- [-kit-executor-4] org.apache.kafka.raft.KafkaRaftClient    : [RaftManager id=0] Beginning graceful shutdown
[INFO] [stdout] 2026-04-20T08:35:26.283Z  INFO 18665 --- [-raft-io-thread] org.apache.kafka.raft.KafkaRaftClient    : [RaftManager id=0] Graceful shutdown completed
[INFO] [stdout] 2026-04-20T08:35:26.283Z  INFO 18665 --- [-raft-io-thread] k.raft.KafkaRaftManager$RaftIoThread     : [kafka-0-raft-io-thread]: Completed graceful shutdown of RaftClient
[INFO] [stdout] 2026-04-20T08:35:26.283Z  INFO 18665 --- [-raft-io-thread] k.raft.KafkaRaftManager$RaftIoThread     : [kafka-0-raft-io-thread]: Stopped
[INFO] [stdout] 2026-04-20T08:35:26.283Z  INFO 18665 --- [-kit-executor-4] k.raft.KafkaRaftManager$RaftIoThread     : [kafka-0-raft-io-thread]: Shutdown completed
[INFO] [stdout] 2026-04-20T08:35:26.285Z  INFO 18665 --- [-kit-executor-4] kafka.raft.RaftSendThread                : [kafka-0-raft-outbound-request-thread]: Shutting down
[INFO] [stdout] 2026-04-20T08:35:26.286Z  INFO 18665 --- [-request-thread] kafka.raft.RaftSendThread                : [kafka-0-raft-outbound-request-thread]: Stopped
[INFO] [stdout] 2026-04-20T08:35:26.286Z  INFO 18665 --- [-kit-executor-4] kafka.raft.RaftSendThread                : [kafka-0-raft-outbound-request-thread]: Shutdown completed
[INFO] [stdout] 2026-04-20T08:35:26.288Z  INFO 18665 --- [-kit-executor-4] o.a.k.s.i.log.ProducerStateManager       : [ProducerStateManager partition=__cluster_metadata-0]Wrote producer snapshot at offset 137 with 0 producer ids in 2 ms.
[INFO] [stdout] 2026-04-20T08:35:26.290Z  INFO 18665 --- [-kit-executor-4] kafka.network.SocketServer               : [SocketServer listenerType=CONTROLLER, nodeId=0] Stopping socket server request processors
[INFO] [stdout] 2026-04-20T08:35:26.296Z  INFO 18665 --- [-kit-executor-4] kafka.network.SocketServer               : [SocketServer listenerType=CONTROLLER, nodeId=0] Stopped socket server request processors
[INFO] [stdout] 2026-04-20T08:35:26.297Z  INFO 18665 --- [-kit-executor-4] org.apache.kafka.queue.KafkaEventQueue   : [QuorumController id=0] QuorumController#beginShutdown: shutting down event queue.
[INFO] [stdout] 2026-04-20T08:35:26.297Z  INFO 18665 --- [-kit-executor-4] kafka.network.SocketServer               : [SocketServer listenerType=CONTROLLER, nodeId=0] Shutting down socket server
[INFO] [stdout] 2026-04-20T08:35:26.299Z  INFO 18665 --- [0-event-handler] o.a.kafka.controller.QuorumController    : [QuorumController id=0] writeNoOpRecord: event unable to start processing because of RejectedExecutionException (treated as TimeoutException).
[INFO] [stdout] 2026-04-20T08:35:26.300Z  INFO 18665 --- [0-event-handler] o.a.kafka.controller.QuorumController    : [QuorumController id=0] maybeBalancePartitionLeaders: event unable to start processing because of RejectedExecutionException (treated as TimeoutException).
[INFO] [stdout] 2026-04-20T08:35:26.308Z  INFO 18665 --- [-kit-executor-4] kafka.network.SocketServer               : [SocketServer listenerType=CONTROLLER, nodeId=0] Shutdown completed
[INFO] [stdout] 2026-04-20T08:35:26.308Z  INFO 18665 --- [-kit-executor-4] kafka.server.KafkaRequestHandlerPool     : [data-plane Kafka Request Handler on Broker 0], shutting down
[INFO] [stdout] 2026-04-20T08:35:26.309Z  INFO 18665 --- [-kit-executor-4] kafka.server.KafkaRequestHandlerPool     : [data-plane Kafka Request Handler on Broker 0], shut down completely
[INFO] [stdout] 2026-04-20T08:35:26.309Z  INFO 18665 --- [-kit-executor-4] perationPurgatory$ExpiredOperationReaper : [ExpirationReaper-0-AlterAcls]: Shutting down
[INFO] [stdout] 2026-04-20T08:35:26.310Z  INFO 18665 --- [per-0-AlterAcls] perationPurgatory$ExpiredOperationReaper : [ExpirationReaper-0-AlterAcls]: Stopped
[INFO] [stdout] 2026-04-20T08:35:26.310Z  INFO 18665 --- [-kit-executor-4] perationPurgatory$ExpiredOperationReaper : [ExpirationReaper-0-AlterAcls]: Shutdown completed
[INFO] [stdout] 2026-04-20T08:35:26.310Z  INFO 18665 --- [-kit-executor-4] lientQuotaManager$ThrottledChannelReaper : [controller-0-ThrottledChannelReaper-Fetch]: Shutting down
[INFO] [stdout] 2026-04-20T08:35:26.311Z  INFO 18665 --- [nelReaper-Fetch] lientQuotaManager$ThrottledChannelReaper : [controller-0-ThrottledChannelReaper-Fetch]: Stopped
[INFO] [stdout] 2026-04-20T08:35:26.311Z  INFO 18665 --- [-kit-executor-4] lientQuotaManager$ThrottledChannelReaper : [controller-0-ThrottledChannelReaper-Fetch]: Shutdown completed
[INFO] [stdout] 2026-04-20T08:35:26.311Z  INFO 18665 --- [-kit-executor-4] lientQuotaManager$ThrottledChannelReaper : [controller-0-ThrottledChannelReaper-Produce]: Shutting down
[INFO] [stdout] 2026-04-20T08:35:26.311Z  INFO 18665 --- [lReaper-Produce] lientQuotaManager$ThrottledChannelReaper : [controller-0-ThrottledChannelReaper-Produce]: Stopped
[INFO] [stdout] 2026-04-20T08:35:26.311Z  INFO 18665 --- [-kit-executor-4] lientQuotaManager$ThrottledChannelReaper : [controller-0-ThrottledChannelReaper-Produce]: Shutdown completed
[INFO] [stdout] 2026-04-20T08:35:26.311Z  INFO 18665 --- [-kit-executor-4] lientQuotaManager$ThrottledChannelReaper : [controller-0-ThrottledChannelReaper-Request]: Shutting down
[INFO] [stdout] 2026-04-20T08:35:26.311Z  INFO 18665 --- [lReaper-Request] lientQuotaManager$ThrottledChannelReaper : [controller-0-ThrottledChannelReaper-Request]: Stopped
[INFO] [stdout] 2026-04-20T08:35:26.311Z  INFO 18665 --- [-kit-executor-4] lientQuotaManager$ThrottledChannelReaper : [controller-0-ThrottledChannelReaper-Request]: Shutdown completed
[INFO] [stdout] 2026-04-20T08:35:26.311Z  INFO 18665 --- [-kit-executor-4] lientQuotaManager$ThrottledChannelReaper : [controller-0-ThrottledChannelReaper-ControllerMutation]: Shutting down
[INFO] [stdout] 2026-04-20T08:35:26.311Z  INFO 18665 --- [trollerMutation] lientQuotaManager$ThrottledChannelReaper : [controller-0-ThrottledChannelReaper-ControllerMutation]: Stopped
[INFO] [stdout] 2026-04-20T08:35:26.311Z  INFO 18665 --- [-kit-executor-4] lientQuotaManager$ThrottledChannelReaper : [controller-0-ThrottledChannelReaper-ControllerMutation]: Shutdown completed
[INFO] [stdout] 2026-04-20T08:35:26.311Z  INFO 18665 --- [-kit-executor-4] org.apache.kafka.queue.KafkaEventQueue   : [QuorumController id=0] closed event queue.
[INFO] [stdout] 2026-04-20T08:35:26.313Z  INFO 18665 --- [-kit-executor-4] kafka.server.SharedServer                : [SharedServer id=0] Stopping SharedServer
[INFO] [stdout] 2026-04-20T08:35:26.313Z  INFO 18665 --- [-kit-executor-4] org.apache.kafka.queue.KafkaEventQueue   : [MetadataLoader id=0] beginShutdown: shutting down event queue.
[INFO] [stdout] 2026-04-20T08:35:26.314Z  INFO 18665 --- [r-event-handler] org.apache.kafka.queue.KafkaEventQueue   : [SnapshotGenerator id=0] close: shutting down event queue.
[INFO] [stdout] 2026-04-20T08:35:26.314Z  INFO 18665 --- [r-event-handler] org.apache.kafka.queue.KafkaEventQueue   : [SnapshotGenerator id=0] closed event queue.
[INFO] [stdout] 2026-04-20T08:35:26.314Z  INFO 18665 --- [-kit-executor-4] org.apache.kafka.queue.KafkaEventQueue   : [MetadataLoader id=0] closed event queue.
[INFO] [stdout] 2026-04-20T08:35:26.315Z  INFO 18665 --- [-kit-executor-4] org.apache.kafka.queue.KafkaEventQueue   : [SnapshotGenerator id=0] closed event queue.
[INFO] [stdout] 2026-04-20T08:35:26.316Z  INFO 18665 --- [-kit-executor-4] o.apache.kafka.common.metrics.Metrics    : Metrics scheduler closed
[INFO] [stdout] 2026-04-20T08:35:26.316Z  INFO 18665 --- [-kit-executor-4] o.apache.kafka.common.metrics.Metrics    : Closing reporter org.apache.kafka.common.metrics.JmxReporter
[INFO] [stdout] 2026-04-20T08:35:26.316Z  INFO 18665 --- [-kit-executor-4] o.apache.kafka.common.metrics.Metrics    : Metrics reporters closed
[INFO] [stdout] 2026-04-20T08:35:26.316Z  INFO 18665 --- [-kit-executor-4] o.a.kafka.common.utils.AppInfoParser     : App info kafka.server for 0 unregistered
[INFO] [stdout] 2026-04-20T08:35:26.331Z  INFO 18665 --- [           main] j.LocalContainerEntityManagerFactoryBean : Closing JPA EntityManagerFactory for persistence unit 'default'
[INFO] [stdout] 2026-04-20T08:35:26.341Z  INFO 18665 --- [           main] com.zaxxer.hikari.HikariDataSource       : HikariPool-1 - Shutdown initiated...
[INFO] [stdout] 2026-04-20T08:35:26.345Z  INFO 18665 --- [           main] com.zaxxer.hikari.HikariDataSource       : HikariPool-1 - Shutdown completed.
[INFO] Tests run: 1, Failures: 0, Errors: 0, Skipped: 0, Time elapsed: 12.95 s -- in com.jpmc.midascore.TaskFiveTests
[INFO] 
[INFO] Results:
[INFO] 
[INFO] Tests run: 1, Failures: 0, Errors: 0, Skipped: 0
[INFO] 
[INFO] ------------------------------------------------------------------------
[INFO] BUILD SUCCESS
[INFO] ------------------------------------------------------------------------
[INFO] Total time:  17.075 s
[INFO] Finished at: 2026-04-20T08:35:26Z
[INFO] ------------------------------------------------------------------------
